Archive member included to satisfy reference by file (symbol)

/opt/stm32cubeide/plugins/com.st.stm32cube.ide.mcu.externaltools.gnu-tools-for-stm32.9-2020-q2-update.linux64_1.5.0.202011040924/tools/bin/../lib/gcc/arm-none-eabi/9.3.1/../../../../arm-none-eabi/lib/thumb/v7e-m+fp/hard/libc_nano.a(lib_a-errno.o)
                              Core/Src/syscalls.o (__errno)
/opt/stm32cubeide/plugins/com.st.stm32cube.ide.mcu.externaltools.gnu-tools-for-stm32.9-2020-q2-update.linux64_1.5.0.202011040924/tools/bin/../lib/gcc/arm-none-eabi/9.3.1/../../../../arm-none-eabi/lib/thumb/v7e-m+fp/hard/libc_nano.a(lib_a-exit.o)
                              /opt/stm32cubeide/plugins/com.st.stm32cube.ide.mcu.externaltools.gnu-tools-for-stm32.9-2020-q2-update.linux64_1.5.0.202011040924/tools/bin/../lib/gcc/arm-none-eabi/9.3.1/../../../../arm-none-eabi/lib/thumb/v7e-m+fp/hard/crt0.o (exit)
/opt/stm32cubeide/plugins/com.st.stm32cube.ide.mcu.externaltools.gnu-tools-for-stm32.9-2020-q2-update.linux64_1.5.0.202011040924/tools/bin/../lib/gcc/arm-none-eabi/9.3.1/../../../../arm-none-eabi/lib/thumb/v7e-m+fp/hard/libc_nano.a(lib_a-impure.o)
                              /opt/stm32cubeide/plugins/com.st.stm32cube.ide.mcu.externaltools.gnu-tools-for-stm32.9-2020-q2-update.linux64_1.5.0.202011040924/tools/bin/../lib/gcc/arm-none-eabi/9.3.1/../../../../arm-none-eabi/lib/thumb/v7e-m+fp/hard/libc_nano.a(lib_a-exit.o) (_global_impure_ptr)
/opt/stm32cubeide/plugins/com.st.stm32cube.ide.mcu.externaltools.gnu-tools-for-stm32.9-2020-q2-update.linux64_1.5.0.202011040924/tools/bin/../lib/gcc/arm-none-eabi/9.3.1/../../../../arm-none-eabi/lib/thumb/v7e-m+fp/hard/libc_nano.a(lib_a-init.o)
                              /opt/stm32cubeide/plugins/com.st.stm32cube.ide.mcu.externaltools.gnu-tools-for-stm32.9-2020-q2-update.linux64_1.5.0.202011040924/tools/bin/../lib/gcc/arm-none-eabi/9.3.1/../../../../arm-none-eabi/lib/thumb/v7e-m+fp/hard/crt0.o (__libc_init_array)
/opt/stm32cubeide/plugins/com.st.stm32cube.ide.mcu.externaltools.gnu-tools-for-stm32.9-2020-q2-update.linux64_1.5.0.202011040924/tools/bin/../lib/gcc/arm-none-eabi/9.3.1/../../../../arm-none-eabi/lib/thumb/v7e-m+fp/hard/libc_nano.a(lib_a-memcpy-stub.o)
                              Middlewares/ST/BlueNRG-MS/hci/controller/bluenrg_gap_aci.o (memcpy)
/opt/stm32cubeide/plugins/com.st.stm32cube.ide.mcu.externaltools.gnu-tools-for-stm32.9-2020-q2-update.linux64_1.5.0.202011040924/tools/bin/../lib/gcc/arm-none-eabi/9.3.1/../../../../arm-none-eabi/lib/thumb/v7e-m+fp/hard/libc_nano.a(lib_a-memset.o)
                              /opt/stm32cubeide/plugins/com.st.stm32cube.ide.mcu.externaltools.gnu-tools-for-stm32.9-2020-q2-update.linux64_1.5.0.202011040924/tools/bin/../lib/gcc/arm-none-eabi/9.3.1/../../../../arm-none-eabi/lib/thumb/v7e-m+fp/hard/crt0.o (memset)

Allocating common symbols
Common symbol       size              file

hi2c3               0x4c              Core/Src/main.o
sx1508b_comm        0x8               Drivers/sx1508b/sx1508b.o
hspi2               0x64              Core/Src/main.o
max30102_configs    0xc               Core/Src/main.o
hciReadPktPool      0x8               Middlewares/ST/BlueNRG-MS/hci/hci_tl_patterns/Basic/hci_tl.o
uwTick              0x4               Drivers/STM32L4xx_HAL_Driver/Src/stm32l4xx_hal.o
max30102_comm       0xc               Drivers/max30102/max30102.o
hexti5              0x8               BlueNRG_MS/Target/hci_tl_interface.o
hspi1               0x64              Core/Src/custom_bus.o
sx1508b_configs     0x8               Core/Src/main.o
hciReadPktRxQueue   0x8               Middlewares/ST/BlueNRG-MS/hci/hci_tl_patterns/Basic/hci_tl.o

Discarded input sections

 .text          0x0000000000000000        0x0 /opt/stm32cubeide/plugins/com.st.stm32cube.ide.mcu.externaltools.gnu-tools-for-stm32.9-2020-q2-update.linux64_1.5.0.202011040924/tools/bin/../lib/gcc/arm-none-eabi/9.3.1/thumb/v7e-m+fp/hard/crti.o
 .data          0x0000000000000000        0x0 /opt/stm32cubeide/plugins/com.st.stm32cube.ide.mcu.externaltools.gnu-tools-for-stm32.9-2020-q2-update.linux64_1.5.0.202011040924/tools/bin/../lib/gcc/arm-none-eabi/9.3.1/thumb/v7e-m+fp/hard/crti.o
 .bss           0x0000000000000000        0x0 /opt/stm32cubeide/plugins/com.st.stm32cube.ide.mcu.externaltools.gnu-tools-for-stm32.9-2020-q2-update.linux64_1.5.0.202011040924/tools/bin/../lib/gcc/arm-none-eabi/9.3.1/thumb/v7e-m+fp/hard/crti.o
 .data          0x0000000000000000        0x4 /opt/stm32cubeide/plugins/com.st.stm32cube.ide.mcu.externaltools.gnu-tools-for-stm32.9-2020-q2-update.linux64_1.5.0.202011040924/tools/bin/../lib/gcc/arm-none-eabi/9.3.1/thumb/v7e-m+fp/hard/crtbegin.o
 .text          0x0000000000000000       0x7c /opt/stm32cubeide/plugins/com.st.stm32cube.ide.mcu.externaltools.gnu-tools-for-stm32.9-2020-q2-update.linux64_1.5.0.202011040924/tools/bin/../lib/gcc/arm-none-eabi/9.3.1/../../../../arm-none-eabi/lib/thumb/v7e-m+fp/hard/crt0.o
[...]
Memory Configuration

Name             Origin             Length             Attributes
RAM              0x0000000020000000 0x0000000000018000 xrw
RAM2             0x0000000010000000 0x0000000000008000 xrw
FLASH            0x0000000008000000 0x0000000000100000 xr
*default*        0x0000000000000000 0xffffffffffffffff

Linker script and memory map

LOAD /opt/stm32cubeide/plugins/com.st.stm32cube.ide.mcu.externaltools.gnu-tools-for-stm32.9-2020-q2-update.linux64_1.5.0.202011040924/tools/bin/../lib/gcc/arm-none-eabi/9.3.1/thumb/v7e-m+fp/hard/crti.o
LOAD /opt/stm32cubeide/plugins/com.st.stm32cube.ide.mcu.externaltools.gnu-tools-for-stm32.9-2020-q2-update.linux64_1.5.0.202011040924/tools/bin/../lib/gcc/arm-none-eabi/9.3.1/thumb/v7e-m+fp/hard/crtbegin.o
LOAD /opt/stm32cubeide/plugins/com.st.stm32cube.ide.mcu.externaltools.gnu-tools-for-stm32.9-2020-q2-update.linux64_1.5.0.202011040924/tools/bin/../lib/gcc/arm-none-eabi/9.3.1/../../../../arm-none-eabi/lib/thumb/v7e-m+fp/hard/crt0.o
LOAD BlueNRG_MS/Target/hci_tl_interface.o
LOAD Core/Src/custom_bus.o
LOAD Core/Src/main.o
LOAD Core/Src/stm32l4xx_hal_msp.o
LOAD Core/Src/stm32l4xx_it.o
LOAD Core/Src/syscalls.o
LOAD Core/Src/sysmem.o
LOAD Core/Src/system_stm32l4xx.o
LOAD Core/Startup/startup_stm32l476jgyx.o
LOAD Drivers/STM32L4xx_HAL_Driver/Src/stm32l4xx_hal.o
LOAD Drivers/STM32L4xx_HAL_Driver/Src/stm32l4xx_hal_cortex.o
LOAD Drivers/STM32L4xx_HAL_Driver/Src/stm32l4xx_hal_dma.o
LOAD Drivers/STM32L4xx_HAL_Driver/Src/stm32l4xx_hal_dma_ex.o
LOAD Drivers/STM32L4xx_HAL_Driver/Src/stm32l4xx_hal_exti.o
LOAD Drivers/STM32L4xx_HAL_Driver/Src/stm32l4xx_hal_flash.o
LOAD Drivers/STM32L4xx_HAL_Driver/Src/stm32l4xx_hal_flash_ex.o
LOAD Drivers/STM32L4xx_HAL_Driver/Src/stm32l4xx_hal_flash_ramfunc.o
LOAD Drivers/STM32L4xx_HAL_Driver/Src/stm32l4xx_hal_gpio.o
LOAD Drivers/STM32L4xx_HAL_Driver/Src/stm32l4xx_hal_i2c.o
LOAD Drivers/STM32L4xx_HAL_Driver/Src/stm32l4xx_hal_i2c_ex.o
LOAD Drivers/STM32L4xx_HAL_Driver/Src/stm32l4xx_hal_pwr.o
LOAD Drivers/STM32L4xx_HAL_Driver/Src/stm32l4xx_hal_pwr_ex.o
LOAD Drivers/STM32L4xx_HAL_Driver/Src/stm32l4xx_hal_rcc.o
LOAD Drivers/STM32L4xx_HAL_Driver/Src/stm32l4xx_hal_rcc_ex.o
LOAD Drivers/STM32L4xx_HAL_Driver/Src/stm32l4xx_hal_spi.o
LOAD Drivers/STM32L4xx_HAL_Driver/Src/stm32l4xx_hal_spi_ex.o
LOAD Drivers/STM32L4xx_HAL_Driver/Src/stm32l4xx_hal_tim.o
LOAD Drivers/STM32L4xx_HAL_Driver/Src/stm32l4xx_hal_tim_ex.o
LOAD Drivers/max30102/max30102.o
LOAD Drivers/sx1508b/sx1508b.o
LOAD Drivers/sx1508b/sx1508b_core.o
LOAD Middlewares/ST/BlueNRG-MS/hci/controller/bluenrg_gap_aci.o
LOAD Middlewares/ST/BlueNRG-MS/hci/controller/bluenrg_gatt_aci.o
LOAD Middlewares/ST/BlueNRG-MS/hci/controller/bluenrg_hal_aci.o
LOAD Middlewares/ST/BlueNRG-MS/hci/controller/bluenrg_l2cap_aci.o
LOAD Middlewares/ST/BlueNRG-MS/hci/controller/bluenrg_updater_aci.o
LOAD Middlewares/ST/BlueNRG-MS/hci/controller/bluenrg_utils_small.o
LOAD Middlewares/ST/BlueNRG-MS/hci/hci_le.o
LOAD Middlewares/ST/BlueNRG-MS/hci/hci_tl_patterns/Basic/hci_tl.o
LOAD Middlewares/ST/BlueNRG-MS/utils/ble_list.o
START GROUP
LOAD /opt/stm32cubeide/plugins/com.st.stm32cube.ide.mcu.externaltools.gnu-tools-for-stm32.9-2020-q2-update.linux64_1.5.0.202011040924/tools/bin/../lib/gcc/arm-none-eabi/9.3.1/../../../../arm-none-eabi/lib/thumb/v7e-m+fp/hard/libc_nano.a
LOAD /opt/stm32cubeide/plugins/com.st.stm32cube.ide.mcu.externaltools.gnu-tools-for-stm32.9-2020-q2-update.linux64_1.5.0.202011040924/tools/bin/../lib/gcc/arm-none-eabi/9.3.1/../../../../arm-none-eabi/lib/thumb/v7e-m+fp/hard/libm.a
END GROUP
START GROUP
LOAD /opt/stm32cubeide/plugins/com.st.stm32cube.ide.mcu.externaltools.gnu-tools-for-stm32.9-2020-q2-update.linux64_1.5.0.202011040924/tools/bin/../lib/gcc/arm-none-eabi/9.3.1/thumb/v7e-m+fp/hard/libgcc.a
LOAD /opt/stm32cubeide/plugins/com.st.stm32cube.ide.mcu.externaltools.gnu-tools-for-stm32.9-2020-q2-update.linux64_1.5.0.202011040924/tools/bin/../lib/gcc/arm-none-eabi/9.3.1/../../../../arm-none-eabi/lib/thumb/v7e-m+fp/hard/libc_nano.a
END GROUP
START GROUP
LOAD /opt/stm32cubeide/plugins/com.st.stm32cube.ide.mcu.externaltools.gnu-tools-for-stm32.9-2020-q2-update.linux64_1.5.0.202011040924/tools/bin/../lib/gcc/arm-none-eabi/9.3.1/thumb/v7e-m+fp/hard/libgcc.a
LOAD /opt/stm32cubeide/plugins/com.st.stm32cube.ide.mcu.externaltools.gnu-tools-for-stm32.9-2020-q2-update.linux64_1.5.0.202011040924/tools/bin/../lib/gcc/arm-none-eabi/9.3.1/../../../../arm-none-eabi/lib/thumb/v7e-m+fp/hard/libc_nano.a
LOAD /opt/stm32cubeide/plugins/com.st.stm32cube.ide.mcu.externaltools.gnu-tools-for-stm32.9-2020-q2-update.linux64_1.5.0.202011040924/tools/bin/../lib/gcc/arm-none-eabi/9.3.1/../../../../arm-none-eabi/lib/thumb/v7e-m+fp/hard/libnosys.a
END GROUP
START GROUP
LOAD /opt/stm32cubeide/plugins/com.st.stm32cube.ide.mcu.externaltools.gnu-tools-for-stm32.9-2020-q2-update.linux64_1.5.0.202011040924/tools/bin/../lib/gcc/arm-none-eabi/9.3.1/thumb/v7e-m+fp/hard/libgcc.a
LOAD /opt/stm32cubeide/plugins/com.st.stm32cube.ide.mcu.externaltools.gnu-tools-for-stm32.9-2020-q2-update.linux64_1.5.0.202011040924/tools/bin/../lib/gcc/arm-none-eabi/9.3.1/../../../../arm-none-eabi/lib/thumb/v7e-m+fp/hard/libc_nano.a
LOAD /opt/stm32cubeide/plugins/com.st.stm32cube.ide.mcu.externaltools.gnu-tools-for-stm32.9-2020-q2-update.linux64_1.5.0.202011040924/tools/bin/../lib/gcc/arm-none-eabi/9.3.1/../../../../arm-none-eabi/lib/thumb/v7e-m+fp/hard/libnosys.a
END GROUP
LOAD /opt/stm32cubeide/plugins/com.st.stm32cube.ide.mcu.externaltools.gnu-tools-for-stm32.9-2020-q2-update.linux64_1.5.0.202011040924/tools/bin/../lib/gcc/arm-none-eabi/9.3.1/thumb/v7e-m+fp/hard/crtend.o
LOAD /opt/stm32cubeide/plugins/com.st.stm32cube.ide.mcu.externaltools.gnu-tools-for-stm32.9-2020-q2-update.linux64_1.5.0.202011040924/tools/bin/../lib/gcc/arm-none-eabi/9.3.1/thumb/v7e-m+fp/hard/crtn.o
                0x0000000020018000                _estack = (ORIGIN (RAM) + LENGTH (RAM))
                0x0000000000000200                _Min_Heap_Size = 0x200
                0x0000000000000400                _Min_Stack_Size = 0x400

.isr_vector     0x0000000008000000      0x188
                0x0000000008000000                . = ALIGN (0x4)
 *(.isr_vector)
 .isr_vector    0x0000000008000000      0x188 Core/Startup/startup_stm32l476jgyx.o
                0x0000000008000000                g_pfnVectors
                0x0000000008000188                . = ALIGN (0x4)

.text           0x0000000008000188     0x33fc
                0x0000000008000188                . = ALIGN (0x4)
 *(.text)
 .text          0x0000000008000188       0x40 /opt/stm32cubeide/plugins/com.st.stm32cube.ide.mcu.externaltools.gnu-tools-for-stm32.9-2020-q2-update.linux64_1.5.0.202011040924/tools/bin/../lib/gcc/arm-none-eabi/9.3.1/thumb/v7e-m+fp/hard/crtbegin.o
 *(.text*)
 .text.main     0x00000000080001c8       0xb0 Core/Src/main.o
                0x00000000080001c8                main
 .text.SystemClock_Config
                0x0000000008000278       0xf0 Core/Src/main.o
                0x0000000008000278                SystemClock_Config
 .text.MX_I2C3_Init
                0x0000000008000368       0x80 Core/Src/main.o
 .text.MX_SPI2_Init
                0x00000000080003e8       0x7c Core/Src/main.o
 .text.MX_GPIO_Init
                0x0000000008000464      0x1bc Core/Src/main.o
 .text.flashLED
                0x0000000008000620       0x34 Core/Src/main.o
                0x0000000008000620                flashLED
 .text.sx1508b_configure
                0x0000000008000654       0x1e Core/Src/main.o
                0x0000000008000654                sx1508b_configure
 *fill*         0x0000000008000672        0x2 
 .text.i2c_read
                0x0000000008000674       0x4c Core/Src/main.o
                0x0000000008000674                i2c_read
 .text.i2c_write
                0x00000000080006c0       0x4c Core/Src/main.o
                0x00000000080006c0                i2c_write
 .text.max30102_read
                0x000000000800070c       0x2c Core/Src/main.o
                0x000000000800070c                max30102_read
 .text.max30102_readInterruptPin
                0x0000000008000738       0x24 Core/Src/main.o
                0x0000000008000738                max30102_readInterruptPin
 .text.max30102_write
                0x000000000800075c       0x2c Core/Src/main.o
                0x000000000800075c                max30102_write
 .text.sx1508b_read
                0x0000000008000788       0x2c Core/Src/main.o
                0x0000000008000788                sx1508b_read
 .text.sx1508b_write
                0x00000000080007b4       0x2c Core/Src/main.o
                0x00000000080007b4                sx1508b_write
 .text.Error_Handler
                0x00000000080007e0        0xa Core/Src/main.o
                0x00000000080007e0                Error_Handler
 *fill*         0x00000000080007ea        0x2 
 .text.HAL_MspInit
                0x00000000080007ec       0x48 Core/Src/stm32l4xx_hal_msp.o
                0x00000000080007ec                HAL_MspInit
 .text.HAL_I2C_MspInit
                0x0000000008000834       0x88 Core/Src/stm32l4xx_hal_msp.o
                0x0000000008000834                HAL_I2C_MspInit
 .text.HAL_SPI_MspInit
                0x00000000080008bc       0x88 Core/Src/stm32l4xx_hal_msp.o
                0x00000000080008bc                HAL_SPI_MspInit
 .text.NMI_Handler
                0x0000000008000944        0x6 Core/Src/stm32l4xx_it.o
                0x0000000008000944                NMI_Handler
 .text.HardFault_Handler
                0x000000000800094a        0x6 Core/Src/stm32l4xx_it.o
                0x000000000800094a                HardFault_Handler
 .text.MemManage_Handler
                0x0000000008000950        0x6 Core/Src/stm32l4xx_it.o
                0x0000000008000950                MemManage_Handler
 .text.BusFault_Handler
                0x0000000008000956        0x6 Core/Src/stm32l4xx_it.o
                0x0000000008000956                BusFault_Handler
 .text.UsageFault_Handler
                0x000000000800095c        0x6 Core/Src/stm32l4xx_it.o
                0x000000000800095c                UsageFault_Handler
 .text.SVC_Handler
                0x0000000008000962        0xe Core/Src/stm32l4xx_it.o
                0x0000000008000962                SVC_Handler
 .text.DebugMon_Handler
                0x0000000008000970        0xe Core/Src/stm32l4xx_it.o
                0x0000000008000970                DebugMon_Handler
 .text.PendSV_Handler
                0x000000000800097e        0xe Core/Src/stm32l4xx_it.o
                0x000000000800097e                PendSV_Handler
 .text.SysTick_Handler
                0x000000000800098c        0xc Core/Src/stm32l4xx_it.o
                0x000000000800098c                SysTick_Handler
 .text.EXTI9_5_IRQHandler
                0x0000000008000998       0x14 Core/Src/stm32l4xx_it.o
                0x0000000008000998                EXTI9_5_IRQHandler
 .text.SystemInit
                0x00000000080009ac       0x64 Core/Src/system_stm32l4xx.o
                0x00000000080009ac                SystemInit
 .text.Reset_Handler
                0x0000000008000a10       0x50 Core/Startup/startup_stm32l476jgyx.o
                0x0000000008000a10                Reset_Handler
 .text.Default_Handler
                0x0000000008000a60        0x2 Core/Startup/startup_stm32l476jgyx.o
                0x0000000008000a60                RTC_Alarm_IRQHandler
                0x0000000008000a60                EXTI2_IRQHandler
                0x0000000008000a60                TIM8_TRG_COM_IRQHandler
                0x0000000008000a60                TIM8_CC_IRQHandler
                0x0000000008000a60                TIM1_CC_IRQHandler
                0x0000000008000a60                TSC_IRQHandler
                0x0000000008000a60                TAMP_STAMP_IRQHandler
                0x0000000008000a60                EXTI3_IRQHandler
                0x0000000008000a60                LPTIM2_IRQHandler
                0x0000000008000a60                DFSDM1_FLT1_IRQHandler
                0x0000000008000a60                I2C3_ER_IRQHandler
                0x0000000008000a60                DFSDM1_FLT2_IRQHandler
                0x0000000008000a60                EXTI0_IRQHandler
                0x0000000008000a60                I2C2_EV_IRQHandler
                0x0000000008000a60                CAN1_RX0_IRQHandler
                0x0000000008000a60                FPU_IRQHandler
                0x0000000008000a60                TIM1_UP_TIM16_IRQHandler
                0x0000000008000a60                ADC1_2_IRQHandler
                0x0000000008000a60                SPI1_IRQHandler
                0x0000000008000a60                TIM6_DAC_IRQHandler
                0x0000000008000a60                TIM8_UP_IRQHandler
                0x0000000008000a60                DMA2_Channel2_IRQHandler
                0x0000000008000a60                DMA1_Channel4_IRQHandler
                0x0000000008000a60                SAI2_IRQHandler
                0x0000000008000a60                DFSDM1_FLT3_IRQHandler
                0x0000000008000a60                USART3_IRQHandler
                0x0000000008000a60                DMA1_Channel7_IRQHandler
                0x0000000008000a60                CAN1_RX1_IRQHandler
                0x0000000008000a60                LCD_IRQHandler
                0x0000000008000a60                UART5_IRQHandler
                0x0000000008000a60                ADC3_IRQHandler
                0x0000000008000a60                TIM4_IRQHandler
                0x0000000008000a60                DMA2_Channel1_IRQHandler
                0x0000000008000a60                QUADSPI_IRQHandler
                0x0000000008000a60                I2C1_EV_IRQHandler
                0x0000000008000a60                DMA1_Channel6_IRQHandler
                0x0000000008000a60                UART4_IRQHandler
                0x0000000008000a60                DMA2_Channel4_IRQHandler
                0x0000000008000a60                TIM3_IRQHandler
                0x0000000008000a60                RCC_IRQHandler
                0x0000000008000a60                DMA1_Channel1_IRQHandler
                0x0000000008000a60                Default_Handler
                0x0000000008000a60                DMA2_Channel7_IRQHandler
                0x0000000008000a60                EXTI15_10_IRQHandler
                0x0000000008000a60                TIM7_IRQHandler
                0x0000000008000a60                SDMMC1_IRQHandler
                0x0000000008000a60                TIM5_IRQHandler
                0x0000000008000a60                I2C3_EV_IRQHandler
                0x0000000008000a60                RTC_WKUP_IRQHandler
                0x0000000008000a60                PVD_PVM_IRQHandler
                0x0000000008000a60                SPI2_IRQHandler
                0x0000000008000a60                CAN1_TX_IRQHandler
                0x0000000008000a60                DMA2_Channel5_IRQHandler
                0x0000000008000a60                DMA1_Channel5_IRQHandler
                0x0000000008000a60                EXTI4_IRQHandler
                0x0000000008000a60                RNG_IRQHandler
                0x0000000008000a60                TIM1_TRG_COM_TIM17_IRQHandler
                0x0000000008000a60                DMA1_Channel3_IRQHandler
                0x0000000008000a60                COMP_IRQHandler
                0x0000000008000a60                WWDG_IRQHandler
                0x0000000008000a60                LPUART1_IRQHandler
                0x0000000008000a60                DMA2_Channel6_IRQHandler
                0x0000000008000a60                TIM2_IRQHandler
                0x0000000008000a60                EXTI1_IRQHandler
                0x0000000008000a60                USART2_IRQHandler
                0x0000000008000a60                DFSDM1_FLT0_IRQHandler
                0x0000000008000a60                I2C2_ER_IRQHandler
                0x0000000008000a60                DMA1_Channel2_IRQHandler
                0x0000000008000a60                TIM8_BRK_IRQHandler
                0x0000000008000a60                CAN1_SCE_IRQHandler
                0x0000000008000a60                FLASH_IRQHandler
                0x0000000008000a60                USART1_IRQHandler
                0x0000000008000a60                OTG_FS_IRQHandler
                0x0000000008000a60                SPI3_IRQHandler
                0x0000000008000a60                I2C1_ER_IRQHandler
                0x0000000008000a60                FMC_IRQHandler
                0x0000000008000a60                SWPMI1_IRQHandler
                0x0000000008000a60                LPTIM1_IRQHandler
                0x0000000008000a60                SAI1_IRQHandler
                0x0000000008000a60                DMA2_Channel3_IRQHandler
                0x0000000008000a60                TIM1_BRK_TIM15_IRQHandler
 .text.HAL_Init
                0x0000000008000a62       0x30 Drivers/STM32L4xx_HAL_Driver/Src/stm32l4xx_hal.o
                0x0000000008000a62                HAL_Init
 *fill*         0x0000000008000a92        0x2 
 .text.HAL_InitTick
                0x0000000008000a94       0x78 Drivers/STM32L4xx_HAL_Driver/Src/stm32l4xx_hal.o
                0x0000000008000a94                HAL_InitTick
 .text.HAL_IncTick
                0x0000000008000b0c       0x28 Drivers/STM32L4xx_HAL_Driver/Src/stm32l4xx_hal.o
                0x0000000008000b0c                HAL_IncTick
 .text.HAL_GetTick
                0x0000000008000b34       0x18 Drivers/STM32L4xx_HAL_Driver/Src/stm32l4xx_hal.o
                0x0000000008000b34                HAL_GetTick
 .text.HAL_Delay
                0x0000000008000b4c       0x48 Drivers/STM32L4xx_HAL_Driver/Src/stm32l4xx_hal.o
                0x0000000008000b4c                HAL_Delay
 .text.__NVIC_SetPriorityGrouping
                0x0000000008000b94       0x48 Drivers/STM32L4xx_HAL_Driver/Src/stm32l4xx_hal_cortex.o
 .text.__NVIC_GetPriorityGrouping
                0x0000000008000bdc       0x1c Drivers/STM32L4xx_HAL_Driver/Src/stm32l4xx_hal_cortex.o
 .text.__NVIC_EnableIRQ
                0x0000000008000bf8       0x3c Drivers/STM32L4xx_HAL_Driver/Src/stm32l4xx_hal_cortex.o
 .text.__NVIC_SetPriority
                0x0000000008000c34       0x54 Drivers/STM32L4xx_HAL_Driver/Src/stm32l4xx_hal_cortex.o
 .text.NVIC_EncodePriority
                0x0000000008000c88       0x66 Drivers/STM32L4xx_HAL_Driver/Src/stm32l4xx_hal_cortex.o
 *fill*         0x0000000008000cee        0x2 
 .text.SysTick_Config
                0x0000000008000cf0       0x44 Drivers/STM32L4xx_HAL_Driver/Src/stm32l4xx_hal_cortex.o
 .text.HAL_NVIC_SetPriorityGrouping
                0x0000000008000d34       0x16 Drivers/STM32L4xx_HAL_Driver/Src/stm32l4xx_hal_cortex.o
                0x0000000008000d34                HAL_NVIC_SetPriorityGrouping
 .text.HAL_NVIC_SetPriority
                0x0000000008000d4a       0x38 Drivers/STM32L4xx_HAL_Driver/Src/stm32l4xx_hal_cortex.o
                0x0000000008000d4a                HAL_NVIC_SetPriority
 .text.HAL_NVIC_EnableIRQ
                0x0000000008000d82       0x1c Drivers/STM32L4xx_HAL_Driver/Src/stm32l4xx_hal_cortex.o
                0x0000000008000d82                HAL_NVIC_EnableIRQ
 .text.HAL_SYSTICK_Config
                0x0000000008000d9e       0x18 Drivers/STM32L4xx_HAL_Driver/Src/stm32l4xx_hal_cortex.o
                0x0000000008000d9e                HAL_SYSTICK_Config
 *fill*         0x0000000008000db6        0x2 
 .text.HAL_EXTI_IRQHandler
                0x0000000008000db8       0x60 Drivers/STM32L4xx_HAL_Driver/Src/stm32l4xx_hal_exti.o
                0x0000000008000db8                HAL_EXTI_IRQHandler
 .text.HAL_GPIO_Init
                0x0000000008000e18      0x354 Drivers/STM32L4xx_HAL_Driver/Src/stm32l4xx_hal_gpio.o
                0x0000000008000e18                HAL_GPIO_Init
 .text.HAL_GPIO_WritePin
                0x000000000800116c       0x30 Drivers/STM32L4xx_HAL_Driver/Src/stm32l4xx_hal_gpio.o
                0x000000000800116c                HAL_GPIO_WritePin
 .text.HAL_I2C_Init
                0x000000000800119c      0x11e Drivers/STM32L4xx_HAL_Driver/Src/stm32l4xx_hal_i2c.o
                0x000000000800119c                HAL_I2C_Init
 *fill*         0x00000000080012ba        0x2 
 .text.HAL_I2C_Mem_Write
                0x00000000080012bc      0x228 Drivers/STM32L4xx_HAL_Driver/Src/stm32l4xx_hal_i2c.o
                0x00000000080012bc                HAL_I2C_Mem_Write
 .text.HAL_I2C_Mem_Read
                0x00000000080014e4      0x234 Drivers/STM32L4xx_HAL_Driver/Src/stm32l4xx_hal_i2c.o
                0x00000000080014e4                HAL_I2C_Mem_Read
 .text.I2C_RequestMemoryWrite
                0x0000000008001718       0xa8 Drivers/STM32L4xx_HAL_Driver/Src/stm32l4xx_hal_i2c.o
 .text.I2C_RequestMemoryRead
                0x00000000080017c0       0xa8 Drivers/STM32L4xx_HAL_Driver/Src/stm32l4xx_hal_i2c.o
 .text.I2C_Flush_TXDR
                0x0000000008001868       0x48 Drivers/STM32L4xx_HAL_Driver/Src/stm32l4xx_hal_i2c.o
 .text.I2C_WaitOnFlagUntilTimeout
                0x00000000080018b0       0x80 Drivers/STM32L4xx_HAL_Driver/Src/stm32l4xx_hal_i2c.o
 .text.I2C_WaitOnTXISFlagUntilTimeout
                0x0000000008001930       0x80 Drivers/STM32L4xx_HAL_Driver/Src/stm32l4xx_hal_i2c.o
 .text.I2C_WaitOnSTOPFlagUntilTimeout
                0x00000000080019b0       0x78 Drivers/STM32L4xx_HAL_Driver/Src/stm32l4xx_hal_i2c.o
 .text.I2C_IsAcknowledgeFailed
                0x0000000008001a28       0xcc Drivers/STM32L4xx_HAL_Driver/Src/stm32l4xx_hal_i2c.o
 .text.I2C_TransferConfig
                0x0000000008001af4       0x5c Drivers/STM32L4xx_HAL_Driver/Src/stm32l4xx_hal_i2c.o
 .text.HAL_I2CEx_ConfigAnalogFilter
                0x0000000008001b50       0x96 Drivers/STM32L4xx_HAL_Driver/Src/stm32l4xx_hal_i2c_ex.o
                0x0000000008001b50                HAL_I2CEx_ConfigAnalogFilter
 .text.HAL_I2CEx_ConfigDigitalFilter
                0x0000000008001be6       0x98 Drivers/STM32L4xx_HAL_Driver/Src/stm32l4xx_hal_i2c_ex.o
                0x0000000008001be6                HAL_I2CEx_ConfigDigitalFilter
 *fill*         0x0000000008001c7e        0x2 
 .text.HAL_PWREx_GetVoltageRange
                0x0000000008001c80       0x1c Drivers/STM32L4xx_HAL_Driver/Src/stm32l4xx_hal_pwr_ex.o
                0x0000000008001c80                HAL_PWREx_GetVoltageRange
 .text.HAL_PWREx_ControlVoltageScaling
                0x0000000008001c9c       0xac Drivers/STM32L4xx_HAL_Driver/Src/stm32l4xx_hal_pwr_ex.o
                0x0000000008001c9c                HAL_PWREx_ControlVoltageScaling
 .text.HAL_PWREx_EnableVddIO2
                0x0000000008001d48       0x20 Drivers/STM32L4xx_HAL_Driver/Src/stm32l4xx_hal_pwr_ex.o
                0x0000000008001d48                HAL_PWREx_EnableVddIO2
 .text.HAL_RCC_OscConfig
                0x0000000008001d68      0x7cc Drivers/STM32L4xx_HAL_Driver/Src/stm32l4xx_hal_rcc.o
                0x0000000008001d68                HAL_RCC_OscConfig
 .text.HAL_RCC_ClockConfig
                0x0000000008002534      0x1c4 Drivers/STM32L4xx_HAL_Driver/Src/stm32l4xx_hal_rcc.o
                0x0000000008002534                HAL_RCC_ClockConfig
 .text.HAL_RCC_GetSysClockFreq
                0x00000000080026f8      0x118 Drivers/STM32L4xx_HAL_Driver/Src/stm32l4xx_hal_rcc.o
                0x00000000080026f8                HAL_RCC_GetSysClockFreq
 .text.RCC_SetFlashLatencyFromMSIRange
                0x0000000008002810       0xc0 Drivers/STM32L4xx_HAL_Driver/Src/stm32l4xx_hal_rcc.o
 .text.HAL_RCCEx_PeriphCLKConfig
                0x00000000080028d0      0x5d4 Drivers/STM32L4xx_HAL_Driver/Src/stm32l4xx_hal_rcc_ex.o
                0x00000000080028d0                HAL_RCCEx_PeriphCLKConfig
 .text.RCCEx_PLLSAI1_Config
                0x0000000008002ea4      0x1e8 Drivers/STM32L4xx_HAL_Driver/Src/stm32l4xx_hal_rcc_ex.o
 .text.RCCEx_PLLSAI2_Config
                0x000000000800308c      0x1bc Drivers/STM32L4xx_HAL_Driver/Src/stm32l4xx_hal_rcc_ex.o
 .text.HAL_SPI_Init
                0x0000000008003248      0x146 Drivers/STM32L4xx_HAL_Driver/Src/stm32l4xx_hal_spi.o
                0x0000000008003248                HAL_SPI_Init
 *fill*         0x000000000800338e        0x2 
 .text.max30102_setup_communication
                0x0000000008003390       0x28 Drivers/max30102/max30102.o
                0x0000000008003390                max30102_setup_communication
 .text.max30102_setupForMeasurement
                0x00000000080033b8       0x60 Drivers/max30102/max30102.o
                0x00000000080033b8                max30102_setupForMeasurement
 .text.max30102_setMeasurementMode
                0x0000000008003418       0x50 Drivers/max30102/max30102.o
                0x0000000008003418                max30102_setMeasurementMode
 .text.max30102_waitAndGetHeartrateSamples
                0x0000000008003468       0x3c Drivers/max30102/max30102.o
                0x0000000008003468                max30102_waitAndGetHeartrateSamples
 .text.sx1508b_setup_communication
                0x00000000080034a4       0x28 Drivers/sx1508b/sx1508b.o
                0x00000000080034a4                sx1508b_setup_communication
 .text.sx1508b_read_pin
                0x00000000080034cc       0x48 Drivers/sx1508b/sx1508b.o
                0x00000000080034cc                sx1508b_read_pin
 .text.__libc_init_array
                0x0000000008003514       0x48 /opt/stm32cubeide/plugins/com.st.stm32cube.ide.mcu.externaltools.gnu-tools-for-stm32.9-2020-q2-update.linux64_1.5.0.202011040924/tools/bin/../lib/gcc/arm-none-eabi/9.3.1/../../../../arm-none-eabi/lib/thumb/v7e-m+fp/hard/libc_nano.a(lib_a-init.o)
                0x0000000008003514                __libc_init_array
 .text.memset   0x000000000800355c       0x10 /opt/stm32cubeide/plugins/com.st.stm32cube.ide.mcu.externaltools.gnu-tools-for-stm32.9-2020-q2-update.linux64_1.5.0.202011040924/tools/bin/../lib/gcc/arm-none-eabi/9.3.1/../../../../arm-none-eabi/lib/thumb/v7e-m+fp/hard/libc_nano.a(lib_a-memset.o)
                0x000000000800355c                memset
 *(.glue_7)
 .glue_7        0x000000000800356c        0x0 linker stubs
 *(.glue_7t)
 .glue_7t       0x000000000800356c        0x0 linker stubs
 *(.eh_frame)
 .eh_frame      0x000000000800356c        0x0 /opt/stm32cubeide/plugins/com.st.stm32cube.ide.mcu.externaltools.gnu-tools-for-stm32.9-2020-q2-update.linux64_1.5.0.202011040924/tools/bin/../lib/gcc/arm-none-eabi/9.3.1/thumb/v7e-m+fp/hard/crtbegin.o
 *(.init)
 .init          0x000000000800356c        0x4 /opt/stm32cubeide/plugins/com.st.stm32cube.ide.mcu.externaltools.gnu-tools-for-stm32.9-2020-q2-update.linux64_1.5.0.202011040924/tools/bin/../lib/gcc/arm-none-eabi/9.3.1/thumb/v7e-m+fp/hard/crti.o
                0x000000000800356c                _init
 .init          0x0000000008003570        0x8 /opt/stm32cubeide/plugins/com.st.stm32cube.ide.mcu.externaltools.gnu-tools-for-stm32.9-2020-q2-update.linux64_1.5.0.202011040924/tools/bin/../lib/gcc/arm-none-eabi/9.3.1/thumb/v7e-m+fp/hard/crtn.o
 *(.fini)
 .fini          0x0000000008003578        0x4 /opt/stm32cubeide/plugins/com.st.stm32cube.ide.mcu.externaltools.gnu-tools-for-stm32.9-2020-q2-update.linux64_1.5.0.202011040924/tools/bin/../lib/gcc/arm-none-eabi/9.3.1/thumb/v7e-m+fp/hard/crti.o
                0x0000000008003578                _fini
 .fini          0x000000000800357c        0x8 /opt/stm32cubeide/plugins/com.st.stm32cube.ide.mcu.externaltools.gnu-tools-for-stm32.9-2020-q2-update.linux64_1.5.0.202011040924/tools/bin/../lib/gcc/arm-none-eabi/9.3.1/thumb/v7e-m+fp/hard/crtn.o
                0x0000000008003584                . = ALIGN (0x4)
                0x0000000008003584                _etext = .

.vfp11_veneer   0x0000000008003584        0x0
 .vfp11_veneer  0x0000000008003584        0x0 linker stubs

.v4_bx          0x0000000008003584        0x0
 .v4_bx         0x0000000008003584        0x0 linker stubs

.iplt           0x0000000008003584        0x0
 .iplt          0x0000000008003584        0x0 /opt/stm32cubeide/plugins/com.st.stm32cube.ide.mcu.externaltools.gnu-tools-for-stm32.9-2020-q2-update.linux64_1.5.0.202011040924/tools/bin/../lib/gcc/arm-none-eabi/9.3.1/thumb/v7e-m+fp/hard/crtbegin.o

.rodata         0x0000000008003584       0x40
                0x0000000008003584                . = ALIGN (0x4)
 *(.rodata)
 *(.rodata*)
 .rodata.AHBPrescTable
                0x0000000008003584       0x10 Core/Src/system_stm32l4xx.o
                0x0000000008003584                AHBPrescTable
 .rodata.MSIRangeTable
                0x0000000008003594       0x30 Core/Src/system_stm32l4xx.o
                0x0000000008003594                MSIRangeTable
                0x00000000080035c4                . = ALIGN (0x4)

.rel.dyn        0x00000000080035c4        0x0
 .rel.iplt      0x00000000080035c4        0x0 /opt/stm32cubeide/plugins/com.st.stm32cube.ide.mcu.externaltools.gnu-tools-for-stm32.9-2020-q2-update.linux64_1.5.0.202011040924/tools/bin/../lib/gcc/arm-none-eabi/9.3.1/thumb/v7e-m+fp/hard/crtbegin.o

.ARM.extab      0x00000000080035c4        0x0
                0x00000000080035c4                . = ALIGN (0x4)
 *(.ARM.extab* .gnu.linkonce.armextab.*)
                0x00000000080035c4                . = ALIGN (0x4)

.ARM            0x00000000080035c4        0x0
                0x00000000080035c4                . = ALIGN (0x4)
                0x00000000080035c4                __exidx_start = .
 *(.ARM.exidx*)
                0x00000000080035c4                __exidx_end = .
                0x00000000080035c4                . = ALIGN (0x4)

.preinit_array  0x00000000080035c4        0x0
                0x00000000080035c4                . = ALIGN (0x4)
                0x00000000080035c4                PROVIDE (__preinit_array_start = .)
 *(.preinit_array*)
                0x00000000080035c4                PROVIDE (__preinit_array_end = .)
                0x00000000080035c4                . = ALIGN (0x4)

.init_array     0x00000000080035c4        0x4
                0x00000000080035c4                . = ALIGN (0x4)
                0x00000000080035c4                PROVIDE (__init_array_start = .)
 *(SORT_BY_NAME(.init_array.*))
 *(.init_array*)
 .init_array    0x00000000080035c4        0x4 /opt/stm32cubeide/plugins/com.st.stm32cube.ide.mcu.externaltools.gnu-tools-for-stm32.9-2020-q2-update.linux64_1.5.0.202011040924/tools/bin/../lib/gcc/arm-none-eabi/9.3.1/thumb/v7e-m+fp/hard/crtbegin.o
                0x00000000080035c8                PROVIDE (__init_array_end = .)
                0x00000000080035c8                . = ALIGN (0x4)

.fini_array     0x00000000080035c8        0x4
                0x00000000080035c8                . = ALIGN (0x4)
                [!provide]                        PROVIDE (__fini_array_start = .)
 *(SORT_BY_NAME(.fini_array.*))
 *(.fini_array*)
 .fini_array    0x00000000080035c8        0x4 /opt/stm32cubeide/plugins/com.st.stm32cube.ide.mcu.externaltools.gnu-tools-for-stm32.9-2020-q2-update.linux64_1.5.0.202011040924/tools/bin/../lib/gcc/arm-none-eabi/9.3.1/thumb/v7e-m+fp/hard/crtbegin.o
                [!provide]                        PROVIDE (__fini_array_end = .)
                0x00000000080035cc                . = ALIGN (0x4)
                0x00000000080035cc                _sidata = LOADADDR (.data)

.data           0x0000000020000000       0x10 load address 0x00000000080035cc
                0x0000000020000000                . = ALIGN (0x4)
                0x0000000020000000                _sdata = .
 *(.data)
 *(.data*)
 .data.MX30102_PIN_INTERRUPT
                0x0000000020000000        0x2 Core/Src/main.o
                0x0000000020000000                MX30102_PIN_INTERRUPT
 *fill*         0x0000000020000002        0x2 
 .data.SystemCoreClock
                0x0000000020000004        0x4 Core/Src/system_stm32l4xx.o
                0x0000000020000004                SystemCoreClock
 .data.uwTickPrio
                0x0000000020000008        0x4 Drivers/STM32L4xx_HAL_Driver/Src/stm32l4xx_hal.o
                0x0000000020000008                uwTickPrio
 .data.uwTickFreq
                0x000000002000000c        0x1 Drivers/STM32L4xx_HAL_Driver/Src/stm32l4xx_hal.o
                0x000000002000000c                uwTickFreq
 *(.RamFunc)
 *(.RamFunc*)
                0x0000000020000010                . = ALIGN (0x4)
 *fill*         0x000000002000000d        0x3 
                0x0000000020000010                _edata = .

.igot.plt       0x0000000020000010        0x0 load address 0x00000000080035dc
 .igot.plt      0x0000000020000010        0x0 /opt/stm32cubeide/plugins/com.st.stm32cube.ide.mcu.externaltools.gnu-tools-for-stm32.9-2020-q2-update.linux64_1.5.0.202011040924/tools/bin/../lib/gcc/arm-none-eabi/9.3.1/thumb/v7e-m+fp/hard/crtbegin.o
                0x0000000020000010                . = ALIGN (0x4)

.bss            0x0000000020000010      0x100 load address 0x00000000080035dc
                0x0000000020000010                _sbss = .
                0x0000000020000010                __bss_start__ = _sbss
 *(.bss)
 .bss           0x0000000020000010       0x1c /opt/stm32cubeide/plugins/com.st.stm32cube.ide.mcu.externaltools.gnu-tools-for-stm32.9-2020-q2-update.linux64_1.5.0.202011040924/tools/bin/../lib/gcc/arm-none-eabi/9.3.1/thumb/v7e-m+fp/hard/crtbegin.o
 *(.bss*)
 *(COMMON)
 COMMON         0x000000002000002c        0x8 BlueNRG_MS/Target/hci_tl_interface.o
                0x000000002000002c                hexti5
 COMMON         0x0000000020000034       0xc4 Core/Src/main.o
                0x0000000020000034                hi2c3
                0x0000000020000080                hspi2
                0x00000000200000e4                max30102_configs
                0x00000000200000f0                sx1508b_configs
 COMMON         0x00000000200000f8        0x4 Drivers/STM32L4xx_HAL_Driver/Src/stm32l4xx_hal.o
                0x00000000200000f8                uwTick
 COMMON         0x00000000200000fc        0xc Drivers/max30102/max30102.o
                0x00000000200000fc                max30102_comm
 COMMON         0x0000000020000108        0x8 Drivers/sx1508b/sx1508b.o
                0x0000000020000108                sx1508b_comm
                0x0000000020000110                . = ALIGN (0x4)
                0x0000000020000110                _ebss = .
                0x0000000020000110                __bss_end__ = _ebss

._user_heap_stack
                0x0000000020000110      0x600 load address 0x00000000080035dc
                0x0000000020000110                . = ALIGN (0x8)
                [!provide]                        PROVIDE (end = .)
                0x0000000020000110                PROVIDE (_end = .)
                0x0000000020000310                . = (. + _Min_Heap_Size)
 *fill*         0x0000000020000110      0x200 
                0x0000000020000710                . = (. + _Min_Stack_Size)
 *fill*         0x0000000020000310      0x400 
                0x0000000020000710                . = ALIGN (0x8)

/DISCARD/
 libc.a(*)
 libm.a(*)
 libgcc.a(*)

.ARM.attributes
                0x0000000000000000       0x30
 *(.ARM.attributes)
 .ARM.attributes
                0x0000000000000000       0x1e /opt/stm32cubeide/plugins/com.st.stm32cube.ide.mcu.externaltools.gnu-tools-for-stm32.9-2020-q2-update.linux64_1.5.0.202011040924/tools/bin/../lib/gcc/arm-none-eabi/9.3.1/thumb/v7e-m+fp/hard/crti.o
 .ARM.attributes
                0x000000000000001e       0x34 /opt/stm32cubeide/plugins/com.st.stm32cube.ide.mcu.externaltools.gnu-tools-for-stm32.9-2020-q2-update.linux64_1.5.0.202011040924/tools/bin/../lib/gcc/arm-none-eabi/9.3.1/thumb/v7e-m+fp/hard/crtbegin.o
 .ARM.attributes
                0x0000000000000052       0x34 BlueNRG_MS/Target/hci_tl_interface.o
 .ARM.attributes
                0x0000000000000086       0x34 Core/Src/main.o
 .ARM.attributes
                0x00000000000000ba       0x34 Core/Src/stm32l4xx_hal_msp.o
 .ARM.attributes
                0x00000000000000ee       0x34 Core/Src/stm32l4xx_it.o
 .ARM.attributes
                0x0000000000000122       0x34 Core/Src/system_stm32l4xx.o
 .ARM.attributes
                0x0000000000000156       0x21 Core/Startup/startup_stm32l476jgyx.o
 .ARM.attributes
                0x0000000000000177       0x34 Drivers/STM32L4xx_HAL_Driver/Src/stm32l4xx_hal.o
 .ARM.attributes
                0x00000000000001ab       0x34 Drivers/STM32L4xx_HAL_Driver/Src/stm32l4xx_hal_cortex.o
 .ARM.attributes
                0x00000000000001df       0x34 Drivers/STM32L4xx_HAL_Driver/Src/stm32l4xx_hal_exti.o
 .ARM.attributes
                0x0000000000000213       0x34 Drivers/STM32L4xx_HAL_Driver/Src/stm32l4xx_hal_gpio.o
 .ARM.attributes
                0x0000000000000247       0x34 Drivers/STM32L4xx_HAL_Driver/Src/stm32l4xx_hal_i2c.o
 .ARM.attributes
                0x000000000000027b       0x34 Drivers/STM32L4xx_HAL_Driver/Src/stm32l4xx_hal_i2c_ex.o
 .ARM.attributes
                0x00000000000002af       0x34 Drivers/STM32L4xx_HAL_Driver/Src/stm32l4xx_hal_pwr_ex.o
 .ARM.attributes
                0x00000000000002e3       0x34 Drivers/STM32L4xx_HAL_Driver/Src/stm32l4xx_hal_rcc.o
 .ARM.attributes
                0x0000000000000317       0x34 Drivers/STM32L4xx_HAL_Driver/Src/stm32l4xx_hal_rcc_ex.o
 .ARM.attributes
                0x000000000000034b       0x34 Drivers/STM32L4xx_HAL_Driver/Src/stm32l4xx_hal_spi.o
 .ARM.attributes
                0x000000000000037f       0x34 Drivers/max30102/max30102.o
 .ARM.attributes
                0x00000000000003b3       0x34 Drivers/sx1508b/sx1508b.o
 .ARM.attributes
                0x00000000000003e7       0x34 /opt/stm32cubeide/plugins/com.st.stm32cube.ide.mcu.externaltools.gnu-tools-for-stm32.9-2020-q2-update.linux64_1.5.0.202011040924/tools/bin/../lib/gcc/arm-none-eabi/9.3.1/../../../../arm-none-eabi/lib/thumb/v7e-m+fp/hard/libc_nano.a(lib_a-init.o)
 .ARM.attributes
                0x000000000000041b       0x34 /opt/stm32cubeide/plugins/com.st.stm32cube.ide.mcu.externaltools.gnu-tools-for-stm32.9-2020-q2-update.linux64_1.5.0.202011040924/tools/bin/../lib/gcc/arm-none-eabi/9.3.1/../../../../arm-none-eabi/lib/thumb/v7e-m+fp/hard/libc_nano.a(lib_a-memset.o)
 .ARM.attributes
                0x000000000000044f       0x1e /opt/stm32cubeide/plugins/com.st.stm32cube.ide.mcu.externaltools.gnu-tools-for-stm32.9-2020-q2-update.linux64_1.5.0.202011040924/tools/bin/../lib/gcc/arm-none-eabi/9.3.1/thumb/v7e-m+fp/hard/crtn.o
OUTPUT(MAX30102.elf elf32-littlearm)
LOAD linker stubs
LOAD /opt/stm32cubeide/plugins/com.st.stm32cube.ide.mcu.externaltools.gnu-tools-for-stm32.9-2020-q2-update.linux64_1.5.0.202011040924/tools/bin/../lib/gcc/arm-none-eabi/9.3.1/../../../../arm-none-eabi/lib/thumb/v7e-m+fp/hard/libc.a
LOAD /opt/stm32cubeide/plugins/com.st.stm32cube.ide.mcu.externaltools.gnu-tools-for-stm32.9-2020-q2-update.linux64_1.5.0.202011040924/tools/bin/../lib/gcc/arm-none-eabi/9.3.1/../../../../arm-none-eabi/lib/thumb/v7e-m+fp/hard/libm.a
LOAD /opt/stm32cubeide/plugins/com.st.stm32cube.ide.mcu.externaltools.gnu-tools-for-stm32.9-2020-q2-update.linux64_1.5.0.202011040924/tools/bin/../lib/gcc/arm-none-eabi/9.3.1/thumb/v7e-m+fp/hard/libgcc.a

.debug_info     0x0000000000000000    0x10d54
 .debug_info    0x0000000000000000     0x1916 BlueNRG_MS/Target/hci_tl_interface.o
 .debug_info    0x0000000000001916     0x198f Core/Src/main.o
 .debug_info    0x00000000000032a5      0xfb1 Core/Src/stm32l4xx_hal_msp.o
 .debug_info    0x0000000000004256      0x8a0 Core/Src/stm32l4xx_it.o
 .debug_info    0x0000000000004af6      0x779 Core/Src/system_stm32l4xx.o
 .debug_info    0x000000000000526f       0x22 Core/Startup/startup_stm32l476jgyx.o
 .debug_info    0x0000000000005291      0xcb9 Drivers/STM32L4xx_HAL_Driver/Src/stm32l4xx_hal.o
 .debug_info    0x0000000000005f4a     0x102e Drivers/STM32L4xx_HAL_Driver/Src/stm32l4xx_hal_cortex.o
 .debug_info    0x0000000000006f78      0x903 Drivers/STM32L4xx_HAL_Driver/Src/stm32l4xx_hal_exti.o
 .debug_info    0x000000000000787b      0xa5f Drivers/STM32L4xx_HAL_Driver/Src/stm32l4xx_hal_gpio.o
 .debug_info    0x00000000000082da     0x22fd Drivers/STM32L4xx_HAL_Driver/Src/stm32l4xx_hal_i2c.o
 .debug_info    0x000000000000a5d7      0xc29 Drivers/STM32L4xx_HAL_Driver/Src/stm32l4xx_hal_i2c_ex.o
 .debug_info    0x000000000000b200      0xbda Drivers/STM32L4xx_HAL_Driver/Src/stm32l4xx_hal_pwr_ex.o
 .debug_info    0x000000000000bdda      0xe0b Drivers/STM32L4xx_HAL_Driver/Src/stm32l4xx_hal_rcc.o
 .debug_info    0x000000000000cbe5     0x103f Drivers/STM32L4xx_HAL_Driver/Src/stm32l4xx_hal_rcc_ex.o
 .debug_info    0x000000000000dc24     0x18f8 Drivers/STM32L4xx_HAL_Driver/Src/stm32l4xx_hal_spi.o
 .debug_info    0x000000000000f51c      0xb86 Drivers/max30102/max30102.o
 .debug_info    0x00000000000100a2      0xcb2 Drivers/sx1508b/sx1508b.o

.debug_abbrev   0x0000000000000000     0x2500
 .debug_abbrev  0x0000000000000000      0x2af BlueNRG_MS/Target/hci_tl_interface.o
 .debug_abbrev  0x00000000000002af      0x2ed Core/Src/main.o
 .debug_abbrev  0x000000000000059c      0x1be Core/Src/stm32l4xx_hal_msp.o
 .debug_abbrev  0x000000000000075a      0x17b Core/Src/stm32l4xx_it.o
 .debug_abbrev  0x00000000000008d5      0x165 Core/Src/system_stm32l4xx.o
 .debug_abbrev  0x0000000000000a3a       0x12 Core/Startup/startup_stm32l476jgyx.o
 .debug_abbrev  0x0000000000000a4c      0x227 Drivers/STM32L4xx_HAL_Driver/Src/stm32l4xx_hal.o
 .debug_abbrev  0x0000000000000c73      0x33c Drivers/STM32L4xx_HAL_Driver/Src/stm32l4xx_hal_cortex.o
 .debug_abbrev  0x0000000000000faf      0x1c4 Drivers/STM32L4xx_HAL_Driver/Src/stm32l4xx_hal_exti.o
 .debug_abbrev  0x0000000000001173      0x1e8 Drivers/STM32L4xx_HAL_Driver/Src/stm32l4xx_hal_gpio.o
 .debug_abbrev  0x000000000000135b      0x256 Drivers/STM32L4xx_HAL_Driver/Src/stm32l4xx_hal_i2c.o
 .debug_abbrev  0x00000000000015b1      0x1dd Drivers/STM32L4xx_HAL_Driver/Src/stm32l4xx_hal_i2c_ex.o
 .debug_abbrev  0x000000000000178e      0x1f3 Drivers/STM32L4xx_HAL_Driver/Src/stm32l4xx_hal_pwr_ex.o
 .debug_abbrev  0x0000000000001981      0x275 Drivers/STM32L4xx_HAL_Driver/Src/stm32l4xx_hal_rcc.o
 .debug_abbrev  0x0000000000001bf6      0x268 Drivers/STM32L4xx_HAL_Driver/Src/stm32l4xx_hal_rcc_ex.o
 .debug_abbrev  0x0000000000001e5e      0x254 Drivers/STM32L4xx_HAL_Driver/Src/stm32l4xx_hal_spi.o
 .debug_abbrev  0x00000000000020b2      0x236 Drivers/max30102/max30102.o
 .debug_abbrev  0x00000000000022e8      0x218 Drivers/sx1508b/sx1508b.o

.debug_aranges  0x0000000000000000      0xcf8
 .debug_aranges
                0x0000000000000000       0x58 BlueNRG_MS/Target/hci_tl_interface.o
 .debug_aranges
                0x0000000000000058       0x90 Core/Src/main.o
 .debug_aranges
                0x00000000000000e8       0x40 Core/Src/stm32l4xx_hal_msp.o
 .debug_aranges
                0x0000000000000128       0x68 Core/Src/stm32l4xx_it.o
 .debug_aranges
                0x0000000000000190       0x28 Core/Src/system_stm32l4xx.o
 .debug_aranges
                0x00000000000001b8       0x28 Core/Startup/startup_stm32l476jgyx.o
 .debug_aranges
                0x00000000000001e0      0x130 Drivers/STM32L4xx_HAL_Driver/Src/stm32l4xx_hal.o
 .debug_aranges
                0x0000000000000310      0x118 Drivers/STM32L4xx_HAL_Driver/Src/stm32l4xx_hal_cortex.o
 .debug_aranges
                0x0000000000000428       0x60 Drivers/STM32L4xx_HAL_Driver/Src/stm32l4xx_hal_exti.o
 .debug_aranges
                0x0000000000000488       0x58 Drivers/STM32L4xx_HAL_Driver/Src/stm32l4xx_hal_gpio.o
 .debug_aranges
                0x00000000000004e0      0x290 Drivers/STM32L4xx_HAL_Driver/Src/stm32l4xx_hal_i2c.o
 .debug_aranges
                0x0000000000000770       0x48 Drivers/STM32L4xx_HAL_Driver/Src/stm32l4xx_hal_i2c_ex.o
 .debug_aranges
                0x00000000000007b8      0x150 Drivers/STM32L4xx_HAL_Driver/Src/stm32l4xx_hal_pwr_ex.o
 .debug_aranges
                0x0000000000000908       0x88 Drivers/STM32L4xx_HAL_Driver/Src/stm32l4xx_hal_rcc.o
 .debug_aranges
                0x0000000000000990       0xc0 Drivers/STM32L4xx_HAL_Driver/Src/stm32l4xx_hal_rcc_ex.o
 .debug_aranges
                0x0000000000000a50      0x1d8 Drivers/STM32L4xx_HAL_Driver/Src/stm32l4xx_hal_spi.o
 .debug_aranges
                0x0000000000000c28       0x60 Drivers/max30102/max30102.o
 .debug_aranges
                0x0000000000000c88       0x70 Drivers/sx1508b/sx1508b.o

.debug_ranges   0x0000000000000000      0xbf8
 .debug_ranges  0x0000000000000000       0x48 BlueNRG_MS/Target/hci_tl_interface.o
 .debug_ranges  0x0000000000000048       0x80 Core/Src/main.o
 .debug_ranges  0x00000000000000c8       0x30 Core/Src/stm32l4xx_hal_msp.o
 .debug_ranges  0x00000000000000f8       0x58 Core/Src/stm32l4xx_it.o
 .debug_ranges  0x0000000000000150       0x18 Core/Src/system_stm32l4xx.o
 .debug_ranges  0x0000000000000168       0x20 Core/Startup/startup_stm32l476jgyx.o
 .debug_ranges  0x0000000000000188      0x120 Drivers/STM32L4xx_HAL_Driver/Src/stm32l4xx_hal.o
 .debug_ranges  0x00000000000002a8      0x108 Drivers/STM32L4xx_HAL_Driver/Src/stm32l4xx_hal_cortex.o
 .debug_ranges  0x00000000000003b0       0x50 Drivers/STM32L4xx_HAL_Driver/Src/stm32l4xx_hal_exti.o
 .debug_ranges  0x0000000000000400       0x48 Drivers/STM32L4xx_HAL_Driver/Src/stm32l4xx_hal_gpio.o
 .debug_ranges  0x0000000000000448      0x280 Drivers/STM32L4xx_HAL_Driver/Src/stm32l4xx_hal_i2c.o
 .debug_ranges  0x00000000000006c8       0x38 Drivers/STM32L4xx_HAL_Driver/Src/stm32l4xx_hal_i2c_ex.o
 .debug_ranges  0x0000000000000700      0x140 Drivers/STM32L4xx_HAL_Driver/Src/stm32l4xx_hal_pwr_ex.o
 .debug_ranges  0x0000000000000840       0x78 Drivers/STM32L4xx_HAL_Driver/Src/stm32l4xx_hal_rcc.o
 .debug_ranges  0x00000000000008b8       0xb0 Drivers/STM32L4xx_HAL_Driver/Src/stm32l4xx_hal_rcc_ex.o
 .debug_ranges  0x0000000000000968      0x1c8 Drivers/STM32L4xx_HAL_Driver/Src/stm32l4xx_hal_spi.o
 .debug_ranges  0x0000000000000b30       0x68 Drivers/max30102/max30102.o
 .debug_ranges  0x0000000000000b98       0x60 Drivers/sx1508b/sx1508b.o

.debug_macro    0x0000000000000000    0x265e6
 .debug_macro   0x0000000000000000      0x311 BlueNRG_MS/Target/hci_tl_interface.o
 .debug_macro   0x0000000000000311      0xaa8 BlueNRG_MS/Target/hci_tl_interface.o
 .debug_macro   0x0000000000000db9       0x16 BlueNRG_MS/Target/hci_tl_interface.o
 .debug_macro   0x0000000000000dcf      0x1a7 BlueNRG_MS/Target/hci_tl_interface.o
 .debug_macro   0x0000000000000f76       0x2e BlueNRG_MS/Target/hci_tl_interface.o
 .debug_macro   0x0000000000000fa4       0x28 BlueNRG_MS/Target/hci_tl_interface.o
 .debug_macro   0x0000000000000fcc       0x22 BlueNRG_MS/Target/hci_tl_interface.o
 .debug_macro   0x0000000000000fee       0x8e BlueNRG_MS/Target/hci_tl_interface.o
 .debug_macro   0x000000000000107c       0x51 BlueNRG_MS/Target/hci_tl_interface.o
 .debug_macro   0x00000000000010cd      0x103 BlueNRG_MS/Target/hci_tl_interface.o
 .debug_macro   0x00000000000011d0       0x6a BlueNRG_MS/Target/hci_tl_interface.o
 .debug_macro   0x000000000000123a      0x1df BlueNRG_MS/Target/hci_tl_interface.o
 .debug_macro   0x0000000000001419       0x1c BlueNRG_MS/Target/hci_tl_interface.o
 .debug_macro   0x0000000000001435       0x22 BlueNRG_MS/Target/hci_tl_interface.o
 .debug_macro   0x0000000000001457      0x101 BlueNRG_MS/Target/hci_tl_interface.o
 .debug_macro   0x0000000000001558     0x1011 BlueNRG_MS/Target/hci_tl_interface.o
 .debug_macro   0x0000000000002569      0x11f BlueNRG_MS/Target/hci_tl_interface.o
 .debug_macro   0x0000000000002688    0x1a13d BlueNRG_MS/Target/hci_tl_interface.o
 .debug_macro   0x000000000001c7c5       0x43 BlueNRG_MS/Target/hci_tl_interface.o
 .debug_macro   0x000000000001c808     0x3897 BlueNRG_MS/Target/hci_tl_interface.o
 .debug_macro   0x000000000002009f      0x174 BlueNRG_MS/Target/hci_tl_interface.o
 .debug_macro   0x0000000000020213       0x5c BlueNRG_MS/Target/hci_tl_interface.o
 .debug_macro   0x000000000002026f     0x155f BlueNRG_MS/Target/hci_tl_interface.o
 .debug_macro   0x00000000000217ce      0x59e BlueNRG_MS/Target/hci_tl_interface.o
 .debug_macro   0x0000000000021d6c      0x13d BlueNRG_MS/Target/hci_tl_interface.o
 .debug_macro   0x0000000000021ea9      0x18b BlueNRG_MS/Target/hci_tl_interface.o
 .debug_macro   0x0000000000022034      0x26b BlueNRG_MS/Target/hci_tl_interface.o
 .debug_macro   0x000000000002229f      0x23d BlueNRG_MS/Target/hci_tl_interface.o
 .debug_macro   0x00000000000224dc      0x241 BlueNRG_MS/Target/hci_tl_interface.o
 .debug_macro   0x000000000002271d      0x37c BlueNRG_MS/Target/hci_tl_interface.o
 .debug_macro   0x0000000000022a99       0xd6 BlueNRG_MS/Target/hci_tl_interface.o
 .debug_macro   0x0000000000022b6f      0x22c BlueNRG_MS/Target/hci_tl_interface.o
 .debug_macro   0x0000000000022d9b       0x61 BlueNRG_MS/Target/hci_tl_interface.o
 .debug_macro   0x0000000000022dfc       0xa5 BlueNRG_MS/Target/hci_tl_interface.o
 .debug_macro   0x0000000000022ea1      0x122 BlueNRG_MS/Target/hci_tl_interface.o
 .debug_macro   0x0000000000022fc3      0x3e9 BlueNRG_MS/Target/hci_tl_interface.o
 .debug_macro   0x00000000000233ac      0x2fe BlueNRG_MS/Target/hci_tl_interface.o
 .debug_macro   0x00000000000236aa      0x331 BlueNRG_MS/Target/hci_tl_interface.o
 .debug_macro   0x00000000000239db       0x28 BlueNRG_MS/Target/hci_tl_interface.o
 .debug_macro   0x0000000000023a03       0x82 BlueNRG_MS/Target/hci_tl_interface.o
 .debug_macro   0x0000000000023a85       0x6a BlueNRG_MS/Target/hci_tl_interface.o
 .debug_macro   0x0000000000023aef       0x40 BlueNRG_MS/Target/hci_tl_interface.o
 .debug_macro   0x0000000000023b2f       0x52 BlueNRG_MS/Target/hci_tl_interface.o
 .debug_macro   0x0000000000023b81       0x52 BlueNRG_MS/Target/hci_tl_interface.o
 .debug_macro   0x0000000000023bd3       0x18 BlueNRG_MS/Target/hci_tl_interface.o
 .debug_macro   0x0000000000023beb       0x3c BlueNRG_MS/Target/hci_tl_interface.o
 .debug_macro   0x0000000000023c27       0x34 BlueNRG_MS/Target/hci_tl_interface.o
 .debug_macro   0x0000000000023c5b       0x16 BlueNRG_MS/Target/hci_tl_interface.o
 .debug_macro   0x0000000000023c71       0x43 BlueNRG_MS/Target/hci_tl_interface.o
 .debug_macro   0x0000000000023cb4       0x34 BlueNRG_MS/Target/hci_tl_interface.o
 .debug_macro   0x0000000000023ce8       0x10 BlueNRG_MS/Target/hci_tl_interface.o
 .debug_macro   0x0000000000023cf8       0x58 BlueNRG_MS/Target/hci_tl_interface.o
 .debug_macro   0x0000000000023d50       0x71 BlueNRG_MS/Target/hci_tl_interface.o
 .debug_macro   0x0000000000023dc1       0x1c BlueNRG_MS/Target/hci_tl_interface.o
 .debug_macro   0x0000000000023ddd      0x12a BlueNRG_MS/Target/hci_tl_interface.o
 .debug_macro   0x0000000000023f07      0x333 BlueNRG_MS/Target/hci_tl_interface.o
 .debug_macro   0x000000000002423a       0x10 BlueNRG_MS/Target/hci_tl_interface.o
 .debug_macro   0x000000000002424a       0x35 BlueNRG_MS/Target/hci_tl_interface.o
 .debug_macro   0x000000000002427f       0x20 BlueNRG_MS/Target/hci_tl_interface.o
 .debug_macro   0x000000000002429f       0x88 BlueNRG_MS/Target/hci_tl_interface.o
 .debug_macro   0x0000000000024327      0x22a Core/Src/main.o
 .debug_macro   0x0000000000024551       0x2e Core/Src/main.o
 .debug_macro   0x000000000002457f       0xb2 Core/Src/main.o
 .debug_macro   0x0000000000024631       0x9a Core/Src/main.o
 .debug_macro   0x00000000000246cb      0x124 Core/Src/main.o
 .debug_macro   0x00000000000247ef       0x10 Core/Src/main.o
 .debug_macro   0x00000000000247ff      0x205 Core/Src/stm32l4xx_hal_msp.o
 .debug_macro   0x0000000000024a04      0x20f Core/Src/stm32l4xx_it.o
 .debug_macro   0x0000000000024c13      0x1c6 Core/Src/system_stm32l4xx.o
 .debug_macro   0x0000000000024dd9      0x214 Drivers/STM32L4xx_HAL_Driver/Src/stm32l4xx_hal.o
 .debug_macro   0x0000000000024fed      0x1c6 Drivers/STM32L4xx_HAL_Driver/Src/stm32l4xx_hal_cortex.o
 .debug_macro   0x00000000000251b3      0x1d2 Drivers/STM32L4xx_HAL_Driver/Src/stm32l4xx_hal_exti.o
 .debug_macro   0x0000000000025385      0x205 Drivers/STM32L4xx_HAL_Driver/Src/stm32l4xx_hal_gpio.o
 .debug_macro   0x000000000002558a      0x28b Drivers/STM32L4xx_HAL_Driver/Src/stm32l4xx_hal_i2c.o
 .debug_macro   0x0000000000025815      0x1c6 Drivers/STM32L4xx_HAL_Driver/Src/stm32l4xx_hal_i2c_ex.o
 .debug_macro   0x00000000000259db      0x1ea Drivers/STM32L4xx_HAL_Driver/Src/stm32l4xx_hal_pwr_ex.o
 .debug_macro   0x0000000000025bc5      0x208 Drivers/STM32L4xx_HAL_Driver/Src/stm32l4xx_hal_rcc.o
 .debug_macro   0x0000000000025dcd      0x1fc Drivers/STM32L4xx_HAL_Driver/Src/stm32l4xx_hal_rcc_ex.o
 .debug_macro   0x0000000000025fc9      0x1ce Drivers/STM32L4xx_HAL_Driver/Src/stm32l4xx_hal_spi.o
 .debug_macro   0x0000000000026197      0x145 Drivers/max30102/max30102.o
 .debug_macro   0x00000000000262dc       0x94 Drivers/max30102/max30102.o
 .debug_macro   0x0000000000026370      0x158 Drivers/sx1508b/sx1508b.o
 .debug_macro   0x00000000000264c8      0x11e Drivers/sx1508b/sx1508b.o

.debug_line     0x0000000000000000     0xec7c
 .debug_line    0x0000000000000000      0xa71 BlueNRG_MS/Target/hci_tl_interface.o
 .debug_line    0x0000000000000a71      0xa28 Core/Src/main.o
 .debug_line    0x0000000000001499      0x777 Core/Src/stm32l4xx_hal_msp.o
 .debug_line    0x0000000000001c10      0x7b6 Core/Src/stm32l4xx_it.o
 .debug_line    0x00000000000023c6      0x72e Core/Src/system_stm32l4xx.o
 .debug_line    0x0000000000002af4       0x87 Core/Startup/startup_stm32l476jgyx.o
 .debug_line    0x0000000000002b7b      0xa6d Drivers/STM32L4xx_HAL_Driver/Src/stm32l4xx_hal.o
 .debug_line    0x00000000000035e8      0xc14 Drivers/STM32L4xx_HAL_Driver/Src/stm32l4xx_hal_cortex.o
 .debug_line    0x00000000000041fc      0x9ef Drivers/STM32L4xx_HAL_Driver/Src/stm32l4xx_hal_exti.o
 .debug_line    0x0000000000004beb      0xae7 Drivers/STM32L4xx_HAL_Driver/Src/stm32l4xx_hal_gpio.o
 .debug_line    0x00000000000056d2     0x323e Drivers/STM32L4xx_HAL_Driver/Src/stm32l4xx_hal_i2c.o
 .debug_line    0x0000000000008910      0x89b Drivers/STM32L4xx_HAL_Driver/Src/stm32l4xx_hal_i2c_ex.o
 .debug_line    0x00000000000091ab      0xc29 Drivers/STM32L4xx_HAL_Driver/Src/stm32l4xx_hal_pwr_ex.o
 .debug_line    0x0000000000009dd4      0xeb1 Drivers/STM32L4xx_HAL_Driver/Src/stm32l4xx_hal_rcc.o
 .debug_line    0x000000000000ac85     0x1426 Drivers/STM32L4xx_HAL_Driver/Src/stm32l4xx_hal_rcc_ex.o
 .debug_line    0x000000000000c0ab     0x1e96 Drivers/STM32L4xx_HAL_Driver/Src/stm32l4xx_hal_spi.o
 .debug_line    0x000000000000df41      0x5f6 Drivers/max30102/max30102.o
 .debug_line    0x000000000000e537      0x745 Drivers/sx1508b/sx1508b.o

.debug_str      0x0000000000000000    0xe7f93
 .debug_str     0x0000000000000000    0xe3bd2 BlueNRG_MS/Target/hci_tl_interface.o
                                      0xe407a (size before relaxing)
 .debug_str     0x00000000000e3bd2     0x1254 Core/Src/main.o
                                      0xe1d10 (size before relaxing)
 .debug_str     0x00000000000e4e26       0x7a Core/Src/stm32l4xx_hal_msp.o
                                      0xe0aef (size before relaxing)
 .debug_str     0x00000000000e4ea0       0xd0 Core/Src/stm32l4xx_it.o
                                      0xe06c3 (size before relaxing)
 .debug_str     0x00000000000e4f70       0xb8 Core/Src/system_stm32l4xx.o
                                      0xdfa66 (size before relaxing)
 .debug_str     0x00000000000e5028       0x36 Core/Startup/startup_stm32l476jgyx.o
                                         0x70 (size before relaxing)
 .debug_str     0x00000000000e505e      0x5a4 Drivers/STM32L4xx_HAL_Driver/Src/stm32l4xx_hal.o
                                      0xe0565 (size before relaxing)
 .debug_str     0x00000000000e5602      0x389 Drivers/STM32L4xx_HAL_Driver/Src/stm32l4xx_hal_cortex.o
                                      0xe02d5 (size before relaxing)
 .debug_str     0x00000000000e598b      0x209 Drivers/STM32L4xx_HAL_Driver/Src/stm32l4xx_hal_exti.o
                                      0xdfb6b (size before relaxing)
 .debug_str     0x00000000000e5b94      0x1f4 Drivers/STM32L4xx_HAL_Driver/Src/stm32l4xx_hal_gpio.o
                                      0xdfd00 (size before relaxing)
 .debug_str     0x00000000000e5d88      0xd49 Drivers/STM32L4xx_HAL_Driver/Src/stm32l4xx_hal_i2c.o
                                      0xe0b92 (size before relaxing)
 .debug_str     0x00000000000e6ad1       0xb8 Drivers/STM32L4xx_HAL_Driver/Src/stm32l4xx_hal_i2c_ex.o
                                      0xdff8a (size before relaxing)
 .debug_str     0x00000000000e6b89      0x4b4 Drivers/STM32L4xx_HAL_Driver/Src/stm32l4xx_hal_pwr_ex.o
                                      0xdff9c (size before relaxing)
 .debug_str     0x00000000000e703d      0x3aa Drivers/STM32L4xx_HAL_Driver/Src/stm32l4xx_hal_rcc.o
                                      0xe0043 (size before relaxing)
 .debug_str     0x00000000000e73e7      0x3a6 Drivers/STM32L4xx_HAL_Driver/Src/stm32l4xx_hal_rcc_ex.o
                                      0xe01d4 (size before relaxing)
 .debug_str     0x00000000000e778d      0x571 Drivers/STM32L4xx_HAL_Driver/Src/stm32l4xx_hal_spi.o
                                      0xe0234 (size before relaxing)
 .debug_str     0x00000000000e7cfe      0x144 Drivers/max30102/max30102.o
                                       0x76b0 (size before relaxing)
 .debug_str     0x00000000000e7e42      0x151 Drivers/sx1508b/sx1508b.o
                                       0x78d4 (size before relaxing)

.comment        0x0000000000000000       0x53
 .comment       0x0000000000000000       0x53 BlueNRG_MS/Target/hci_tl_interface.o
                                         0x54 (size before relaxing)
 .comment       0x0000000000000053       0x54 Core/Src/main.o
 .comment       0x0000000000000053       0x54 Core/Src/stm32l4xx_hal_msp.o
 .comment       0x0000000000000053       0x54 Core/Src/stm32l4xx_it.o
 .comment       0x0000000000000053       0x54 Core/Src/system_stm32l4xx.o
 .comment       0x0000000000000053       0x54 Drivers/STM32L4xx_HAL_Driver/Src/stm32l4xx_hal.o
 .comment       0x0000000000000053       0x54 Drivers/STM32L4xx_HAL_Driver/Src/stm32l4xx_hal_cortex.o
 .comment       0x0000000000000053       0x54 Drivers/STM32L4xx_HAL_Driver/Src/stm32l4xx_hal_exti.o
 .comment       0x0000000000000053       0x54 Drivers/STM32L4xx_HAL_Driver/Src/stm32l4xx_hal_gpio.o
 .comment       0x0000000000000053       0x54 Drivers/STM32L4xx_HAL_Driver/Src/stm32l4xx_hal_i2c.o
 .comment       0x0000000000000053       0x54 Drivers/STM32L4xx_HAL_Driver/Src/stm32l4xx_hal_i2c_ex.o
 .comment       0x0000000000000053       0x54 Drivers/STM32L4xx_HAL_Driver/Src/stm32l4xx_hal_pwr_ex.o
 .comment       0x0000000000000053       0x54 Drivers/STM32L4xx_HAL_Driver/Src/stm32l4xx_hal_rcc.o
 .comment       0x0000000000000053       0x54 Drivers/STM32L4xx_HAL_Driver/Src/stm32l4xx_hal_rcc_ex.o
 .comment       0x0000000000000053       0x54 Drivers/STM32L4xx_HAL_Driver/Src/stm32l4xx_hal_spi.o
 .comment       0x0000000000000053       0x54 Drivers/max30102/max30102.o
 .comment       0x0000000000000053       0x54 Drivers/sx1508b/sx1508b.o

.debug_frame    0x0000000000000000     0x3400
 .debug_frame   0x0000000000000000      0x110 BlueNRG_MS/Target/hci_tl_interface.o
 .debug_frame   0x0000000000000110      0x210 Core/Src/main.o
 .debug_frame   0x0000000000000320       0xc8 Core/Src/stm32l4xx_hal_msp.o
 .debug_frame   0x00000000000003e8      0x120 Core/Src/stm32l4xx_it.o
 .debug_frame   0x0000000000000508       0x58 Core/Src/system_stm32l4xx.o
 .debug_frame   0x0000000000000560      0x498 Drivers/STM32L4xx_HAL_Driver/Src/stm32l4xx_hal.o
 .debug_frame   0x00000000000009f8      0x498 Drivers/STM32L4xx_HAL_Driver/Src/stm32l4xx_hal_cortex.o
 .debug_frame   0x0000000000000e90      0x174 Drivers/STM32L4xx_HAL_Driver/Src/stm32l4xx_hal_exti.o
 .debug_frame   0x0000000000001004      0x14c Drivers/STM32L4xx_HAL_Driver/Src/stm32l4xx_hal_gpio.o
 .debug_frame   0x0000000000001150      0xbe8 Drivers/STM32L4xx_HAL_Driver/Src/stm32l4xx_hal_i2c.o
 .debug_frame   0x0000000000001d38      0x100 Drivers/STM32L4xx_HAL_Driver/Src/stm32l4xx_hal_i2c_ex.o
 .debug_frame   0x0000000000001e38      0x544 Drivers/STM32L4xx_HAL_Driver/Src/stm32l4xx_hal_pwr_ex.o
 .debug_frame   0x000000000000237c      0x1f4 Drivers/STM32L4xx_HAL_Driver/Src/stm32l4xx_hal_rcc.o
 .debug_frame   0x0000000000002570      0x2fc Drivers/STM32L4xx_HAL_Driver/Src/stm32l4xx_hal_rcc_ex.o
 .debug_frame   0x000000000000286c      0x860 Drivers/STM32L4xx_HAL_Driver/Src/stm32l4xx_hal_spi.o
 .debug_frame   0x00000000000030cc      0x148 Drivers/max30102/max30102.o
 .debug_frame   0x0000000000003214      0x1a0 Drivers/sx1508b/sx1508b.o
 .debug_frame   0x00000000000033b4       0x2c /opt/stm32cubeide/plugins/com.st.stm32cube.ide.mcu.externaltools.gnu-tools-for-stm32.9-2020-q2-update.linux64_1.5.0.202011040924/tools/bin/../lib/gcc/arm-none-eabi/9.3.1/../../../../arm-none-eabi/lib/thumb/v7e-m+fp/hard/libc_nano.a(lib_a-init.o)
 .debug_frame   0x00000000000033e0       0x20 /opt/stm32cubeide/plugins/com.st.stm32cube.ide.mcu.externaltools.gnu-tools-for-stm32.9-2020-q2-update.linux64_1.5.0.202011040924/tools/bin/../lib/gcc/arm-none-eabi/9.3.1/../../../../arm-none-eabi/lib/thumb/v7e-m+fp/hard/libc_nano.a(lib_a-memset.o)
