Archive member included to satisfy reference by file (symbol)

/opt/stm32cubeide/plugins/com.st.stm32cube.ide.mcu.externaltools.gnu-tools-for-stm32.9-2020-q2-update.linux64_1.5.0.202011040924/tools/bin/../lib/gcc/arm-none-eabi/9.3.1/../../../../arm-none-eabi/lib/thumb/v7e-m+fp/hard/libc_nano.a(lib_a-errno.o)
                              Core/Src/syscalls.o (__errno)
/opt/stm32cubeide/plugins/com.st.stm32cube.ide.mcu.externaltools.gnu-tools-for-stm32.9-2020-q2-update.linux64_1.5.0.202011040924/tools/bin/../lib/gcc/arm-none-eabi/9.3.1/../../../../arm-none-eabi/lib/thumb/v7e-m+fp/hard/libc_nano.a(lib_a-exit.o)
                              /opt/stm32cubeide/plugins/com.st.stm32cube.ide.mcu.externaltools.gnu-tools-for-stm32.9-2020-q2-update.linux64_1.5.0.202011040924/tools/bin/../lib/gcc/arm-none-eabi/9.3.1/../../../../arm-none-eabi/lib/thumb/v7e-m+fp/hard/crt0.o (exit)
/opt/stm32cubeide/plugins/com.st.stm32cube.ide.mcu.externaltools.gnu-tools-for-stm32.9-2020-q2-update.linux64_1.5.0.202011040924/tools/bin/../lib/gcc/arm-none-eabi/9.3.1/../../../../arm-none-eabi/lib/thumb/v7e-m+fp/hard/libc_nano.a(lib_a-impure.o)
                              /opt/stm32cubeide/plugins/com.st.stm32cube.ide.mcu.externaltools.gnu-tools-for-stm32.9-2020-q2-update.linux64_1.5.0.202011040924/tools/bin/../lib/gcc/arm-none-eabi/9.3.1/../../../../arm-none-eabi/lib/thumb/v7e-m+fp/hard/libc_nano.a(lib_a-exit.o) (_global_impure_ptr)
/opt/stm32cubeide/plugins/com.st.stm32cube.ide.mcu.externaltools.gnu-tools-for-stm32.9-2020-q2-update.linux64_1.5.0.202011040924/tools/bin/../lib/gcc/arm-none-eabi/9.3.1/../../../../arm-none-eabi/lib/thumb/v7e-m+fp/hard/libc_nano.a(lib_a-init.o)
                              /opt/stm32cubeide/plugins/com.st.stm32cube.ide.mcu.externaltools.gnu-tools-for-stm32.9-2020-q2-update.linux64_1.5.0.202011040924/tools/bin/../lib/gcc/arm-none-eabi/9.3.1/../../../../arm-none-eabi/lib/thumb/v7e-m+fp/hard/crt0.o (__libc_init_array)
/opt/stm32cubeide/plugins/com.st.stm32cube.ide.mcu.externaltools.gnu-tools-for-stm32.9-2020-q2-update.linux64_1.5.0.202011040924/tools/bin/../lib/gcc/arm-none-eabi/9.3.1/../../../../arm-none-eabi/lib/thumb/v7e-m+fp/hard/libc_nano.a(lib_a-memcpy-stub.o)
                              Middlewares/ST/BlueNRG-MS/hci/controller/bluenrg_gap_aci.o (memcpy)
/opt/stm32cubeide/plugins/com.st.stm32cube.ide.mcu.externaltools.gnu-tools-for-stm32.9-2020-q2-update.linux64_1.5.0.202011040924/tools/bin/../lib/gcc/arm-none-eabi/9.3.1/../../../../arm-none-eabi/lib/thumb/v7e-m+fp/hard/libc_nano.a(lib_a-memset.o)
                              /opt/stm32cubeide/plugins/com.st.stm32cube.ide.mcu.externaltools.gnu-tools-for-stm32.9-2020-q2-update.linux64_1.5.0.202011040924/tools/bin/../lib/gcc/arm-none-eabi/9.3.1/../../../../arm-none-eabi/lib/thumb/v7e-m+fp/hard/crt0.o (memset)
/opt/stm32cubeide/plugins/com.st.stm32cube.ide.mcu.externaltools.gnu-tools-for-stm32.9-2020-q2-update.linux64_1.5.0.202011040924/tools/bin/../lib/gcc/arm-none-eabi/9.3.1/../../../../arm-none-eabi/lib/thumb/v7e-m+fp/hard/libc_nano.a(lib_a-sprintf.o)
                              Core/Src/main.o (sprintf)
/opt/stm32cubeide/plugins/com.st.stm32cube.ide.mcu.externaltools.gnu-tools-for-stm32.9-2020-q2-update.linux64_1.5.0.202011040924/tools/bin/../lib/gcc/arm-none-eabi/9.3.1/../../../../arm-none-eabi/lib/thumb/v7e-m+fp/hard/libc_nano.a(lib_a-strlen.o)
                              Core/Src/main.o (strlen)
/opt/stm32cubeide/plugins/com.st.stm32cube.ide.mcu.externaltools.gnu-tools-for-stm32.9-2020-q2-update.linux64_1.5.0.202011040924/tools/bin/../lib/gcc/arm-none-eabi/9.3.1/../../../../arm-none-eabi/lib/thumb/v7e-m+fp/hard/libc_nano.a(lib_a-nano-svfprintf.o)
                              /opt/stm32cubeide/plugins/com.st.stm32cube.ide.mcu.externaltools.gnu-tools-for-stm32.9-2020-q2-update.linux64_1.5.0.202011040924/tools/bin/../lib/gcc/arm-none-eabi/9.3.1/../../../../arm-none-eabi/lib/thumb/v7e-m+fp/hard/libc_nano.a(lib_a-sprintf.o) (_svfprintf_r)
/opt/stm32cubeide/plugins/com.st.stm32cube.ide.mcu.externaltools.gnu-tools-for-stm32.9-2020-q2-update.linux64_1.5.0.202011040924/tools/bin/../lib/gcc/arm-none-eabi/9.3.1/../../../../arm-none-eabi/lib/thumb/v7e-m+fp/hard/libc_nano.a(lib_a-nano-vfprintf_i.o)
                              /opt/stm32cubeide/plugins/com.st.stm32cube.ide.mcu.externaltools.gnu-tools-for-stm32.9-2020-q2-update.linux64_1.5.0.202011040924/tools/bin/../lib/gcc/arm-none-eabi/9.3.1/../../../../arm-none-eabi/lib/thumb/v7e-m+fp/hard/libc_nano.a(lib_a-nano-svfprintf.o) (_printf_i)
/opt/stm32cubeide/plugins/com.st.stm32cube.ide.mcu.externaltools.gnu-tools-for-stm32.9-2020-q2-update.linux64_1.5.0.202011040924/tools/bin/../lib/gcc/arm-none-eabi/9.3.1/../../../../arm-none-eabi/lib/thumb/v7e-m+fp/hard/libc_nano.a(lib_a-memchr.o)
[...]
Memory Configuration

Name             Origin             Length             Attributes
RAM              0x0000000020000000 0x0000000000018000 xrw
RAM2             0x0000000010000000 0x0000000000008000 xrw
FLASH            0x0000000008000000 0x0000000000100000 xr
*default*        0x0000000000000000 0xffffffffffffffff

Linker script and memory map

LOAD /opt/stm32cubeide/plugins/com.st.stm32cube.ide.mcu.externaltools.gnu-tools-for-stm32.9-2020-q2-update.linux64_1.5.0.202011040924/tools/bin/../lib/gcc/arm-none-eabi/9.3.1/thumb/v7e-m+fp/hard/crti.o
LOAD /opt/stm32cubeide/plugins/com.st.stm32cube.ide.mcu.externaltools.gnu-tools-for-stm32.9-2020-q2-update.linux64_1.5.0.202011040924/tools/bin/../lib/gcc/arm-none-eabi/9.3.1/thumb/v7e-m+fp/hard/crtbegin.o
LOAD /opt/stm32cubeide/plugins/com.st.stm32cube.ide.mcu.externaltools.gnu-tools-for-stm32.9-2020-q2-update.linux64_1.5.0.202011040924/tools/bin/../lib/gcc/arm-none-eabi/9.3.1/../../../../arm-none-eabi/lib/thumb/v7e-m+fp/hard/crt0.o
LOAD BlueNRG_MS/Target/hci_tl_interface.o
LOAD Core/Src/custom_bus.o
LOAD Core/Src/main.o
LOAD Core/Src/stm32l4xx_hal_msp.o
LOAD Core/Src/stm32l4xx_it.o
LOAD Core/Src/syscalls.o
LOAD Core/Src/sysmem.o
LOAD Core/Src/system_stm32l4xx.o
LOAD Core/Startup/startup_stm32l476jgyx.o
LOAD Drivers/STM32L4xx_HAL_Driver/Src/stm32l4xx_hal.o
LOAD Drivers/STM32L4xx_HAL_Driver/Src/stm32l4xx_hal_cortex.o
LOAD Drivers/STM32L4xx_HAL_Driver/Src/stm32l4xx_hal_dma.o
LOAD Drivers/STM32L4xx_HAL_Driver/Src/stm32l4xx_hal_dma_ex.o
LOAD Drivers/STM32L4xx_HAL_Driver/Src/stm32l4xx_hal_exti.o
LOAD Drivers/STM32L4xx_HAL_Driver/Src/stm32l4xx_hal_flash.o
LOAD Drivers/STM32L4xx_HAL_Driver/Src/stm32l4xx_hal_flash_ex.o
LOAD Drivers/STM32L4xx_HAL_Driver/Src/stm32l4xx_hal_flash_ramfunc.o
LOAD Drivers/STM32L4xx_HAL_Driver/Src/stm32l4xx_hal_gpio.o
LOAD Drivers/STM32L4xx_HAL_Driver/Src/stm32l4xx_hal_i2c.o
LOAD Drivers/STM32L4xx_HAL_Driver/Src/stm32l4xx_hal_i2c_ex.o
LOAD Drivers/STM32L4xx_HAL_Driver/Src/stm32l4xx_hal_pwr.o
LOAD Drivers/STM32L4xx_HAL_Driver/Src/stm32l4xx_hal_pwr_ex.o
LOAD Drivers/STM32L4xx_HAL_Driver/Src/stm32l4xx_hal_rcc.o
LOAD Drivers/STM32L4xx_HAL_Driver/Src/stm32l4xx_hal_rcc_ex.o
LOAD Drivers/STM32L4xx_HAL_Driver/Src/stm32l4xx_hal_spi.o
LOAD Drivers/STM32L4xx_HAL_Driver/Src/stm32l4xx_hal_spi_ex.o
LOAD Drivers/STM32L4xx_HAL_Driver/Src/stm32l4xx_hal_tim.o
LOAD Drivers/STM32L4xx_HAL_Driver/Src/stm32l4xx_hal_tim_ex.o
LOAD Drivers/STM32L4xx_HAL_Driver/Src/stm32l4xx_hal_uart.o
LOAD Drivers/STM32L4xx_HAL_Driver/Src/stm32l4xx_hal_uart_ex.o
LOAD Drivers/max30102/MAX30102.o
LOAD Drivers/max30102/algorithm.o
LOAD Drivers/max30102/main.o
LOAD Drivers/max30102/max30102.o
LOAD Drivers/sx1508b/sx1508b.o
LOAD Drivers/sx1508b/sx1508b_core.o
LOAD Middlewares/ST/BlueNRG-MS/hci/controller/bluenrg_gap_aci.o
LOAD Middlewares/ST/BlueNRG-MS/hci/controller/bluenrg_gatt_aci.o
LOAD Middlewares/ST/BlueNRG-MS/hci/controller/bluenrg_hal_aci.o
LOAD Middlewares/ST/BlueNRG-MS/hci/controller/bluenrg_l2cap_aci.o
LOAD Middlewares/ST/BlueNRG-MS/hci/controller/bluenrg_updater_aci.o
LOAD Middlewares/ST/BlueNRG-MS/hci/controller/bluenrg_utils_small.o
LOAD Middlewares/ST/BlueNRG-MS/hci/hci_le.o
LOAD Middlewares/ST/BlueNRG-MS/hci/hci_tl_patterns/Basic/hci_tl.o
LOAD Middlewares/ST/BlueNRG-MS/utils/ble_list.o
START GROUP
LOAD /opt/stm32cubeide/plugins/com.st.stm32cube.ide.mcu.externaltools.gnu-tools-for-stm32.9-2020-q2-update.linux64_1.5.0.202011040924/tools/bin/../lib/gcc/arm-none-eabi/9.3.1/../../../../arm-none-eabi/lib/thumb/v7e-m+fp/hard/libc_nano.a
LOAD /opt/stm32cubeide/plugins/com.st.stm32cube.ide.mcu.externaltools.gnu-tools-for-stm32.9-2020-q2-update.linux64_1.5.0.202011040924/tools/bin/../lib/gcc/arm-none-eabi/9.3.1/../../../../arm-none-eabi/lib/thumb/v7e-m+fp/hard/libm.a
END GROUP
START GROUP
LOAD /opt/stm32cubeide/plugins/com.st.stm32cube.ide.mcu.externaltools.gnu-tools-for-stm32.9-2020-q2-update.linux64_1.5.0.202011040924/tools/bin/../lib/gcc/arm-none-eabi/9.3.1/thumb/v7e-m+fp/hard/libgcc.a
LOAD /opt/stm32cubeide/plugins/com.st.stm32cube.ide.mcu.externaltools.gnu-tools-for-stm32.9-2020-q2-update.linux64_1.5.0.202011040924/tools/bin/../lib/gcc/arm-none-eabi/9.3.1/../../../../arm-none-eabi/lib/thumb/v7e-m+fp/hard/libc_nano.a
END GROUP
START GROUP
LOAD /opt/stm32cubeide/plugins/com.st.stm32cube.ide.mcu.externaltools.gnu-tools-for-stm32.9-2020-q2-update.linux64_1.5.0.202011040924/tools/bin/../lib/gcc/arm-none-eabi/9.3.1/thumb/v7e-m+fp/hard/libgcc.a
LOAD /opt/stm32cubeide/plugins/com.st.stm32cube.ide.mcu.externaltools.gnu-tools-for-stm32.9-2020-q2-update.linux64_1.5.0.202011040924/tools/bin/../lib/gcc/arm-none-eabi/9.3.1/../../../../arm-none-eabi/lib/thumb/v7e-m+fp/hard/libc_nano.a
LOAD /opt/stm32cubeide/plugins/com.st.stm32cube.ide.mcu.externaltools.gnu-tools-for-stm32.9-2020-q2-update.linux64_1.5.0.202011040924/tools/bin/../lib/gcc/arm-none-eabi/9.3.1/../../../../arm-none-eabi/lib/thumb/v7e-m+fp/hard/libnosys.a
END GROUP
START GROUP
LOAD /opt/stm32cubeide/plugins/com.st.stm32cube.ide.mcu.externaltools.gnu-tools-for-stm32.9-2020-q2-update.linux64_1.5.0.202011040924/tools/bin/../lib/gcc/arm-none-eabi/9.3.1/thumb/v7e-m+fp/hard/libgcc.a
LOAD /opt/stm32cubeide/plugins/com.st.stm32cube.ide.mcu.externaltools.gnu-tools-for-stm32.9-2020-q2-update.linux64_1.5.0.202011040924/tools/bin/../lib/gcc/arm-none-eabi/9.3.1/../../../../arm-none-eabi/lib/thumb/v7e-m+fp/hard/libc_nano.a
LOAD /opt/stm32cubeide/plugins/com.st.stm32cube.ide.mcu.externaltools.gnu-tools-for-stm32.9-2020-q2-update.linux64_1.5.0.202011040924/tools/bin/../lib/gcc/arm-none-eabi/9.3.1/../../../../arm-none-eabi/lib/thumb/v7e-m+fp/hard/libnosys.a
END GROUP
LOAD /opt/stm32cubeide/plugins/com.st.stm32cube.ide.mcu.externaltools.gnu-tools-for-stm32.9-2020-q2-update.linux64_1.5.0.202011040924/tools/bin/../lib/gcc/arm-none-eabi/9.3.1/thumb/v7e-m+fp/hard/crtend.o
LOAD /opt/stm32cubeide/plugins/com.st.stm32cube.ide.mcu.externaltools.gnu-tools-for-stm32.9-2020-q2-update.linux64_1.5.0.202011040924/tools/bin/../lib/gcc/arm-none-eabi/9.3.1/thumb/v7e-m+fp/hard/crtn.o
                0x0000000020018000                _estack = (ORIGIN (RAM) + LENGTH (RAM))
                0x0000000000000200                _Min_Heap_Size = 0x200
                0x0000000000000400                _Min_Stack_Size = 0x400

.isr_vector     0x0000000008000000      0x188
                0x0000000008000000                . = ALIGN (0x4)
 *(.isr_vector)
 .isr_vector    0x0000000008000000      0x188 Core/Startup/startup_stm32l476jgyx.o
                0x0000000008000000                g_pfnVectors
                0x0000000008000188                . = ALIGN (0x4)

.text           0x0000000008000190     0x5f78
                0x0000000008000190                . = ALIGN (0x4)
 *(.text)
 .text          0x0000000008000190       0x40 /opt/stm32cubeide/plugins/com.st.stm32cube.ide.mcu.externaltools.gnu-tools-for-stm32.9-2020-q2-update.linux64_1.5.0.202011040924/tools/bin/../lib/gcc/arm-none-eabi/9.3.1/thumb/v7e-m+fp/hard/crtbegin.o
 .text          0x00000000080001d0       0x10 /opt/stm32cubeide/plugins/com.st.stm32cube.ide.mcu.externaltools.gnu-tools-for-stm32.9-2020-q2-update.linux64_1.5.0.202011040924/tools/bin/../lib/gcc/arm-none-eabi/9.3.1/../../../../arm-none-eabi/lib/thumb/v7e-m+fp/hard/libc_nano.a(lib_a-strlen.o)
                0x00000000080001d0                strlen
 .text          0x00000000080001e0       0xa0 /opt/stm32cubeide/plugins/com.st.stm32cube.ide.mcu.externaltools.gnu-tools-for-stm32.9-2020-q2-update.linux64_1.5.0.202011040924/tools/bin/../lib/gcc/arm-none-eabi/9.3.1/../../../../arm-none-eabi/lib/thumb/v7e-m+fp/hard/libc_nano.a(lib_a-memchr.o)
                0x00000000080001e0                memchr
 .text          0x0000000008000280       0x30 /opt/stm32cubeide/plugins/com.st.stm32cube.ide.mcu.externaltools.gnu-tools-for-stm32.9-2020-q2-update.linux64_1.5.0.202011040924/tools/bin/../lib/gcc/arm-none-eabi/9.3.1/thumb/v7e-m+fp/hard/libgcc.a(_aeabi_uldivmod.o)
                0x0000000008000280                __aeabi_uldivmod
 .text          0x00000000080002b0      0x2c4 /opt/stm32cubeide/plugins/com.st.stm32cube.ide.mcu.externaltools.gnu-tools-for-stm32.9-2020-q2-update.linux64_1.5.0.202011040924/tools/bin/../lib/gcc/arm-none-eabi/9.3.1/thumb/v7e-m+fp/hard/libgcc.a(_udivmoddi4.o)
                0x00000000080002b0                __udivmoddi4
 .text          0x0000000008000574        0x4 /opt/stm32cubeide/plugins/com.st.stm32cube.ide.mcu.externaltools.gnu-tools-for-stm32.9-2020-q2-update.linux64_1.5.0.202011040924/tools/bin/../lib/gcc/arm-none-eabi/9.3.1/thumb/v7e-m+fp/hard/libgcc.a(_dvmd_tls.o)
                0x0000000008000574                __aeabi_ldiv0
                0x0000000008000574                __aeabi_idiv0
 *(.text*)
 .text.UART2_SendString
                0x0000000008000578       0x2c Core/Src/main.o
                0x0000000008000578                UART2_SendString
 .text.main     0x00000000080005a4       0xc0 Core/Src/main.o
                0x00000000080005a4                main
 .text.SystemClock_Config
                0x0000000008000664       0xf4 Core/Src/main.o
                0x0000000008000664                SystemClock_Config
 .text.MX_I2C3_Init
                0x0000000008000758       0x80 Core/Src/main.o
 .text.MX_SPI2_Init
                0x00000000080007d8       0x7c Core/Src/main.o
 .text.MX_USART1_UART_Init
                0x0000000008000854       0x60 Core/Src/main.o
 .text.MX_GPIO_Init
                0x00000000080008b4      0x1bc Core/Src/main.o
 .text.flashLED
                0x0000000008000a70       0x34 Core/Src/main.o
                0x0000000008000a70                flashLED
 .text.sx1508b_configure
                0x0000000008000aa4       0x1e Core/Src/main.o
                0x0000000008000aa4                sx1508b_configure
 *fill*         0x0000000008000ac2        0x2 
 .text.i2c_read
                0x0000000008000ac4       0x4c Core/Src/main.o
                0x0000000008000ac4                i2c_read
 .text.i2c_write
                0x0000000008000b10       0x4c Core/Src/main.o
                0x0000000008000b10                i2c_write
 .text.max30102_read
                0x0000000008000b5c       0x2c Core/Src/main.o
                0x0000000008000b5c                max30102_read
 .text.max30102_readInterruptPin
                0x0000000008000b88       0x24 Core/Src/main.o
                0x0000000008000b88                max30102_readInterruptPin
 .text.max30102_write
                0x0000000008000bac       0x2c Core/Src/main.o
                0x0000000008000bac                max30102_write
 .text.sx1508b_read
                0x0000000008000bd8       0x2c Core/Src/main.o
                0x0000000008000bd8                sx1508b_read
 .text.sx1508b_write
                0x0000000008000c04       0x2c Core/Src/main.o
                0x0000000008000c04                sx1508b_write
 .text.Error_Handler
                0x0000000008000c30        0xa Core/Src/main.o
                0x0000000008000c30                Error_Handler
 *fill*         0x0000000008000c3a        0x2 
 .text.HAL_MspInit
                0x0000000008000c3c       0x48 Core/Src/stm32l4xx_hal_msp.o
                0x0000000008000c3c                HAL_MspInit
 .text.HAL_I2C_MspInit
                0x0000000008000c84       0x88 Core/Src/stm32l4xx_hal_msp.o
                0x0000000008000c84                HAL_I2C_MspInit
 .text.HAL_SPI_MspInit
                0x0000000008000d0c       0x88 Core/Src/stm32l4xx_hal_msp.o
                0x0000000008000d0c                HAL_SPI_MspInit
 .text.HAL_UART_MspInit
                0x0000000008000d94       0xc8 Core/Src/stm32l4xx_hal_msp.o
                0x0000000008000d94                HAL_UART_MspInit
 .text.NMI_Handler
                0x0000000008000e5c        0x6 Core/Src/stm32l4xx_it.o
                0x0000000008000e5c                NMI_Handler
 .text.HardFault_Handler
                0x0000000008000e62        0x6 Core/Src/stm32l4xx_it.o
                0x0000000008000e62                HardFault_Handler
 .text.MemManage_Handler
                0x0000000008000e68        0x6 Core/Src/stm32l4xx_it.o
                0x0000000008000e68                MemManage_Handler
 .text.BusFault_Handler
                0x0000000008000e6e        0x6 Core/Src/stm32l4xx_it.o
                0x0000000008000e6e                BusFault_Handler
 .text.UsageFault_Handler
                0x0000000008000e74        0x6 Core/Src/stm32l4xx_it.o
                0x0000000008000e74                UsageFault_Handler
 .text.SVC_Handler
                0x0000000008000e7a        0xe Core/Src/stm32l4xx_it.o
                0x0000000008000e7a                SVC_Handler
 .text.DebugMon_Handler
                0x0000000008000e88        0xe Core/Src/stm32l4xx_it.o
                0x0000000008000e88                DebugMon_Handler
 .text.PendSV_Handler
                0x0000000008000e96        0xe Core/Src/stm32l4xx_it.o
                0x0000000008000e96                PendSV_Handler
 .text.SysTick_Handler
                0x0000000008000ea4        0xc Core/Src/stm32l4xx_it.o
                0x0000000008000ea4                SysTick_Handler
 .text.EXTI9_5_IRQHandler
                0x0000000008000eb0       0x14 Core/Src/stm32l4xx_it.o
                0x0000000008000eb0                EXTI9_5_IRQHandler
 .text._sbrk    0x0000000008000ec4       0x6c Core/Src/sysmem.o
                0x0000000008000ec4                _sbrk
 .text.SystemInit
                0x0000000008000f30       0x64 Core/Src/system_stm32l4xx.o
                0x0000000008000f30                SystemInit
 .text.Reset_Handler
                0x0000000008000f94       0x50 Core/Startup/startup_stm32l476jgyx.o
                0x0000000008000f94                Reset_Handler
 .text.Default_Handler
                0x0000000008000fe4        0x2 Core/Startup/startup_stm32l476jgyx.o
                0x0000000008000fe4                RTC_Alarm_IRQHandler
                0x0000000008000fe4                EXTI2_IRQHandler
                0x0000000008000fe4                TIM8_TRG_COM_IRQHandler
                0x0000000008000fe4                TIM8_CC_IRQHandler
                0x0000000008000fe4                TIM1_CC_IRQHandler
                0x0000000008000fe4                TSC_IRQHandler
                0x0000000008000fe4                TAMP_STAMP_IRQHandler
                0x0000000008000fe4                EXTI3_IRQHandler
                0x0000000008000fe4                LPTIM2_IRQHandler
                0x0000000008000fe4                DFSDM1_FLT1_IRQHandler
                0x0000000008000fe4                I2C3_ER_IRQHandler
                0x0000000008000fe4                DFSDM1_FLT2_IRQHandler
                0x0000000008000fe4                EXTI0_IRQHandler
                0x0000000008000fe4                I2C2_EV_IRQHandler
                0x0000000008000fe4                CAN1_RX0_IRQHandler
                0x0000000008000fe4                FPU_IRQHandler
                0x0000000008000fe4                TIM1_UP_TIM16_IRQHandler
                0x0000000008000fe4                ADC1_2_IRQHandler
                0x0000000008000fe4                SPI1_IRQHandler
                0x0000000008000fe4                TIM6_DAC_IRQHandler
                0x0000000008000fe4                TIM8_UP_IRQHandler
                0x0000000008000fe4                DMA2_Channel2_IRQHandler
                0x0000000008000fe4                DMA1_Channel4_IRQHandler
                0x0000000008000fe4                SAI2_IRQHandler
                0x0000000008000fe4                DFSDM1_FLT3_IRQHandler
                0x0000000008000fe4                USART3_IRQHandler
                0x0000000008000fe4                DMA1_Channel7_IRQHandler
                0x0000000008000fe4                CAN1_RX1_IRQHandler
                0x0000000008000fe4                LCD_IRQHandler
                0x0000000008000fe4                UART5_IRQHandler
                0x0000000008000fe4                ADC3_IRQHandler
                0x0000000008000fe4                TIM4_IRQHandler
                0x0000000008000fe4                DMA2_Channel1_IRQHandler
                0x0000000008000fe4                QUADSPI_IRQHandler
                0x0000000008000fe4                I2C1_EV_IRQHandler
                0x0000000008000fe4                DMA1_Channel6_IRQHandler
                0x0000000008000fe4                UART4_IRQHandler
                0x0000000008000fe4                DMA2_Channel4_IRQHandler
                0x0000000008000fe4                TIM3_IRQHandler
                0x0000000008000fe4                RCC_IRQHandler
                0x0000000008000fe4                DMA1_Channel1_IRQHandler
                0x0000000008000fe4                Default_Handler
                0x0000000008000fe4                DMA2_Channel7_IRQHandler
                0x0000000008000fe4                EXTI15_10_IRQHandler
                0x0000000008000fe4                TIM7_IRQHandler
                0x0000000008000fe4                SDMMC1_IRQHandler
                0x0000000008000fe4                TIM5_IRQHandler
                0x0000000008000fe4                I2C3_EV_IRQHandler
                0x0000000008000fe4                RTC_WKUP_IRQHandler
                0x0000000008000fe4                PVD_PVM_IRQHandler
                0x0000000008000fe4                SPI2_IRQHandler
                0x0000000008000fe4                CAN1_TX_IRQHandler
                0x0000000008000fe4                DMA2_Channel5_IRQHandler
                0x0000000008000fe4                DMA1_Channel5_IRQHandler
                0x0000000008000fe4                EXTI4_IRQHandler
                0x0000000008000fe4                RNG_IRQHandler
                0x0000000008000fe4                TIM1_TRG_COM_TIM17_IRQHandler
                0x0000000008000fe4                DMA1_Channel3_IRQHandler
                0x0000000008000fe4                COMP_IRQHandler
                0x0000000008000fe4                WWDG_IRQHandler
                0x0000000008000fe4                LPUART1_IRQHandler
                0x0000000008000fe4                DMA2_Channel6_IRQHandler
                0x0000000008000fe4                TIM2_IRQHandler
                0x0000000008000fe4                EXTI1_IRQHandler
                0x0000000008000fe4                USART2_IRQHandler
                0x0000000008000fe4                DFSDM1_FLT0_IRQHandler
                0x0000000008000fe4                I2C2_ER_IRQHandler
                0x0000000008000fe4                DMA1_Channel2_IRQHandler
                0x0000000008000fe4                TIM8_BRK_IRQHandler
                0x0000000008000fe4                CAN1_SCE_IRQHandler
                0x0000000008000fe4                FLASH_IRQHandler
                0x0000000008000fe4                USART1_IRQHandler
                0x0000000008000fe4                OTG_FS_IRQHandler
                0x0000000008000fe4                SPI3_IRQHandler
                0x0000000008000fe4                I2C1_ER_IRQHandler
                0x0000000008000fe4                FMC_IRQHandler
                0x0000000008000fe4                SWPMI1_IRQHandler
                0x0000000008000fe4                LPTIM1_IRQHandler
                0x0000000008000fe4                SAI1_IRQHandler
                0x0000000008000fe4                DMA2_Channel3_IRQHandler
                0x0000000008000fe4                TIM1_BRK_TIM15_IRQHandler
 .text.HAL_Init
                0x0000000008000fe6       0x30 Drivers/STM32L4xx_HAL_Driver/Src/stm32l4xx_hal.o
                0x0000000008000fe6                HAL_Init
 *fill*         0x0000000008001016        0x2 
 .text.HAL_InitTick
                0x0000000008001018       0x78 Drivers/STM32L4xx_HAL_Driver/Src/stm32l4xx_hal.o
                0x0000000008001018                HAL_InitTick
 .text.HAL_IncTick
                0x0000000008001090       0x28 Drivers/STM32L4xx_HAL_Driver/Src/stm32l4xx_hal.o
                0x0000000008001090                HAL_IncTick
 .text.HAL_GetTick
                0x00000000080010b8       0x18 Drivers/STM32L4xx_HAL_Driver/Src/stm32l4xx_hal.o
                0x00000000080010b8                HAL_GetTick
 .text.HAL_Delay
                0x00000000080010d0       0x48 Drivers/STM32L4xx_HAL_Driver/Src/stm32l4xx_hal.o
                0x00000000080010d0                HAL_Delay
 .text.__NVIC_SetPriorityGrouping
                0x0000000008001118       0x48 Drivers/STM32L4xx_HAL_Driver/Src/stm32l4xx_hal_cortex.o
 .text.__NVIC_GetPriorityGrouping
                0x0000000008001160       0x1c Drivers/STM32L4xx_HAL_Driver/Src/stm32l4xx_hal_cortex.o
 .text.__NVIC_EnableIRQ
                0x000000000800117c       0x3c Drivers/STM32L4xx_HAL_Driver/Src/stm32l4xx_hal_cortex.o
 .text.__NVIC_SetPriority
                0x00000000080011b8       0x54 Drivers/STM32L4xx_HAL_Driver/Src/stm32l4xx_hal_cortex.o
 .text.NVIC_EncodePriority
                0x000000000800120c       0x66 Drivers/STM32L4xx_HAL_Driver/Src/stm32l4xx_hal_cortex.o
 *fill*         0x0000000008001272        0x2 
 .text.SysTick_Config
                0x0000000008001274       0x44 Drivers/STM32L4xx_HAL_Driver/Src/stm32l4xx_hal_cortex.o
 .text.HAL_NVIC_SetPriorityGrouping
                0x00000000080012b8       0x16 Drivers/STM32L4xx_HAL_Driver/Src/stm32l4xx_hal_cortex.o
                0x00000000080012b8                HAL_NVIC_SetPriorityGrouping
 .text.HAL_NVIC_SetPriority
                0x00000000080012ce       0x38 Drivers/STM32L4xx_HAL_Driver/Src/stm32l4xx_hal_cortex.o
                0x00000000080012ce                HAL_NVIC_SetPriority
 .text.HAL_NVIC_EnableIRQ
                0x0000000008001306       0x1c Drivers/STM32L4xx_HAL_Driver/Src/stm32l4xx_hal_cortex.o
                0x0000000008001306                HAL_NVIC_EnableIRQ
 .text.HAL_SYSTICK_Config
                0x0000000008001322       0x18 Drivers/STM32L4xx_HAL_Driver/Src/stm32l4xx_hal_cortex.o
                0x0000000008001322                HAL_SYSTICK_Config
 *fill*         0x000000000800133a        0x2 
 .text.HAL_EXTI_IRQHandler
                0x000000000800133c       0x60 Drivers/STM32L4xx_HAL_Driver/Src/stm32l4xx_hal_exti.o
                0x000000000800133c                HAL_EXTI_IRQHandler
 .text.HAL_GPIO_Init
                0x000000000800139c      0x354 Drivers/STM32L4xx_HAL_Driver/Src/stm32l4xx_hal_gpio.o
                0x000000000800139c                HAL_GPIO_Init
 .text.HAL_GPIO_WritePin
                0x00000000080016f0       0x30 Drivers/STM32L4xx_HAL_Driver/Src/stm32l4xx_hal_gpio.o
                0x00000000080016f0                HAL_GPIO_WritePin
 .text.HAL_I2C_Init
                0x0000000008001720      0x11e Drivers/STM32L4xx_HAL_Driver/Src/stm32l4xx_hal_i2c.o
                0x0000000008001720                HAL_I2C_Init
 *fill*         0x000000000800183e        0x2 
 .text.HAL_I2C_Mem_Write
                0x0000000008001840      0x228 Drivers/STM32L4xx_HAL_Driver/Src/stm32l4xx_hal_i2c.o
                0x0000000008001840                HAL_I2C_Mem_Write
 .text.HAL_I2C_Mem_Read
                0x0000000008001a68      0x234 Drivers/STM32L4xx_HAL_Driver/Src/stm32l4xx_hal_i2c.o
                0x0000000008001a68                HAL_I2C_Mem_Read
 .text.I2C_RequestMemoryWrite
                0x0000000008001c9c       0xa8 Drivers/STM32L4xx_HAL_Driver/Src/stm32l4xx_hal_i2c.o
 .text.I2C_RequestMemoryRead
                0x0000000008001d44       0xa8 Drivers/STM32L4xx_HAL_Driver/Src/stm32l4xx_hal_i2c.o
 .text.I2C_Flush_TXDR
                0x0000000008001dec       0x48 Drivers/STM32L4xx_HAL_Driver/Src/stm32l4xx_hal_i2c.o
 .text.I2C_WaitOnFlagUntilTimeout
                0x0000000008001e34       0x80 Drivers/STM32L4xx_HAL_Driver/Src/stm32l4xx_hal_i2c.o
 .text.I2C_WaitOnTXISFlagUntilTimeout
                0x0000000008001eb4       0x80 Drivers/STM32L4xx_HAL_Driver/Src/stm32l4xx_hal_i2c.o
 .text.I2C_WaitOnSTOPFlagUntilTimeout
                0x0000000008001f34       0x78 Drivers/STM32L4xx_HAL_Driver/Src/stm32l4xx_hal_i2c.o
 .text.I2C_IsAcknowledgeFailed
                0x0000000008001fac       0xcc Drivers/STM32L4xx_HAL_Driver/Src/stm32l4xx_hal_i2c.o
 .text.I2C_TransferConfig
                0x0000000008002078       0x5c Drivers/STM32L4xx_HAL_Driver/Src/stm32l4xx_hal_i2c.o
 .text.HAL_I2CEx_ConfigAnalogFilter
                0x00000000080020d4       0x96 Drivers/STM32L4xx_HAL_Driver/Src/stm32l4xx_hal_i2c_ex.o
                0x00000000080020d4                HAL_I2CEx_ConfigAnalogFilter
 .text.HAL_I2CEx_ConfigDigitalFilter
                0x000000000800216a       0x98 Drivers/STM32L4xx_HAL_Driver/Src/stm32l4xx_hal_i2c_ex.o
                0x000000000800216a                HAL_I2CEx_ConfigDigitalFilter
 *fill*         0x0000000008002202        0x2 
 .text.HAL_PWREx_GetVoltageRange
                0x0000000008002204       0x1c Drivers/STM32L4xx_HAL_Driver/Src/stm32l4xx_hal_pwr_ex.o
                0x0000000008002204                HAL_PWREx_GetVoltageRange
 .text.HAL_PWREx_ControlVoltageScaling
                0x0000000008002220       0xac Drivers/STM32L4xx_HAL_Driver/Src/stm32l4xx_hal_pwr_ex.o
                0x0000000008002220                HAL_PWREx_ControlVoltageScaling
 .text.HAL_PWREx_EnableVddIO2
                0x00000000080022cc       0x20 Drivers/STM32L4xx_HAL_Driver/Src/stm32l4xx_hal_pwr_ex.o
                0x00000000080022cc                HAL_PWREx_EnableVddIO2
 .text.HAL_RCC_OscConfig
                0x00000000080022ec      0x7cc Drivers/STM32L4xx_HAL_Driver/Src/stm32l4xx_hal_rcc.o
                0x00000000080022ec                HAL_RCC_OscConfig
 .text.HAL_RCC_ClockConfig
                0x0000000008002ab8      0x1c4 Drivers/STM32L4xx_HAL_Driver/Src/stm32l4xx_hal_rcc.o
                0x0000000008002ab8                HAL_RCC_ClockConfig
 .text.HAL_RCC_GetSysClockFreq
                0x0000000008002c7c      0x118 Drivers/STM32L4xx_HAL_Driver/Src/stm32l4xx_hal_rcc.o
                0x0000000008002c7c                HAL_RCC_GetSysClockFreq
 .text.HAL_RCC_GetHCLKFreq
                0x0000000008002d94       0x18 Drivers/STM32L4xx_HAL_Driver/Src/stm32l4xx_hal_rcc.o
                0x0000000008002d94                HAL_RCC_GetHCLKFreq
 .text.HAL_RCC_GetPCLK1Freq
                0x0000000008002dac       0x2c Drivers/STM32L4xx_HAL_Driver/Src/stm32l4xx_hal_rcc.o
                0x0000000008002dac                HAL_RCC_GetPCLK1Freq
 .text.HAL_RCC_GetPCLK2Freq
                0x0000000008002dd8       0x2c Drivers/STM32L4xx_HAL_Driver/Src/stm32l4xx_hal_rcc.o
                0x0000000008002dd8                HAL_RCC_GetPCLK2Freq
 .text.RCC_SetFlashLatencyFromMSIRange
                0x0000000008002e04       0xc0 Drivers/STM32L4xx_HAL_Driver/Src/stm32l4xx_hal_rcc.o
 .text.HAL_RCCEx_PeriphCLKConfig
                0x0000000008002ec4      0x5d4 Drivers/STM32L4xx_HAL_Driver/Src/stm32l4xx_hal_rcc_ex.o
                0x0000000008002ec4                HAL_RCCEx_PeriphCLKConfig
 .text.RCCEx_PLLSAI1_Config
                0x0000000008003498      0x1e8 Drivers/STM32L4xx_HAL_Driver/Src/stm32l4xx_hal_rcc_ex.o
 .text.RCCEx_PLLSAI2_Config
                0x0000000008003680      0x1bc Drivers/STM32L4xx_HAL_Driver/Src/stm32l4xx_hal_rcc_ex.o
 .text.HAL_SPI_Init
                0x000000000800383c      0x146 Drivers/STM32L4xx_HAL_Driver/Src/stm32l4xx_hal_spi.o
                0x000000000800383c                HAL_SPI_Init
 .text.HAL_UART_Init
                0x0000000008003982       0x9c Drivers/STM32L4xx_HAL_Driver/Src/stm32l4xx_hal_uart.o
                0x0000000008003982                HAL_UART_Init
 .text.HAL_UART_Transmit
                0x0000000008003a1e      0x128 Drivers/STM32L4xx_HAL_Driver/Src/stm32l4xx_hal_uart.o
                0x0000000008003a1e                HAL_UART_Transmit
 *fill*         0x0000000008003b46        0x2 
 .text.UART_SetConfig
                0x0000000008003b48      0x514 Drivers/STM32L4xx_HAL_Driver/Src/stm32l4xx_hal_uart.o
                0x0000000008003b48                UART_SetConfig
 .text.UART_AdvFeatureConfig
                0x000000000800405c      0x144 Drivers/STM32L4xx_HAL_Driver/Src/stm32l4xx_hal_uart.o
                0x000000000800405c                UART_AdvFeatureConfig
 .text.UART_CheckIdleState
                0x00000000080041a0       0x92 Drivers/STM32L4xx_HAL_Driver/Src/stm32l4xx_hal_uart.o
                0x00000000080041a0                UART_CheckIdleState
 .text.UART_WaitOnFlagUntilTimeout
                0x0000000008004232       0xf8 Drivers/STM32L4xx_HAL_Driver/Src/stm32l4xx_hal_uart.o
                0x0000000008004232                UART_WaitOnFlagUntilTimeout
 *fill*         0x000000000800432a        0x2 
 .text.Max30102_WriteReg
                0x000000000800432c       0x44 Drivers/max30102/MAX30102.o
                0x000000000800432c                Max30102_WriteReg
 .text.Max30102_ReadReg
                0x0000000008004370       0x40 Drivers/max30102/MAX30102.o
                0x0000000008004370                Max30102_ReadReg
 .text.Max30102_WriteRegisterBit
                0x00000000080043b0       0x7e Drivers/max30102/MAX30102.o
                0x00000000080043b0                Max30102_WriteRegisterBit
 .text.Max30102_SetIntAlmostFullEnabled
                0x000000000800442e       0x20 Drivers/max30102/MAX30102.o
                0x000000000800442e                Max30102_SetIntAlmostFullEnabled
 .text.Max30102_SetIntFifoDataReadyEnabled
                0x000000000800444e       0x20 Drivers/max30102/MAX30102.o
                0x000000000800444e                Max30102_SetIntFifoDataReadyEnabled
 .text.Max30102_FifoWritePointer
                0x000000000800446e       0x2e Drivers/max30102/MAX30102.o
                0x000000000800446e                Max30102_FifoWritePointer
 .text.Max30102_FifoOverflowCounter
                0x000000000800449c       0x2e Drivers/max30102/MAX30102.o
                0x000000000800449c                Max30102_FifoOverflowCounter
 .text.Max30102_FifoReadPointer
                0x00000000080044ca       0x2e Drivers/max30102/MAX30102.o
                0x00000000080044ca                Max30102_FifoReadPointer
 .text.Max30102_FifoSampleAveraging
                0x00000000080044f8       0x5a Drivers/max30102/MAX30102.o
                0x00000000080044f8                Max30102_FifoSampleAveraging
 .text.Max30102_FifoRolloverEnable
                0x0000000008004552       0x26 Drivers/max30102/MAX30102.o
                0x0000000008004552                Max30102_FifoRolloverEnable
 .text.Max30102_FifoAlmostFullValue
                0x0000000008004578       0x7a Drivers/max30102/MAX30102.o
                0x0000000008004578                Max30102_FifoAlmostFullValue
 .text.Max30102_Reset
                0x00000000080045f2       0x44 Drivers/max30102/MAX30102.o
                0x00000000080045f2                Max30102_Reset
 .text.Max30102_SetMode
                0x0000000008004636       0x5e Drivers/max30102/MAX30102.o
                0x0000000008004636                Max30102_SetMode
 .text.Max30102_SpO2AdcRange
                0x0000000008004694       0x60 Drivers/max30102/MAX30102.o
                0x0000000008004694                Max30102_SpO2AdcRange
 .text.Max30102_SpO2SampleRate
                0x00000000080046f4       0x60 Drivers/max30102/MAX30102.o
                0x00000000080046f4                Max30102_SpO2SampleRate
 .text.Max30102_SpO2LedPulseWidth
                0x0000000008004754       0x5e Drivers/max30102/MAX30102.o
                0x0000000008004754                Max30102_SpO2LedPulseWidth
 .text.Max30102_Led1PulseAmplitude
                0x00000000080047b2       0x28 Drivers/max30102/MAX30102.o
                0x00000000080047b2                Max30102_Led1PulseAmplitude
 .text.Max30102_Led2PulseAmplitude
                0x00000000080047da       0x28 Drivers/max30102/MAX30102.o
                0x00000000080047da                Max30102_Led2PulseAmplitude
 *fill*         0x0000000008004802        0x2 
 .text.Max30102_GetHeartRate
                0x0000000008004804       0x18 Drivers/max30102/MAX30102.o
                0x0000000008004804                Max30102_GetHeartRate
 .text.Max30102_GetSpO2Value
                0x000000000800481c       0x18 Drivers/max30102/MAX30102.o
                0x000000000800481c                Max30102_GetSpO2Value
 .text.Max30102_Task
                0x0000000008004834      0x16c Drivers/max30102/MAX30102.o
                0x0000000008004834                Max30102_Task
 .text.Max30102_Init
                0x00000000080049a0      0x12c Drivers/max30102/MAX30102.o
                0x00000000080049a0                Max30102_Init
 .text.maxim_heart_rate_and_oxygen_saturation
                0x0000000008004acc      0x9c4 Drivers/max30102/algorithm.o
                0x0000000008004acc                maxim_heart_rate_and_oxygen_saturation
 .text.maxim_find_peaks
                0x0000000008005490       0x42 Drivers/max30102/algorithm.o
                0x0000000008005490                maxim_find_peaks
 .text.maxim_peaks_above_min_height
                0x00000000080054d2       0xe8 Drivers/max30102/algorithm.o
                0x00000000080054d2                maxim_peaks_above_min_height
 .text.maxim_remove_close_peaks
                0x00000000080055ba       0xc0 Drivers/max30102/algorithm.o
                0x00000000080055ba                maxim_remove_close_peaks
 .text.maxim_sort_ascend
                0x000000000800567a       0x86 Drivers/max30102/algorithm.o
                0x000000000800567a                maxim_sort_ascend
 .text.maxim_sort_indices_descend
                0x0000000008005700       0x98 Drivers/max30102/algorithm.o
                0x0000000008005700                maxim_sort_indices_descend
 .text.max30102_setup_communication
                0x0000000008005798       0x28 Drivers/max30102/max30102.o
                0x0000000008005798                max30102_setup_communication
 .text.sx1508b_setup_communication
                0x00000000080057c0       0x28 Drivers/sx1508b/sx1508b.o
                0x00000000080057c0                sx1508b_setup_communication
 .text.sx1508b_read_pin
                0x00000000080057e8       0x48 Drivers/sx1508b/sx1508b.o
                0x00000000080057e8                sx1508b_read_pin
 .text.__errno  0x0000000008005830        0xc /opt/stm32cubeide/plugins/com.st.stm32cube.ide.mcu.externaltools.gnu-tools-for-stm32.9-2020-q2-update.linux64_1.5.0.202011040924/tools/bin/../lib/gcc/arm-none-eabi/9.3.1/../../../../arm-none-eabi/lib/thumb/v7e-m+fp/hard/libc_nano.a(lib_a-errno.o)
                0x0000000008005830                __errno
 .text.__libc_init_array
                0x000000000800583c       0x48 /opt/stm32cubeide/plugins/com.st.stm32cube.ide.mcu.externaltools.gnu-tools-for-stm32.9-2020-q2-update.linux64_1.5.0.202011040924/tools/bin/../lib/gcc/arm-none-eabi/9.3.1/../../../../arm-none-eabi/lib/thumb/v7e-m+fp/hard/libc_nano.a(lib_a-init.o)
                0x000000000800583c                __libc_init_array
 .text.memcpy   0x0000000008005884       0x1c /opt/stm32cubeide/plugins/com.st.stm32cube.ide.mcu.externaltools.gnu-tools-for-stm32.9-2020-q2-update.linux64_1.5.0.202011040924/tools/bin/../lib/gcc/arm-none-eabi/9.3.1/../../../../arm-none-eabi/lib/thumb/v7e-m+fp/hard/libc_nano.a(lib_a-memcpy-stub.o)
                0x0000000008005884                memcpy
 .text.memset   0x00000000080058a0       0x10 /opt/stm32cubeide/plugins/com.st.stm32cube.ide.mcu.externaltools.gnu-tools-for-stm32.9-2020-q2-update.linux64_1.5.0.202011040924/tools/bin/../lib/gcc/arm-none-eabi/9.3.1/../../../../arm-none-eabi/lib/thumb/v7e-m+fp/hard/libc_nano.a(lib_a-memset.o)
                0x00000000080058a0                memset
 .text.sprintf  0x00000000080058b0       0x40 /opt/stm32cubeide/plugins/com.st.stm32cube.ide.mcu.externaltools.gnu-tools-for-stm32.9-2020-q2-update.linux64_1.5.0.202011040924/tools/bin/../lib/gcc/arm-none-eabi/9.3.1/../../../../arm-none-eabi/lib/thumb/v7e-m+fp/hard/libc_nano.a(lib_a-sprintf.o)
                0x00000000080058b0                sprintf
                0x00000000080058b0                siprintf
 .text.__ssputs_r
                0x00000000080058f0       0xb6 /opt/stm32cubeide/plugins/com.st.stm32cube.ide.mcu.externaltools.gnu-tools-for-stm32.9-2020-q2-update.linux64_1.5.0.202011040924/tools/bin/../lib/gcc/arm-none-eabi/9.3.1/../../../../arm-none-eabi/lib/thumb/v7e-m+fp/hard/libc_nano.a(lib_a-nano-svfprintf.o)
                0x00000000080058f0                __ssputs_r
 *fill*         0x00000000080059a6        0x2 
 .text._svfprintf_r
                0x00000000080059a8      0x200 /opt/stm32cubeide/plugins/com.st.stm32cube.ide.mcu.externaltools.gnu-tools-for-stm32.9-2020-q2-update.linux64_1.5.0.202011040924/tools/bin/../lib/gcc/arm-none-eabi/9.3.1/../../../../arm-none-eabi/lib/thumb/v7e-m+fp/hard/libc_nano.a(lib_a-nano-svfprintf.o)
                0x00000000080059a8                _svfprintf_r
                0x00000000080059a8                _svfiprintf_r
 .text._printf_common
                0x0000000008005ba8       0xda /opt/stm32cubeide/plugins/com.st.stm32cube.ide.mcu.externaltools.gnu-tools-for-stm32.9-2020-q2-update.linux64_1.5.0.202011040924/tools/bin/../lib/gcc/arm-none-eabi/9.3.1/../../../../arm-none-eabi/lib/thumb/v7e-m+fp/hard/libc_nano.a(lib_a-nano-vfprintf_i.o)
                0x0000000008005ba8                _printf_common
 *fill*         0x0000000008005c82        0x2 
 .text._printf_i
                0x0000000008005c84      0x24c /opt/stm32cubeide/plugins/com.st.stm32cube.ide.mcu.externaltools.gnu-tools-for-stm32.9-2020-q2-update.linux64_1.5.0.202011040924/tools/bin/../lib/gcc/arm-none-eabi/9.3.1/../../../../arm-none-eabi/lib/thumb/v7e-m+fp/hard/libc_nano.a(lib_a-nano-vfprintf_i.o)
                0x0000000008005c84                _printf_i
 .text.memmove  0x0000000008005ed0       0x34 /opt/stm32cubeide/plugins/com.st.stm32cube.ide.mcu.externaltools.gnu-tools-for-stm32.9-2020-q2-update.linux64_1.5.0.202011040924/tools/bin/../lib/gcc/arm-none-eabi/9.3.1/../../../../arm-none-eabi/lib/thumb/v7e-m+fp/hard/libc_nano.a(lib_a-memmove.o)
                0x0000000008005ed0                memmove
 .text._free_r  0x0000000008005f04       0xa0 /opt/stm32cubeide/plugins/com.st.stm32cube.ide.mcu.externaltools.gnu-tools-for-stm32.9-2020-q2-update.linux64_1.5.0.202011040924/tools/bin/../lib/gcc/arm-none-eabi/9.3.1/../../../../arm-none-eabi/lib/thumb/v7e-m+fp/hard/libc_nano.a(lib_a-nano-freer.o)
                0x0000000008005f04                _free_r
 .text._malloc_r
                0x0000000008005fa4       0xb4 /opt/stm32cubeide/plugins/com.st.stm32cube.ide.mcu.externaltools.gnu-tools-for-stm32.9-2020-q2-update.linux64_1.5.0.202011040924/tools/bin/../lib/gcc/arm-none-eabi/9.3.1/../../../../arm-none-eabi/lib/thumb/v7e-m+fp/hard/libc_nano.a(lib_a-nano-mallocr.o)
                0x0000000008005fa4                _malloc_r
 .text._realloc_r
                0x0000000008006058       0x4c /opt/stm32cubeide/plugins/com.st.stm32cube.ide.mcu.externaltools.gnu-tools-for-stm32.9-2020-q2-update.linux64_1.5.0.202011040924/tools/bin/../lib/gcc/arm-none-eabi/9.3.1/../../../../arm-none-eabi/lib/thumb/v7e-m+fp/hard/libc_nano.a(lib_a-nano-reallocr.o)
                0x0000000008006058                _realloc_r
 .text._sbrk_r  0x00000000080060a4       0x20 /opt/stm32cubeide/plugins/com.st.stm32cube.ide.mcu.externaltools.gnu-tools-for-stm32.9-2020-q2-update.linux64_1.5.0.202011040924/tools/bin/../lib/gcc/arm-none-eabi/9.3.1/../../../../arm-none-eabi/lib/thumb/v7e-m+fp/hard/libc_nano.a(lib_a-sbrkr.o)
                0x00000000080060a4                _sbrk_r
 .text.__malloc_lock
                0x00000000080060c4        0xc /opt/stm32cubeide/plugins/com.st.stm32cube.ide.mcu.externaltools.gnu-tools-for-stm32.9-2020-q2-update.linux64_1.5.0.202011040924/tools/bin/../lib/gcc/arm-none-eabi/9.3.1/../../../../arm-none-eabi/lib/thumb/v7e-m+fp/hard/libc_nano.a(lib_a-mlock.o)
                0x00000000080060c4                __malloc_lock
 .text.__malloc_unlock
                0x00000000080060d0        0xc /opt/stm32cubeide/plugins/com.st.stm32cube.ide.mcu.externaltools.gnu-tools-for-stm32.9-2020-q2-update.linux64_1.5.0.202011040924/tools/bin/../lib/gcc/arm-none-eabi/9.3.1/../../../../arm-none-eabi/lib/thumb/v7e-m+fp/hard/libc_nano.a(lib_a-mlock.o)
                0x00000000080060d0                __malloc_unlock
 .text._malloc_usable_size_r
                0x00000000080060dc       0x10 /opt/stm32cubeide/plugins/com.st.stm32cube.ide.mcu.externaltools.gnu-tools-for-stm32.9-2020-q2-update.linux64_1.5.0.202011040924/tools/bin/../lib/gcc/arm-none-eabi/9.3.1/../../../../arm-none-eabi/lib/thumb/v7e-m+fp/hard/libc_nano.a(lib_a-nano-msizer.o)
                0x00000000080060dc                _malloc_usable_size_r
 .text.__retarget_lock_acquire_recursive
                0x00000000080060ec        0x2 /opt/stm32cubeide/plugins/com.st.stm32cube.ide.mcu.externaltools.gnu-tools-for-stm32.9-2020-q2-update.linux64_1.5.0.202011040924/tools/bin/../lib/gcc/arm-none-eabi/9.3.1/../../../../arm-none-eabi/lib/thumb/v7e-m+fp/hard/libc_nano.a(lib_a-lock.o)
                0x00000000080060ec                __retarget_lock_acquire_recursive
 .text.__retarget_lock_release_recursive
                0x00000000080060ee        0x2 /opt/stm32cubeide/plugins/com.st.stm32cube.ide.mcu.externaltools.gnu-tools-for-stm32.9-2020-q2-update.linux64_1.5.0.202011040924/tools/bin/../lib/gcc/arm-none-eabi/9.3.1/../../../../arm-none-eabi/lib/thumb/v7e-m+fp/hard/libc_nano.a(lib_a-lock.o)
                0x00000000080060ee                __retarget_lock_release_recursive
 *(.glue_7)
 .glue_7        0x00000000080060f0        0x0 linker stubs
 *(.glue_7t)
 .glue_7t       0x00000000080060f0        0x0 linker stubs
 *(.eh_frame)
 .eh_frame      0x00000000080060f0        0x0 /opt/stm32cubeide/plugins/com.st.stm32cube.ide.mcu.externaltools.gnu-tools-for-stm32.9-2020-q2-update.linux64_1.5.0.202011040924/tools/bin/../lib/gcc/arm-none-eabi/9.3.1/thumb/v7e-m+fp/hard/crtbegin.o
 *(.init)
 .init          0x00000000080060f0        0x4 /opt/stm32cubeide/plugins/com.st.stm32cube.ide.mcu.externaltools.gnu-tools-for-stm32.9-2020-q2-update.linux64_1.5.0.202011040924/tools/bin/../lib/gcc/arm-none-eabi/9.3.1/thumb/v7e-m+fp/hard/crti.o
                0x00000000080060f0                _init
 .init          0x00000000080060f4        0x8 /opt/stm32cubeide/plugins/com.st.stm32cube.ide.mcu.externaltools.gnu-tools-for-stm32.9-2020-q2-update.linux64_1.5.0.202011040924/tools/bin/../lib/gcc/arm-none-eabi/9.3.1/thumb/v7e-m+fp/hard/crtn.o
 *(.fini)
 .fini          0x00000000080060fc        0x4 /opt/stm32cubeide/plugins/com.st.stm32cube.ide.mcu.externaltools.gnu-tools-for-stm32.9-2020-q2-update.linux64_1.5.0.202011040924/tools/bin/../lib/gcc/arm-none-eabi/9.3.1/thumb/v7e-m+fp/hard/crti.o
                0x00000000080060fc                _fini
 .fini          0x0000000008006100        0x8 /opt/stm32cubeide/plugins/com.st.stm32cube.ide.mcu.externaltools.gnu-tools-for-stm32.9-2020-q2-update.linux64_1.5.0.202011040924/tools/bin/../lib/gcc/arm-none-eabi/9.3.1/thumb/v7e-m+fp/hard/crtn.o
                0x0000000008006108                . = ALIGN (0x4)
                0x0000000008006108                _etext = .

.vfp11_veneer   0x0000000008006108        0x0
 .vfp11_veneer  0x0000000008006108        0x0 linker stubs

.v4_bx          0x0000000008006108        0x0
 .v4_bx         0x0000000008006108        0x0 linker stubs

.iplt           0x0000000008006108        0x0
 .iplt          0x0000000008006108        0x0 /opt/stm32cubeide/plugins/com.st.stm32cube.ide.mcu.externaltools.gnu-tools-for-stm32.9-2020-q2-update.linux64_1.5.0.202011040924/tools/bin/../lib/gcc/arm-none-eabi/9.3.1/thumb/v7e-m+fp/hard/crtbegin.o

.rodata         0x0000000008006108      0x1a4
                0x0000000008006108                . = ALIGN (0x4)
 *(.rodata)
 .rodata        0x0000000008006108       0x2f Core/Src/main.o
 *(.rodata*)
 *fill*         0x0000000008006137        0x1 
 .rodata.AHBPrescTable
                0x0000000008006138       0x10 Core/Src/system_stm32l4xx.o
                0x0000000008006138                AHBPrescTable
 .rodata.APBPrescTable
                0x0000000008006148        0x8 Core/Src/system_stm32l4xx.o
                0x0000000008006148                APBPrescTable
 .rodata.MSIRangeTable
                0x0000000008006150       0x30 Core/Src/system_stm32l4xx.o
                0x0000000008006150                MSIRangeTable
 .rodata.auw_hamm
                0x0000000008006180       0x3e Drivers/max30102/algorithm.o
                0x0000000008006180                auw_hamm
 *fill*         0x00000000080061be        0x2 
 .rodata.uch_spo2_table
                0x00000000080061c0       0xb8 Drivers/max30102/algorithm.o
                0x00000000080061c0                uch_spo2_table
 .rodata._svfprintf_r.str1.1
                0x0000000008006278       0x11 /opt/stm32cubeide/plugins/com.st.stm32cube.ide.mcu.externaltools.gnu-tools-for-stm32.9-2020-q2-update.linux64_1.5.0.202011040924/tools/bin/../lib/gcc/arm-none-eabi/9.3.1/../../../../arm-none-eabi/lib/thumb/v7e-m+fp/hard/libc_nano.a(lib_a-nano-svfprintf.o)
 .rodata._printf_i.str1.1
                0x0000000008006289       0x22 /opt/stm32cubeide/plugins/com.st.stm32cube.ide.mcu.externaltools.gnu-tools-for-stm32.9-2020-q2-update.linux64_1.5.0.202011040924/tools/bin/../lib/gcc/arm-none-eabi/9.3.1/../../../../arm-none-eabi/lib/thumb/v7e-m+fp/hard/libc_nano.a(lib_a-nano-vfprintf_i.o)
                0x00000000080062ac                . = ALIGN (0x4)
 *fill*         0x00000000080062ab        0x1 

.ARM.extab      0x00000000080062ac        0x0
                0x00000000080062ac                . = ALIGN (0x4)
 *(.ARM.extab* .gnu.linkonce.armextab.*)
                0x00000000080062ac                . = ALIGN (0x4)

.ARM            0x00000000080062ac        0x8
                0x00000000080062ac                . = ALIGN (0x4)
                0x00000000080062ac                __exidx_start = .
 *(.ARM.exidx*)
 .ARM.exidx     0x00000000080062ac        0x8 /opt/stm32cubeide/plugins/com.st.stm32cube.ide.mcu.externaltools.gnu-tools-for-stm32.9-2020-q2-update.linux64_1.5.0.202011040924/tools/bin/../lib/gcc/arm-none-eabi/9.3.1/thumb/v7e-m+fp/hard/libgcc.a(_udivmoddi4.o)
                0x00000000080062b4                __exidx_end = .
                0x00000000080062b4                . = ALIGN (0x4)

.rel.dyn        0x00000000080062b4        0x0
 .rel.iplt      0x00000000080062b4        0x0 /opt/stm32cubeide/plugins/com.st.stm32cube.ide.mcu.externaltools.gnu-tools-for-stm32.9-2020-q2-update.linux64_1.5.0.202011040924/tools/bin/../lib/gcc/arm-none-eabi/9.3.1/thumb/v7e-m+fp/hard/crtbegin.o

.preinit_array  0x00000000080062b4        0x0
                0x00000000080062b4                . = ALIGN (0x4)
                0x00000000080062b4                PROVIDE (__preinit_array_start = .)
 *(.preinit_array*)
                0x00000000080062b4                PROVIDE (__preinit_array_end = .)
                0x00000000080062b4                . = ALIGN (0x4)

.init_array     0x00000000080062b4        0x4
                0x00000000080062b4                . = ALIGN (0x4)
                0x00000000080062b4                PROVIDE (__init_array_start = .)
 *(SORT_BY_NAME(.init_array.*))
 *(.init_array*)
 .init_array    0x00000000080062b4        0x4 /opt/stm32cubeide/plugins/com.st.stm32cube.ide.mcu.externaltools.gnu-tools-for-stm32.9-2020-q2-update.linux64_1.5.0.202011040924/tools/bin/../lib/gcc/arm-none-eabi/9.3.1/thumb/v7e-m+fp/hard/crtbegin.o
                0x00000000080062b8                PROVIDE (__init_array_end = .)
                0x00000000080062b8                . = ALIGN (0x4)

.fini_array     0x00000000080062b8        0x4
                0x00000000080062b8                . = ALIGN (0x4)
                [!provide]                        PROVIDE (__fini_array_start = .)
 *(SORT_BY_NAME(.fini_array.*))
 *(.fini_array*)
 .fini_array    0x00000000080062b8        0x4 /opt/stm32cubeide/plugins/com.st.stm32cube.ide.mcu.externaltools.gnu-tools-for-stm32.9-2020-q2-update.linux64_1.5.0.202011040924/tools/bin/../lib/gcc/arm-none-eabi/9.3.1/thumb/v7e-m+fp/hard/crtbegin.o
                [!provide]                        PROVIDE (__fini_array_end = .)
                0x00000000080062bc                . = ALIGN (0x4)
                0x00000000080062bc                _sidata = LOADADDR (.data)

.data           0x0000000020000000       0x74 load address 0x00000000080062bc
                0x0000000020000000                . = ALIGN (0x4)
                0x0000000020000000                _sdata = .
 *(.data)
 *(.data*)
 .data.MX30102_PIN_INTERRUPT
                0x0000000020000000        0x2 Core/Src/main.o
                0x0000000020000000                MX30102_PIN_INTERRUPT
 *fill*         0x0000000020000002        0x2 
 .data.SystemCoreClock
                0x0000000020000004        0x4 Core/Src/system_stm32l4xx.o
                0x0000000020000004                SystemCoreClock
 .data.uwTickPrio
                0x0000000020000008        0x4 Drivers/STM32L4xx_HAL_Driver/Src/stm32l4xx_hal.o
                0x0000000020000008                uwTickPrio
 .data.uwTickFreq
                0x000000002000000c        0x1 Drivers/STM32L4xx_HAL_Driver/Src/stm32l4xx_hal.o
                0x000000002000000c                uwTickFreq
 *fill*         0x000000002000000d        0x3 
 .data._impure_ptr
                0x0000000020000010        0x4 /opt/stm32cubeide/plugins/com.st.stm32cube.ide.mcu.externaltools.gnu-tools-for-stm32.9-2020-q2-update.linux64_1.5.0.202011040924/tools/bin/../lib/gcc/arm-none-eabi/9.3.1/../../../../arm-none-eabi/lib/thumb/v7e-m+fp/hard/libc_nano.a(lib_a-impure.o)
                0x0000000020000010                _impure_ptr
 .data.impure_data
                0x0000000020000014       0x60 /opt/stm32cubeide/plugins/com.st.stm32cube.ide.mcu.externaltools.gnu-tools-for-stm32.9-2020-q2-update.linux64_1.5.0.202011040924/tools/bin/../lib/gcc/arm-none-eabi/9.3.1/../../../../arm-none-eabi/lib/thumb/v7e-m+fp/hard/libc_nano.a(lib_a-impure.o)
 *(.RamFunc)
 *(.RamFunc*)
                0x0000000020000074                . = ALIGN (0x4)
                0x0000000020000074                _edata = .

.igot.plt       0x0000000020000074        0x0 load address 0x0000000008006330
 .igot.plt      0x0000000020000074        0x0 /opt/stm32cubeide/plugins/com.st.stm32cube.ide.mcu.externaltools.gnu-tools-for-stm32.9-2020-q2-update.linux64_1.5.0.202011040924/tools/bin/../lib/gcc/arm-none-eabi/9.3.1/thumb/v7e-m+fp/hard/crtbegin.o
                0x0000000020000074                . = ALIGN (0x4)

.bss            0x0000000020000074     0x2c04 load address 0x0000000008006330
                0x0000000020000074                _sbss = .
                0x0000000020000074                __bss_start__ = _sbss
 *(.bss)
 .bss           0x0000000020000074       0x1c /opt/stm32cubeide/plugins/com.st.stm32cube.ide.mcu.externaltools.gnu-tools-for-stm32.9-2020-q2-update.linux64_1.5.0.202011040924/tools/bin/../lib/gcc/arm-none-eabi/9.3.1/thumb/v7e-m+fp/hard/crtbegin.o
 *(.bss*)
 .bss.__sbrk_heap_end
                0x0000000020000090        0x4 Core/Src/sysmem.o
 .bss.an_dx     0x0000000020000094      0x7c0 Drivers/max30102/algorithm.o
 .bss.an_x      0x0000000020000854      0x7d0 Drivers/max30102/algorithm.o
 .bss.an_y      0x0000000020001024      0x7d0 Drivers/max30102/algorithm.o
 .bss.__malloc_free_list
                0x00000000200017f4        0x4 /opt/stm32cubeide/plugins/com.st.stm32cube.ide.mcu.externaltools.gnu-tools-for-stm32.9-2020-q2-update.linux64_1.5.0.202011040924/tools/bin/../lib/gcc/arm-none-eabi/9.3.1/../../../../arm-none-eabi/lib/thumb/v7e-m+fp/hard/libc_nano.a(lib_a-nano-mallocr.o)
                0x00000000200017f4                __malloc_free_list
 .bss.__malloc_sbrk_start
                0x00000000200017f8        0x4 /opt/stm32cubeide/plugins/com.st.stm32cube.ide.mcu.externaltools.gnu-tools-for-stm32.9-2020-q2-update.linux64_1.5.0.202011040924/tools/bin/../lib/gcc/arm-none-eabi/9.3.1/../../../../arm-none-eabi/lib/thumb/v7e-m+fp/hard/libc_nano.a(lib_a-nano-mallocr.o)
                0x00000000200017f8                __malloc_sbrk_start
 *(COMMON)
 COMMON         0x00000000200017fc        0x8 BlueNRG_MS/Target/hci_tl_interface.o
                0x00000000200017fc                hexti5
 COMMON         0x0000000020001804      0x168 Core/Src/main.o
                0x0000000020001804                hi2c3
                0x0000000020001850                hspi2
                0x00000000200018b4                max30102_configs
                0x00000000200018c0                UartBuffer
                0x00000000200018e0                huart1
                0x0000000020001964                sx1508b_configs
 COMMON         0x000000002000196c        0x4 Drivers/STM32L4xx_HAL_Driver/Src/stm32l4xx_hal.o
                0x000000002000196c                uwTick
 COMMON         0x0000000020001970     0x12e4 Drivers/max30102/MAX30102.o
                0x0000000020001970                CollectedSamples
                0x0000000020001974                i2c_max30102
                0x0000000020001978                StateMachine
                0x0000000020001979                IsFingerOnScreen
                0x000000002000197c                BufferHead
                0x0000000020001980                HeartRate
                0x0000000020001984                IrBuffer
                0x00000000200022e4                Sp02IsValid
                0x00000000200022e8                BufferTail
                0x00000000200022ec                RedBuffer
                0x0000000020002c4c                IsHrValid
                0x0000000020002c50                Sp02Value
 COMMON         0x0000000020002c54        0xc Drivers/max30102/max30102.o
                0x0000000020002c54                max30102_comm
 COMMON         0x0000000020002c60        0x8 Drivers/sx1508b/sx1508b.o
                0x0000000020002c60                sx1508b_comm
 COMMON         0x0000000020002c68        0x4 /opt/stm32cubeide/plugins/com.st.stm32cube.ide.mcu.externaltools.gnu-tools-for-stm32.9-2020-q2-update.linux64_1.5.0.202011040924/tools/bin/../lib/gcc/arm-none-eabi/9.3.1/../../../../arm-none-eabi/lib/thumb/v7e-m+fp/hard/libc_nano.a(lib_a-reent.o)
                0x0000000020002c68                errno
 COMMON         0x0000000020002c6c        0x9 /opt/stm32cubeide/plugins/com.st.stm32cube.ide.mcu.externaltools.gnu-tools-for-stm32.9-2020-q2-update.linux64_1.5.0.202011040924/tools/bin/../lib/gcc/arm-none-eabi/9.3.1/../../../../arm-none-eabi/lib/thumb/v7e-m+fp/hard/libc_nano.a(lib_a-lock.o)
                0x0000000020002c6c                __lock___atexit_recursive_mutex
                0x0000000020002c6d                __lock___arc4random_mutex
                0x0000000020002c6e                __lock___env_recursive_mutex
                0x0000000020002c6f                __lock___sinit_recursive_mutex
                0x0000000020002c70                __lock___malloc_recursive_mutex
                0x0000000020002c71                __lock___at_quick_exit_mutex
                0x0000000020002c72                __lock___dd_hash_mutex
                0x0000000020002c73                __lock___tz_mutex
                0x0000000020002c74                __lock___sfp_recursive_mutex
                0x0000000020002c78                . = ALIGN (0x4)
 *fill*         0x0000000020002c75        0x3 
                0x0000000020002c78                _ebss = .
                0x0000000020002c78                __bss_end__ = _ebss

._user_heap_stack
                0x0000000020002c78      0x600 load address 0x0000000008006330
                0x0000000020002c78                . = ALIGN (0x8)
                [!provide]                        PROVIDE (end = .)
                0x0000000020002c78                PROVIDE (_end = .)
                0x0000000020002e78                . = (. + _Min_Heap_Size)
 *fill*         0x0000000020002c78      0x200 
                0x0000000020003278                . = (. + _Min_Stack_Size)
 *fill*         0x0000000020002e78      0x400 
                0x0000000020003278                . = ALIGN (0x8)

/DISCARD/
 libc.a(*)
 libm.a(*)
 libgcc.a(*)

.ARM.attributes
                0x0000000000000000       0x30
 *(.ARM.attributes)
 .ARM.attributes
                0x0000000000000000       0x1e /opt/stm32cubeide/plugins/com.st.stm32cube.ide.mcu.externaltools.gnu-tools-for-stm32.9-2020-q2-update.linux64_1.5.0.202011040924/tools/bin/../lib/gcc/arm-none-eabi/9.3.1/thumb/v7e-m+fp/hard/crti.o
 .ARM.attributes
                0x000000000000001e       0x34 /opt/stm32cubeide/plugins/com.st.stm32cube.ide.mcu.externaltools.gnu-tools-for-stm32.9-2020-q2-update.linux64_1.5.0.202011040924/tools/bin/../lib/gcc/arm-none-eabi/9.3.1/thumb/v7e-m+fp/hard/crtbegin.o
 .ARM.attributes
                0x0000000000000052       0x34 BlueNRG_MS/Target/hci_tl_interface.o
 .ARM.attributes
                0x0000000000000086       0x34 Core/Src/main.o
 .ARM.attributes
                0x00000000000000ba       0x34 Core/Src/stm32l4xx_hal_msp.o
 .ARM.attributes
                0x00000000000000ee       0x34 Core/Src/stm32l4xx_it.o
 .ARM.attributes
                0x0000000000000122       0x34 Core/Src/sysmem.o
 .ARM.attributes
                0x0000000000000156       0x34 Core/Src/system_stm32l4xx.o
 .ARM.attributes
                0x000000000000018a       0x21 Core/Startup/startup_stm32l476jgyx.o
 .ARM.attributes
                0x00000000000001ab       0x34 Drivers/STM32L4xx_HAL_Driver/Src/stm32l4xx_hal.o
 .ARM.attributes
                0x00000000000001df       0x34 Drivers/STM32L4xx_HAL_Driver/Src/stm32l4xx_hal_cortex.o
 .ARM.attributes
                0x0000000000000213       0x34 Drivers/STM32L4xx_HAL_Driver/Src/stm32l4xx_hal_exti.o
 .ARM.attributes
                0x0000000000000247       0x34 Drivers/STM32L4xx_HAL_Driver/Src/stm32l4xx_hal_gpio.o
 .ARM.attributes
                0x000000000000027b       0x34 Drivers/STM32L4xx_HAL_Driver/Src/stm32l4xx_hal_i2c.o
 .ARM.attributes
                0x00000000000002af       0x34 Drivers/STM32L4xx_HAL_Driver/Src/stm32l4xx_hal_i2c_ex.o
 .ARM.attributes
                0x00000000000002e3       0x34 Drivers/STM32L4xx_HAL_Driver/Src/stm32l4xx_hal_pwr_ex.o
 .ARM.attributes
                0x0000000000000317       0x34 Drivers/STM32L4xx_HAL_Driver/Src/stm32l4xx_hal_rcc.o
 .ARM.attributes
                0x000000000000034b       0x34 Drivers/STM32L4xx_HAL_Driver/Src/stm32l4xx_hal_rcc_ex.o
 .ARM.attributes
                0x000000000000037f       0x34 Drivers/STM32L4xx_HAL_Driver/Src/stm32l4xx_hal_spi.o
 .ARM.attributes
                0x00000000000003b3       0x34 Drivers/STM32L4xx_HAL_Driver/Src/stm32l4xx_hal_uart.o
 .ARM.attributes
                0x00000000000003e7       0x34 Drivers/max30102/MAX30102.o
 .ARM.attributes
                0x000000000000041b       0x34 Drivers/max30102/algorithm.o
 .ARM.attributes
                0x000000000000044f       0x34 Drivers/max30102/max30102.o
 .ARM.attributes
                0x0000000000000483       0x34 Drivers/sx1508b/sx1508b.o
 .ARM.attributes
                0x00000000000004b7       0x34 /opt/stm32cubeide/plugins/com.st.stm32cube.ide.mcu.externaltools.gnu-tools-for-stm32.9-2020-q2-update.linux64_1.5.0.202011040924/tools/bin/../lib/gcc/arm-none-eabi/9.3.1/../../../../arm-none-eabi/lib/thumb/v7e-m+fp/hard/libc_nano.a(lib_a-errno.o)
 .ARM.attributes
                0x00000000000004eb       0x32 /opt/stm32cubeide/plugins/com.st.stm32cube.ide.mcu.externaltools.gnu-tools-for-stm32.9-2020-q2-update.linux64_1.5.0.202011040924/tools/bin/../lib/gcc/arm-none-eabi/9.3.1/../../../../arm-none-eabi/lib/thumb/v7e-m+fp/hard/libc_nano.a(lib_a-impure.o)
 .ARM.attributes
                0x000000000000051d       0x34 /opt/stm32cubeide/plugins/com.st.stm32cube.ide.mcu.externaltools.gnu-tools-for-stm32.9-2020-q2-update.linux64_1.5.0.202011040924/tools/bin/../lib/gcc/arm-none-eabi/9.3.1/../../../../arm-none-eabi/lib/thumb/v7e-m+fp/hard/libc_nano.a(lib_a-init.o)
 .ARM.attributes
                0x0000000000000551       0x34 /opt/stm32cubeide/plugins/com.st.stm32cube.ide.mcu.externaltools.gnu-tools-for-stm32.9-2020-q2-update.linux64_1.5.0.202011040924/tools/bin/../lib/gcc/arm-none-eabi/9.3.1/../../../../arm-none-eabi/lib/thumb/v7e-m+fp/hard/libc_nano.a(lib_a-memcpy-stub.o)
 .ARM.attributes
                0x0000000000000585       0x34 /opt/stm32cubeide/plugins/com.st.stm32cube.ide.mcu.externaltools.gnu-tools-for-stm32.9-2020-q2-update.linux64_1.5.0.202011040924/tools/bin/../lib/gcc/arm-none-eabi/9.3.1/../../../../arm-none-eabi/lib/thumb/v7e-m+fp/hard/libc_nano.a(lib_a-memset.o)
 .ARM.attributes
                0x00000000000005b9       0x34 /opt/stm32cubeide/plugins/com.st.stm32cube.ide.mcu.externaltools.gnu-tools-for-stm32.9-2020-q2-update.linux64_1.5.0.202011040924/tools/bin/../lib/gcc/arm-none-eabi/9.3.1/../../../../arm-none-eabi/lib/thumb/v7e-m+fp/hard/libc_nano.a(lib_a-sprintf.o)
 .ARM.attributes
                0x00000000000005ed       0x17 /opt/stm32cubeide/plugins/com.st.stm32cube.ide.mcu.externaltools.gnu-tools-for-stm32.9-2020-q2-update.linux64_1.5.0.202011040924/tools/bin/../lib/gcc/arm-none-eabi/9.3.1/../../../../arm-none-eabi/lib/thumb/v7e-m+fp/hard/libc_nano.a(lib_a-strlen.o)
 .ARM.attributes
                0x0000000000000604       0x34 /opt/stm32cubeide/plugins/com.st.stm32cube.ide.mcu.externaltools.gnu-tools-for-stm32.9-2020-q2-update.linux64_1.5.0.202011040924/tools/bin/../lib/gcc/arm-none-eabi/9.3.1/../../../../arm-none-eabi/lib/thumb/v7e-m+fp/hard/libc_nano.a(lib_a-nano-svfprintf.o)
 .ARM.attributes
                0x0000000000000638       0x34 /opt/stm32cubeide/plugins/com.st.stm32cube.ide.mcu.externaltools.gnu-tools-for-stm32.9-2020-q2-update.linux64_1.5.0.202011040924/tools/bin/../lib/gcc/arm-none-eabi/9.3.1/../../../../arm-none-eabi/lib/thumb/v7e-m+fp/hard/libc_nano.a(lib_a-nano-vfprintf_i.o)
 .ARM.attributes
                0x000000000000066c       0x1c /opt/stm32cubeide/plugins/com.st.stm32cube.ide.mcu.externaltools.gnu-tools-for-stm32.9-2020-q2-update.linux64_1.5.0.202011040924/tools/bin/../lib/gcc/arm-none-eabi/9.3.1/../../../../arm-none-eabi/lib/thumb/v7e-m+fp/hard/libc_nano.a(lib_a-memchr.o)
 .ARM.attributes
                0x0000000000000688       0x34 /opt/stm32cubeide/plugins/com.st.stm32cube.ide.mcu.externaltools.gnu-tools-for-stm32.9-2020-q2-update.linux64_1.5.0.202011040924/tools/bin/../lib/gcc/arm-none-eabi/9.3.1/../../../../arm-none-eabi/lib/thumb/v7e-m+fp/hard/libc_nano.a(lib_a-memmove.o)
 .ARM.attributes
                0x00000000000006bc       0x34 /opt/stm32cubeide/plugins/com.st.stm32cube.ide.mcu.externaltools.gnu-tools-for-stm32.9-2020-q2-update.linux64_1.5.0.202011040924/tools/bin/../lib/gcc/arm-none-eabi/9.3.1/../../../../arm-none-eabi/lib/thumb/v7e-m+fp/hard/libc_nano.a(lib_a-nano-freer.o)
 .ARM.attributes
                0x00000000000006f0       0x34 /opt/stm32cubeide/plugins/com.st.stm32cube.ide.mcu.externaltools.gnu-tools-for-stm32.9-2020-q2-update.linux64_1.5.0.202011040924/tools/bin/../lib/gcc/arm-none-eabi/9.3.1/../../../../arm-none-eabi/lib/thumb/v7e-m+fp/hard/libc_nano.a(lib_a-nano-mallocr.o)
 .ARM.attributes
                0x0000000000000724       0x34 /opt/stm32cubeide/plugins/com.st.stm32cube.ide.mcu.externaltools.gnu-tools-for-stm32.9-2020-q2-update.linux64_1.5.0.202011040924/tools/bin/../lib/gcc/arm-none-eabi/9.3.1/../../../../arm-none-eabi/lib/thumb/v7e-m+fp/hard/libc_nano.a(lib_a-nano-reallocr.o)
 .ARM.attributes
                0x0000000000000758       0x34 /opt/stm32cubeide/plugins/com.st.stm32cube.ide.mcu.externaltools.gnu-tools-for-stm32.9-2020-q2-update.linux64_1.5.0.202011040924/tools/bin/../lib/gcc/arm-none-eabi/9.3.1/../../../../arm-none-eabi/lib/thumb/v7e-m+fp/hard/libc_nano.a(lib_a-sbrkr.o)
 .ARM.attributes
                0x000000000000078c       0x34 /opt/stm32cubeide/plugins/com.st.stm32cube.ide.mcu.externaltools.gnu-tools-for-stm32.9-2020-q2-update.linux64_1.5.0.202011040924/tools/bin/../lib/gcc/arm-none-eabi/9.3.1/../../../../arm-none-eabi/lib/thumb/v7e-m+fp/hard/libc_nano.a(lib_a-mlock.o)
 .ARM.attributes
                0x00000000000007c0       0x34 /opt/stm32cubeide/plugins/com.st.stm32cube.ide.mcu.externaltools.gnu-tools-for-stm32.9-2020-q2-update.linux64_1.5.0.202011040924/tools/bin/../lib/gcc/arm-none-eabi/9.3.1/../../../../arm-none-eabi/lib/thumb/v7e-m+fp/hard/libc_nano.a(lib_a-nano-msizer.o)
 .ARM.attributes
                0x00000000000007f4       0x34 /opt/stm32cubeide/plugins/com.st.stm32cube.ide.mcu.externaltools.gnu-tools-for-stm32.9-2020-q2-update.linux64_1.5.0.202011040924/tools/bin/../lib/gcc/arm-none-eabi/9.3.1/../../../../arm-none-eabi/lib/thumb/v7e-m+fp/hard/libc_nano.a(lib_a-reent.o)
 .ARM.attributes
                0x0000000000000828       0x34 /opt/stm32cubeide/plugins/com.st.stm32cube.ide.mcu.externaltools.gnu-tools-for-stm32.9-2020-q2-update.linux64_1.5.0.202011040924/tools/bin/../lib/gcc/arm-none-eabi/9.3.1/../../../../arm-none-eabi/lib/thumb/v7e-m+fp/hard/libc_nano.a(lib_a-lock.o)
 .ARM.attributes
                0x000000000000085c       0x1e /opt/stm32cubeide/plugins/com.st.stm32cube.ide.mcu.externaltools.gnu-tools-for-stm32.9-2020-q2-update.linux64_1.5.0.202011040924/tools/bin/../lib/gcc/arm-none-eabi/9.3.1/thumb/v7e-m+fp/hard/libgcc.a(_aeabi_uldivmod.o)
 .ARM.attributes
                0x000000000000087a       0x34 /opt/stm32cubeide/plugins/com.st.stm32cube.ide.mcu.externaltools.gnu-tools-for-stm32.9-2020-q2-update.linux64_1.5.0.202011040924/tools/bin/../lib/gcc/arm-none-eabi/9.3.1/thumb/v7e-m+fp/hard/libgcc.a(_udivmoddi4.o)
 .ARM.attributes
                0x00000000000008ae       0x1e /opt/stm32cubeide/plugins/com.st.stm32cube.ide.mcu.externaltools.gnu-tools-for-stm32.9-2020-q2-update.linux64_1.5.0.202011040924/tools/bin/../lib/gcc/arm-none-eabi/9.3.1/thumb/v7e-m+fp/hard/libgcc.a(_dvmd_tls.o)
 .ARM.attributes
                0x00000000000008cc       0x1e /opt/stm32cubeide/plugins/com.st.stm32cube.ide.mcu.externaltools.gnu-tools-for-stm32.9-2020-q2-update.linux64_1.5.0.202011040924/tools/bin/../lib/gcc/arm-none-eabi/9.3.1/thumb/v7e-m+fp/hard/crtn.o
OUTPUT(MAX30102.elf elf32-littlearm)
LOAD linker stubs
LOAD /opt/stm32cubeide/plugins/com.st.stm32cube.ide.mcu.externaltools.gnu-tools-for-stm32.9-2020-q2-update.linux64_1.5.0.202011040924/tools/bin/../lib/gcc/arm-none-eabi/9.3.1/../../../../arm-none-eabi/lib/thumb/v7e-m+fp/hard/libc.a
LOAD /opt/stm32cubeide/plugins/com.st.stm32cube.ide.mcu.externaltools.gnu-tools-for-stm32.9-2020-q2-update.linux64_1.5.0.202011040924/tools/bin/../lib/gcc/arm-none-eabi/9.3.1/../../../../arm-none-eabi/lib/thumb/v7e-m+fp/hard/libm.a
LOAD /opt/stm32cubeide/plugins/com.st.stm32cube.ide.mcu.externaltools.gnu-tools-for-stm32.9-2020-q2-update.linux64_1.5.0.202011040924/tools/bin/../lib/gcc/arm-none-eabi/9.3.1/thumb/v7e-m+fp/hard/libgcc.a

.debug_info     0x0000000000000000    0x15993
 .debug_info    0x0000000000000000     0x1916 BlueNRG_MS/Target/hci_tl_interface.o
 .debug_info    0x0000000000001916     0x1d69 Core/Src/main.o
 .debug_info    0x000000000000367f     0x13ba Core/Src/stm32l4xx_hal_msp.o
 .debug_info    0x0000000000004a39      0x8a0 Core/Src/stm32l4xx_it.o
 .debug_info    0x00000000000052d9      0xa25 Core/Src/sysmem.o
 .debug_info    0x0000000000005cfe      0x779 Core/Src/system_stm32l4xx.o
 .debug_info    0x0000000000006477       0x22 Core/Startup/startup_stm32l476jgyx.o
 .debug_info    0x0000000000006499      0xcb9 Drivers/STM32L4xx_HAL_Driver/Src/stm32l4xx_hal.o
 .debug_info    0x0000000000007152     0x102e Drivers/STM32L4xx_HAL_Driver/Src/stm32l4xx_hal_cortex.o
 .debug_info    0x0000000000008180      0x903 Drivers/STM32L4xx_HAL_Driver/Src/stm32l4xx_hal_exti.o
 .debug_info    0x0000000000008a83      0xa5f Drivers/STM32L4xx_HAL_Driver/Src/stm32l4xx_hal_gpio.o
 .debug_info    0x00000000000094e2     0x22fd Drivers/STM32L4xx_HAL_Driver/Src/stm32l4xx_hal_i2c.o
 .debug_info    0x000000000000b7df      0xc29 Drivers/STM32L4xx_HAL_Driver/Src/stm32l4xx_hal_i2c_ex.o
 .debug_info    0x000000000000c408      0xbda Drivers/STM32L4xx_HAL_Driver/Src/stm32l4xx_hal_pwr_ex.o
 .debug_info    0x000000000000cfe2      0xe0b Drivers/STM32L4xx_HAL_Driver/Src/stm32l4xx_hal_rcc.o
 .debug_info    0x000000000000dded     0x103f Drivers/STM32L4xx_HAL_Driver/Src/stm32l4xx_hal_rcc_ex.o
 .debug_info    0x000000000000ee2c     0x18f8 Drivers/STM32L4xx_HAL_Driver/Src/stm32l4xx_hal_spi.o
 .debug_info    0x0000000000010724     0x1ac3 Drivers/STM32L4xx_HAL_Driver/Src/stm32l4xx_hal_uart.o
 .debug_info    0x00000000000121e7     0x11de Drivers/max30102/MAX30102.o
 .debug_info    0x00000000000133c5      0xd96 Drivers/max30102/algorithm.o
 .debug_info    0x000000000001415b      0xb86 Drivers/max30102/max30102.o
 .debug_info    0x0000000000014ce1      0xcb2 Drivers/sx1508b/sx1508b.o

.debug_abbrev   0x0000000000000000     0x2e21
 .debug_abbrev  0x0000000000000000      0x2af BlueNRG_MS/Target/hci_tl_interface.o
 .debug_abbrev  0x00000000000002af      0x316 Core/Src/main.o
 .debug_abbrev  0x00000000000005c5      0x1eb Core/Src/stm32l4xx_hal_msp.o
 .debug_abbrev  0x00000000000007b0      0x17b Core/Src/stm32l4xx_it.o
 .debug_abbrev  0x000000000000092b      0x1bf Core/Src/sysmem.o
 .debug_abbrev  0x0000000000000aea      0x165 Core/Src/system_stm32l4xx.o
 .debug_abbrev  0x0000000000000c4f       0x12 Core/Startup/startup_stm32l476jgyx.o
 .debug_abbrev  0x0000000000000c61      0x227 Drivers/STM32L4xx_HAL_Driver/Src/stm32l4xx_hal.o
 .debug_abbrev  0x0000000000000e88      0x33c Drivers/STM32L4xx_HAL_Driver/Src/stm32l4xx_hal_cortex.o
 .debug_abbrev  0x00000000000011c4      0x1c4 Drivers/STM32L4xx_HAL_Driver/Src/stm32l4xx_hal_exti.o
 .debug_abbrev  0x0000000000001388      0x1e8 Drivers/STM32L4xx_HAL_Driver/Src/stm32l4xx_hal_gpio.o
 .debug_abbrev  0x0000000000001570      0x256 Drivers/STM32L4xx_HAL_Driver/Src/stm32l4xx_hal_i2c.o
 .debug_abbrev  0x00000000000017c6      0x1dd Drivers/STM32L4xx_HAL_Driver/Src/stm32l4xx_hal_i2c_ex.o
 .debug_abbrev  0x00000000000019a3      0x1f3 Drivers/STM32L4xx_HAL_Driver/Src/stm32l4xx_hal_pwr_ex.o
 .debug_abbrev  0x0000000000001b96      0x275 Drivers/STM32L4xx_HAL_Driver/Src/stm32l4xx_hal_rcc.o
 .debug_abbrev  0x0000000000001e0b      0x268 Drivers/STM32L4xx_HAL_Driver/Src/stm32l4xx_hal_rcc_ex.o
 .debug_abbrev  0x0000000000002073      0x254 Drivers/STM32L4xx_HAL_Driver/Src/stm32l4xx_hal_spi.o
 .debug_abbrev  0x00000000000022c7      0x23f Drivers/STM32L4xx_HAL_Driver/Src/stm32l4xx_hal_uart.o
 .debug_abbrev  0x0000000000002506      0x2a9 Drivers/max30102/MAX30102.o
 .debug_abbrev  0x00000000000027af      0x224 Drivers/max30102/algorithm.o
 .debug_abbrev  0x00000000000029d3      0x236 Drivers/max30102/max30102.o
 .debug_abbrev  0x0000000000002c09      0x218 Drivers/sx1508b/sx1508b.o

.debug_aranges  0x0000000000000000     0x10a0
 .debug_aranges
                0x0000000000000000       0x58 BlueNRG_MS/Target/hci_tl_interface.o
 .debug_aranges
                0x0000000000000058       0xa0 Core/Src/main.o
 .debug_aranges
                0x00000000000000f8       0x50 Core/Src/stm32l4xx_hal_msp.o
 .debug_aranges
                0x0000000000000148       0x68 Core/Src/stm32l4xx_it.o
 .debug_aranges
                0x00000000000001b0       0x20 Core/Src/sysmem.o
 .debug_aranges
                0x00000000000001d0       0x28 Core/Src/system_stm32l4xx.o
 .debug_aranges
                0x00000000000001f8       0x28 Core/Startup/startup_stm32l476jgyx.o
 .debug_aranges
                0x0000000000000220      0x130 Drivers/STM32L4xx_HAL_Driver/Src/stm32l4xx_hal.o
 .debug_aranges
                0x0000000000000350      0x118 Drivers/STM32L4xx_HAL_Driver/Src/stm32l4xx_hal_cortex.o
 .debug_aranges
                0x0000000000000468       0x60 Drivers/STM32L4xx_HAL_Driver/Src/stm32l4xx_hal_exti.o
 .debug_aranges
                0x00000000000004c8       0x58 Drivers/STM32L4xx_HAL_Driver/Src/stm32l4xx_hal_gpio.o
 .debug_aranges
                0x0000000000000520      0x290 Drivers/STM32L4xx_HAL_Driver/Src/stm32l4xx_hal_i2c.o
 .debug_aranges
                0x00000000000007b0       0x48 Drivers/STM32L4xx_HAL_Driver/Src/stm32l4xx_hal_i2c_ex.o
 .debug_aranges
                0x00000000000007f8      0x150 Drivers/STM32L4xx_HAL_Driver/Src/stm32l4xx_hal_pwr_ex.o
 .debug_aranges
                0x0000000000000948       0x88 Drivers/STM32L4xx_HAL_Driver/Src/stm32l4xx_hal_rcc.o
 .debug_aranges
                0x00000000000009d0       0xc0 Drivers/STM32L4xx_HAL_Driver/Src/stm32l4xx_hal_rcc_ex.o
 .debug_aranges
                0x0000000000000a90      0x1d8 Drivers/STM32L4xx_HAL_Driver/Src/stm32l4xx_hal_spi.o
 .debug_aranges
                0x0000000000000c68      0x228 Drivers/STM32L4xx_HAL_Driver/Src/stm32l4xx_hal_uart.o
 .debug_aranges
                0x0000000000000e90       0xf8 Drivers/max30102/MAX30102.o
 .debug_aranges
                0x0000000000000f88       0x48 Drivers/max30102/algorithm.o
 .debug_aranges
                0x0000000000000fd0       0x60 Drivers/max30102/max30102.o
 .debug_aranges
                0x0000000000001030       0x70 Drivers/sx1508b/sx1508b.o

.debug_ranges   0x0000000000000000      0xf90
 .debug_ranges  0x0000000000000000       0x48 BlueNRG_MS/Target/hci_tl_interface.o
 .debug_ranges  0x0000000000000048       0x90 Core/Src/main.o
 .debug_ranges  0x00000000000000d8       0x40 Core/Src/stm32l4xx_hal_msp.o
 .debug_ranges  0x0000000000000118       0x58 Core/Src/stm32l4xx_it.o
 .debug_ranges  0x0000000000000170       0x10 Core/Src/sysmem.o
 .debug_ranges  0x0000000000000180       0x18 Core/Src/system_stm32l4xx.o
 .debug_ranges  0x0000000000000198       0x20 Core/Startup/startup_stm32l476jgyx.o
 .debug_ranges  0x00000000000001b8      0x120 Drivers/STM32L4xx_HAL_Driver/Src/stm32l4xx_hal.o
 .debug_ranges  0x00000000000002d8      0x108 Drivers/STM32L4xx_HAL_Driver/Src/stm32l4xx_hal_cortex.o
 .debug_ranges  0x00000000000003e0       0x50 Drivers/STM32L4xx_HAL_Driver/Src/stm32l4xx_hal_exti.o
 .debug_ranges  0x0000000000000430       0x48 Drivers/STM32L4xx_HAL_Driver/Src/stm32l4xx_hal_gpio.o
 .debug_ranges  0x0000000000000478      0x280 Drivers/STM32L4xx_HAL_Driver/Src/stm32l4xx_hal_i2c.o
 .debug_ranges  0x00000000000006f8       0x38 Drivers/STM32L4xx_HAL_Driver/Src/stm32l4xx_hal_i2c_ex.o
 .debug_ranges  0x0000000000000730      0x140 Drivers/STM32L4xx_HAL_Driver/Src/stm32l4xx_hal_pwr_ex.o
 .debug_ranges  0x0000000000000870       0x78 Drivers/STM32L4xx_HAL_Driver/Src/stm32l4xx_hal_rcc.o
 .debug_ranges  0x00000000000008e8       0xb0 Drivers/STM32L4xx_HAL_Driver/Src/stm32l4xx_hal_rcc_ex.o
 .debug_ranges  0x0000000000000998      0x1c8 Drivers/STM32L4xx_HAL_Driver/Src/stm32l4xx_hal_spi.o
 .debug_ranges  0x0000000000000b60      0x248 Drivers/STM32L4xx_HAL_Driver/Src/stm32l4xx_hal_uart.o
 .debug_ranges  0x0000000000000da8       0xe8 Drivers/max30102/MAX30102.o
 .debug_ranges  0x0000000000000e90       0x38 Drivers/max30102/algorithm.o
 .debug_ranges  0x0000000000000ec8       0x68 Drivers/max30102/max30102.o
 .debug_ranges  0x0000000000000f30       0x60 Drivers/sx1508b/sx1508b.o

.debug_macro    0x0000000000000000    0x2793b
 .debug_macro   0x0000000000000000      0x325 BlueNRG_MS/Target/hci_tl_interface.o
 .debug_macro   0x0000000000000325      0xaa8 BlueNRG_MS/Target/hci_tl_interface.o
 .debug_macro   0x0000000000000dcd       0x16 BlueNRG_MS/Target/hci_tl_interface.o
 .debug_macro   0x0000000000000de3      0x1ad BlueNRG_MS/Target/hci_tl_interface.o
 .debug_macro   0x0000000000000f90       0x2e BlueNRG_MS/Target/hci_tl_interface.o
 .debug_macro   0x0000000000000fbe       0x28 BlueNRG_MS/Target/hci_tl_interface.o
 .debug_macro   0x0000000000000fe6       0x22 BlueNRG_MS/Target/hci_tl_interface.o
 .debug_macro   0x0000000000001008       0x8e BlueNRG_MS/Target/hci_tl_interface.o
 .debug_macro   0x0000000000001096       0x51 BlueNRG_MS/Target/hci_tl_interface.o
 .debug_macro   0x00000000000010e7      0x103 BlueNRG_MS/Target/hci_tl_interface.o
 .debug_macro   0x00000000000011ea       0x6a BlueNRG_MS/Target/hci_tl_interface.o
 .debug_macro   0x0000000000001254      0x1df BlueNRG_MS/Target/hci_tl_interface.o
 .debug_macro   0x0000000000001433       0x1c BlueNRG_MS/Target/hci_tl_interface.o
 .debug_macro   0x000000000000144f       0x22 BlueNRG_MS/Target/hci_tl_interface.o
 .debug_macro   0x0000000000001471      0x101 BlueNRG_MS/Target/hci_tl_interface.o
 .debug_macro   0x0000000000001572     0x1011 BlueNRG_MS/Target/hci_tl_interface.o
 .debug_macro   0x0000000000002583      0x11f BlueNRG_MS/Target/hci_tl_interface.o
 .debug_macro   0x00000000000026a2    0x1a13d BlueNRG_MS/Target/hci_tl_interface.o
 .debug_macro   0x000000000001c7df       0x43 BlueNRG_MS/Target/hci_tl_interface.o
 .debug_macro   0x000000000001c822     0x3897 BlueNRG_MS/Target/hci_tl_interface.o
 .debug_macro   0x00000000000200b9      0x174 BlueNRG_MS/Target/hci_tl_interface.o
 .debug_macro   0x000000000002022d       0x5c BlueNRG_MS/Target/hci_tl_interface.o
 .debug_macro   0x0000000000020289     0x155f BlueNRG_MS/Target/hci_tl_interface.o
 .debug_macro   0x00000000000217e8      0x59e BlueNRG_MS/Target/hci_tl_interface.o
 .debug_macro   0x0000000000021d86      0x13d BlueNRG_MS/Target/hci_tl_interface.o
 .debug_macro   0x0000000000021ec3      0x18b BlueNRG_MS/Target/hci_tl_interface.o
 .debug_macro   0x000000000002204e      0x26b BlueNRG_MS/Target/hci_tl_interface.o
 .debug_macro   0x00000000000222b9      0x23d BlueNRG_MS/Target/hci_tl_interface.o
 .debug_macro   0x00000000000224f6      0x241 BlueNRG_MS/Target/hci_tl_interface.o
 .debug_macro   0x0000000000022737      0x37c BlueNRG_MS/Target/hci_tl_interface.o
 .debug_macro   0x0000000000022ab3       0xd6 BlueNRG_MS/Target/hci_tl_interface.o
 .debug_macro   0x0000000000022b89      0x22c BlueNRG_MS/Target/hci_tl_interface.o
 .debug_macro   0x0000000000022db5       0x61 BlueNRG_MS/Target/hci_tl_interface.o
 .debug_macro   0x0000000000022e16       0xa5 BlueNRG_MS/Target/hci_tl_interface.o
 .debug_macro   0x0000000000022ebb      0x122 BlueNRG_MS/Target/hci_tl_interface.o
 .debug_macro   0x0000000000022fdd      0x3e9 BlueNRG_MS/Target/hci_tl_interface.o
 .debug_macro   0x00000000000233c6      0x2fe BlueNRG_MS/Target/hci_tl_interface.o
 .debug_macro   0x00000000000236c4      0x5ba BlueNRG_MS/Target/hci_tl_interface.o
 .debug_macro   0x0000000000023c7e       0x44 BlueNRG_MS/Target/hci_tl_interface.o
 .debug_macro   0x0000000000023cc2      0x331 BlueNRG_MS/Target/hci_tl_interface.o
 .debug_macro   0x0000000000023ff3       0x28 BlueNRG_MS/Target/hci_tl_interface.o
 .debug_macro   0x000000000002401b       0x82 BlueNRG_MS/Target/hci_tl_interface.o
 .debug_macro   0x000000000002409d       0x6a BlueNRG_MS/Target/hci_tl_interface.o
 .debug_macro   0x0000000000024107       0x40 BlueNRG_MS/Target/hci_tl_interface.o
 .debug_macro   0x0000000000024147       0x52 BlueNRG_MS/Target/hci_tl_interface.o
 .debug_macro   0x0000000000024199       0x52 BlueNRG_MS/Target/hci_tl_interface.o
 .debug_macro   0x00000000000241eb       0x18 BlueNRG_MS/Target/hci_tl_interface.o
 .debug_macro   0x0000000000024203       0x3c BlueNRG_MS/Target/hci_tl_interface.o
 .debug_macro   0x000000000002423f       0x34 BlueNRG_MS/Target/hci_tl_interface.o
 .debug_macro   0x0000000000024273       0x16 BlueNRG_MS/Target/hci_tl_interface.o
 .debug_macro   0x0000000000024289       0x43 BlueNRG_MS/Target/hci_tl_interface.o
 .debug_macro   0x00000000000242cc       0x34 BlueNRG_MS/Target/hci_tl_interface.o
 .debug_macro   0x0000000000024300       0x10 BlueNRG_MS/Target/hci_tl_interface.o
 .debug_macro   0x0000000000024310       0x58 BlueNRG_MS/Target/hci_tl_interface.o
 .debug_macro   0x0000000000024368       0x71 BlueNRG_MS/Target/hci_tl_interface.o
 .debug_macro   0x00000000000243d9       0x1c BlueNRG_MS/Target/hci_tl_interface.o
 .debug_macro   0x00000000000243f5      0x12a BlueNRG_MS/Target/hci_tl_interface.o
 .debug_macro   0x000000000002451f      0x333 BlueNRG_MS/Target/hci_tl_interface.o
 .debug_macro   0x0000000000024852       0x10 BlueNRG_MS/Target/hci_tl_interface.o
 .debug_macro   0x0000000000024862       0x35 BlueNRG_MS/Target/hci_tl_interface.o
 .debug_macro   0x0000000000024897       0x20 BlueNRG_MS/Target/hci_tl_interface.o
 .debug_macro   0x00000000000248b7       0x88 BlueNRG_MS/Target/hci_tl_interface.o
 .debug_macro   0x000000000002493f      0x247 Core/Src/main.o
 .debug_macro   0x0000000000024b86       0x2e Core/Src/main.o
 .debug_macro   0x0000000000024bb4       0xb2 Core/Src/main.o
 .debug_macro   0x0000000000024c66       0x9a Core/Src/main.o
 .debug_macro   0x0000000000024d00      0x20d Core/Src/main.o
 .debug_macro   0x0000000000024f0d      0x124 Core/Src/main.o
 .debug_macro   0x0000000000025031       0x10 Core/Src/main.o
 .debug_macro   0x0000000000025041      0x219 Core/Src/stm32l4xx_hal_msp.o
 .debug_macro   0x000000000002525a      0x223 Core/Src/stm32l4xx_it.o
 .debug_macro   0x000000000002547d       0xff Core/Src/sysmem.o
 .debug_macro   0x000000000002557c      0x23b Core/Src/sysmem.o
 .debug_macro   0x00000000000257b7      0x1da Core/Src/system_stm32l4xx.o
 .debug_macro   0x0000000000025991      0x228 Drivers/STM32L4xx_HAL_Driver/Src/stm32l4xx_hal.o
 .debug_macro   0x0000000000025bb9      0x1da Drivers/STM32L4xx_HAL_Driver/Src/stm32l4xx_hal_cortex.o
 .debug_macro   0x0000000000025d93      0x1e6 Drivers/STM32L4xx_HAL_Driver/Src/stm32l4xx_hal_exti.o
 .debug_macro   0x0000000000025f79      0x219 Drivers/STM32L4xx_HAL_Driver/Src/stm32l4xx_hal_gpio.o
 .debug_macro   0x0000000000026192      0x29f Drivers/STM32L4xx_HAL_Driver/Src/stm32l4xx_hal_i2c.o
 .debug_macro   0x0000000000026431      0x1da Drivers/STM32L4xx_HAL_Driver/Src/stm32l4xx_hal_i2c_ex.o
 .debug_macro   0x000000000002660b      0x1fe Drivers/STM32L4xx_HAL_Driver/Src/stm32l4xx_hal_pwr_ex.o
 .debug_macro   0x0000000000026809      0x21c Drivers/STM32L4xx_HAL_Driver/Src/stm32l4xx_hal_rcc.o
 .debug_macro   0x0000000000026a25      0x210 Drivers/STM32L4xx_HAL_Driver/Src/stm32l4xx_hal_rcc_ex.o
 .debug_macro   0x0000000000026c35      0x1e2 Drivers/STM32L4xx_HAL_Driver/Src/stm32l4xx_hal_spi.o
 .debug_macro   0x0000000000026e17      0x205 Drivers/STM32L4xx_HAL_Driver/Src/stm32l4xx_hal_uart.o
 .debug_macro   0x000000000002701c      0x231 Drivers/max30102/MAX30102.o
 .debug_macro   0x000000000002724d       0x3a Drivers/max30102/MAX30102.o
 .debug_macro   0x0000000000027287      0x231 Drivers/max30102/algorithm.o
 .debug_macro   0x00000000000274b8       0x34 Drivers/max30102/algorithm.o
 .debug_macro   0x00000000000274ec      0x145 Drivers/max30102/max30102.o
 .debug_macro   0x0000000000027631       0x94 Drivers/max30102/max30102.o
 .debug_macro   0x00000000000276c5      0x158 Drivers/sx1508b/sx1508b.o
 .debug_macro   0x000000000002781d      0x11e Drivers/sx1508b/sx1508b.o

.debug_line     0x0000000000000000    0x12eb5
 .debug_line    0x0000000000000000      0xaa4 BlueNRG_MS/Target/hci_tl_interface.o
 .debug_line    0x0000000000000aa4      0xadc Core/Src/main.o
 .debug_line    0x0000000000001580      0x80a Core/Src/stm32l4xx_hal_msp.o
 .debug_line    0x0000000000001d8a      0x7e9 Core/Src/stm32l4xx_it.o
 .debug_line    0x0000000000002573      0x49e Core/Src/sysmem.o
 .debug_line    0x0000000000002a11      0x761 Core/Src/system_stm32l4xx.o
 .debug_line    0x0000000000003172       0x87 Core/Startup/startup_stm32l476jgyx.o
 .debug_line    0x00000000000031f9      0xaa0 Drivers/STM32L4xx_HAL_Driver/Src/stm32l4xx_hal.o
 .debug_line    0x0000000000003c99      0xc47 Drivers/STM32L4xx_HAL_Driver/Src/stm32l4xx_hal_cortex.o
 .debug_line    0x00000000000048e0      0xa22 Drivers/STM32L4xx_HAL_Driver/Src/stm32l4xx_hal_exti.o
 .debug_line    0x0000000000005302      0xb1a Drivers/STM32L4xx_HAL_Driver/Src/stm32l4xx_hal_gpio.o
 .debug_line    0x0000000000005e1c     0x3271 Drivers/STM32L4xx_HAL_Driver/Src/stm32l4xx_hal_i2c.o
 .debug_line    0x000000000000908d      0x8ce Drivers/STM32L4xx_HAL_Driver/Src/stm32l4xx_hal_i2c_ex.o
 .debug_line    0x000000000000995b      0xc5c Drivers/STM32L4xx_HAL_Driver/Src/stm32l4xx_hal_pwr_ex.o
 .debug_line    0x000000000000a5b7      0xee4 Drivers/STM32L4xx_HAL_Driver/Src/stm32l4xx_hal_rcc.o
 .debug_line    0x000000000000b49b     0x1459 Drivers/STM32L4xx_HAL_Driver/Src/stm32l4xx_hal_rcc_ex.o
 .debug_line    0x000000000000c8f4     0x1ec9 Drivers/STM32L4xx_HAL_Driver/Src/stm32l4xx_hal_spi.o
 .debug_line    0x000000000000e7bd     0x1d31 Drivers/STM32L4xx_HAL_Driver/Src/stm32l4xx_hal_uart.o
 .debug_line    0x00000000000104ee      0xd77 Drivers/max30102/MAX30102.o
 .debug_line    0x0000000000011265      0xf06 Drivers/max30102/algorithm.o
 .debug_line    0x000000000001216b      0x605 Drivers/max30102/max30102.o
 .debug_line    0x0000000000012770      0x745 Drivers/sx1508b/sx1508b.o

.debug_str      0x0000000000000000    0xee415
 .debug_str     0x0000000000000000    0xe81bf BlueNRG_MS/Target/hci_tl_interface.o
                                      0xe8682 (size before relaxing)
 .debug_str     0x00000000000e81bf     0x1b36 Core/Src/main.o
                                      0xe6c4f (size before relaxing)
 .debug_str     0x00000000000e9cf5       0xa4 Core/Src/stm32l4xx_hal_msp.o
                                      0xe52c4 (size before relaxing)
 .debug_str     0x00000000000e9d99       0xd0 Core/Src/stm32l4xx_it.o
                                      0xe4ccb (size before relaxing)
 .debug_str     0x00000000000e9e69      0x4e9 Core/Src/sysmem.o
                                       0x629f (size before relaxing)
 .debug_str     0x00000000000ea352       0xb8 Core/Src/system_stm32l4xx.o
                                      0xe406e (size before relaxing)
 .debug_str     0x00000000000ea40a       0x36 Core/Startup/startup_stm32l476jgyx.o
                                         0x70 (size before relaxing)
 .debug_str     0x00000000000ea440      0x5a4 Drivers/STM32L4xx_HAL_Driver/Src/stm32l4xx_hal.o
                                      0xe4b6d (size before relaxing)
 .debug_str     0x00000000000ea9e4      0x389 Drivers/STM32L4xx_HAL_Driver/Src/stm32l4xx_hal_cortex.o
                                      0xe48dd (size before relaxing)
 .debug_str     0x00000000000ead6d      0x209 Drivers/STM32L4xx_HAL_Driver/Src/stm32l4xx_hal_exti.o
                                      0xe4173 (size before relaxing)
 .debug_str     0x00000000000eaf76      0x1ef Drivers/STM32L4xx_HAL_Driver/Src/stm32l4xx_hal_gpio.o
                                      0xe4308 (size before relaxing)
 .debug_str     0x00000000000eb165      0xd49 Drivers/STM32L4xx_HAL_Driver/Src/stm32l4xx_hal_i2c.o
                                      0xe519a (size before relaxing)
 .debug_str     0x00000000000ebeae       0xb8 Drivers/STM32L4xx_HAL_Driver/Src/stm32l4xx_hal_i2c_ex.o
                                      0xe4592 (size before relaxing)
 .debug_str     0x00000000000ebf66      0x4b4 Drivers/STM32L4xx_HAL_Driver/Src/stm32l4xx_hal_pwr_ex.o
                                      0xe45a4 (size before relaxing)
 .debug_str     0x00000000000ec41a      0x3aa Drivers/STM32L4xx_HAL_Driver/Src/stm32l4xx_hal_rcc.o
                                      0xe464b (size before relaxing)
 .debug_str     0x00000000000ec7c4      0x3a6 Drivers/STM32L4xx_HAL_Driver/Src/stm32l4xx_hal_rcc_ex.o
                                      0xe47dc (size before relaxing)
 .debug_str     0x00000000000ecb6a      0x571 Drivers/STM32L4xx_HAL_Driver/Src/stm32l4xx_hal_spi.o
                                      0xe483c (size before relaxing)
 .debug_str     0x00000000000ed0db      0x88b Drivers/STM32L4xx_HAL_Driver/Src/stm32l4xx_hal_uart.o
                                      0xe4ccd (size before relaxing)
 .debug_str     0x00000000000ed966      0x538 Drivers/max30102/MAX30102.o
                                      0xe5b95 (size before relaxing)
 .debug_str     0x00000000000ede9e      0x2e2 Drivers/max30102/algorithm.o
                                      0xe5731 (size before relaxing)
 .debug_str     0x00000000000ee180      0x144 Drivers/max30102/max30102.o
                                       0x769e (size before relaxing)
 .debug_str     0x00000000000ee2c4      0x151 Drivers/sx1508b/sx1508b.o
                                       0x78d4 (size before relaxing)

.comment        0x0000000000000000       0x53
 .comment       0x0000000000000000       0x53 BlueNRG_MS/Target/hci_tl_interface.o
                                         0x54 (size before relaxing)
 .comment       0x0000000000000053       0x54 Core/Src/main.o
 .comment       0x0000000000000053       0x54 Core/Src/stm32l4xx_hal_msp.o
 .comment       0x0000000000000053       0x54 Core/Src/stm32l4xx_it.o
 .comment       0x0000000000000053       0x54 Core/Src/sysmem.o
 .comment       0x0000000000000053       0x54 Core/Src/system_stm32l4xx.o
 .comment       0x0000000000000053       0x54 Drivers/STM32L4xx_HAL_Driver/Src/stm32l4xx_hal.o
 .comment       0x0000000000000053       0x54 Drivers/STM32L4xx_HAL_Driver/Src/stm32l4xx_hal_cortex.o
 .comment       0x0000000000000053       0x54 Drivers/STM32L4xx_HAL_Driver/Src/stm32l4xx_hal_exti.o
 .comment       0x0000000000000053       0x54 Drivers/STM32L4xx_HAL_Driver/Src/stm32l4xx_hal_gpio.o
 .comment       0x0000000000000053       0x54 Drivers/STM32L4xx_HAL_Driver/Src/stm32l4xx_hal_i2c.o
 .comment       0x0000000000000053       0x54 Drivers/STM32L4xx_HAL_Driver/Src/stm32l4xx_hal_i2c_ex.o
 .comment       0x0000000000000053       0x54 Drivers/STM32L4xx_HAL_Driver/Src/stm32l4xx_hal_pwr_ex.o
 .comment       0x0000000000000053       0x54 Drivers/STM32L4xx_HAL_Driver/Src/stm32l4xx_hal_rcc.o
 .comment       0x0000000000000053       0x54 Drivers/STM32L4xx_HAL_Driver/Src/stm32l4xx_hal_rcc_ex.o
 .comment       0x0000000000000053       0x54 Drivers/STM32L4xx_HAL_Driver/Src/stm32l4xx_hal_spi.o
 .comment       0x0000000000000053       0x54 Drivers/STM32L4xx_HAL_Driver/Src/stm32l4xx_hal_uart.o
 .comment       0x0000000000000053       0x54 Drivers/max30102/MAX30102.o
 .comment       0x0000000000000053       0x54 Drivers/max30102/algorithm.o
 .comment       0x0000000000000053       0x54 Drivers/max30102/max30102.o
 .comment       0x0000000000000053       0x54 Drivers/sx1508b/sx1508b.o

.debug_frame    0x0000000000000000     0x47ec
 .debug_frame   0x0000000000000000      0x110 BlueNRG_MS/Target/hci_tl_interface.o
 .debug_frame   0x0000000000000110      0x250 Core/Src/main.o
 .debug_frame   0x0000000000000360      0x110 Core/Src/stm32l4xx_hal_msp.o
 .debug_frame   0x0000000000000470      0x120 Core/Src/stm32l4xx_it.o
 .debug_frame   0x0000000000000590       0x34 Core/Src/sysmem.o
 .debug_frame   0x00000000000005c4       0x58 Core/Src/system_stm32l4xx.o
 .debug_frame   0x000000000000061c      0x498 Drivers/STM32L4xx_HAL_Driver/Src/stm32l4xx_hal.o
 .debug_frame   0x0000000000000ab4      0x498 Drivers/STM32L4xx_HAL_Driver/Src/stm32l4xx_hal_cortex.o
 .debug_frame   0x0000000000000f4c      0x174 Drivers/STM32L4xx_HAL_Driver/Src/stm32l4xx_hal_exti.o
 .debug_frame   0x00000000000010c0      0x14c Drivers/STM32L4xx_HAL_Driver/Src/stm32l4xx_hal_gpio.o
 .debug_frame   0x000000000000120c      0xbe8 Drivers/STM32L4xx_HAL_Driver/Src/stm32l4xx_hal_i2c.o
 .debug_frame   0x0000000000001df4      0x100 Drivers/STM32L4xx_HAL_Driver/Src/stm32l4xx_hal_i2c_ex.o
 .debug_frame   0x0000000000001ef4      0x544 Drivers/STM32L4xx_HAL_Driver/Src/stm32l4xx_hal_pwr_ex.o
 .debug_frame   0x0000000000002438      0x1f4 Drivers/STM32L4xx_HAL_Driver/Src/stm32l4xx_hal_rcc.o
 .debug_frame   0x000000000000262c      0x2fc Drivers/STM32L4xx_HAL_Driver/Src/stm32l4xx_hal_rcc_ex.o
 .debug_frame   0x0000000000002928      0x860 Drivers/STM32L4xx_HAL_Driver/Src/stm32l4xx_hal_spi.o
 .debug_frame   0x0000000000003188      0x9e4 Drivers/STM32L4xx_HAL_Driver/Src/stm32l4xx_hal_uart.o
 .debug_frame   0x0000000000003b6c      0x3f8 Drivers/max30102/MAX30102.o
 .debug_frame   0x0000000000003f64       0xfc Drivers/max30102/algorithm.o
 .debug_frame   0x0000000000004060      0x148 Drivers/max30102/max30102.o
 .debug_frame   0x00000000000041a8      0x1a0 Drivers/sx1508b/sx1508b.o
 .debug_frame   0x0000000000004348       0x20 /opt/stm32cubeide/plugins/com.st.stm32cube.ide.mcu.externaltools.gnu-tools-for-stm32.9-2020-q2-update.linux64_1.5.0.202011040924/tools/bin/../lib/gcc/arm-none-eabi/9.3.1/../../../../arm-none-eabi/lib/thumb/v7e-m+fp/hard/libc_nano.a(lib_a-errno.o)
 .debug_frame   0x0000000000004368       0x2c /opt/stm32cubeide/plugins/com.st.stm32cube.ide.mcu.externaltools.gnu-tools-for-stm32.9-2020-q2-update.linux64_1.5.0.202011040924/tools/bin/../lib/gcc/arm-none-eabi/9.3.1/../../../../arm-none-eabi/lib/thumb/v7e-m+fp/hard/libc_nano.a(lib_a-init.o)
 .debug_frame   0x0000000000004394       0x28 /opt/stm32cubeide/plugins/com.st.stm32cube.ide.mcu.externaltools.gnu-tools-for-stm32.9-2020-q2-update.linux64_1.5.0.202011040924/tools/bin/../lib/gcc/arm-none-eabi/9.3.1/../../../../arm-none-eabi/lib/thumb/v7e-m+fp/hard/libc_nano.a(lib_a-memcpy-stub.o)
 .debug_frame   0x00000000000043bc       0x20 /opt/stm32cubeide/plugins/com.st.stm32cube.ide.mcu.externaltools.gnu-tools-for-stm32.9-2020-q2-update.linux64_1.5.0.202011040924/tools/bin/../lib/gcc/arm-none-eabi/9.3.1/../../../../arm-none-eabi/lib/thumb/v7e-m+fp/hard/libc_nano.a(lib_a-memset.o)
 .debug_frame   0x00000000000043dc       0x6c /opt/stm32cubeide/plugins/com.st.stm32cube.ide.mcu.externaltools.gnu-tools-for-stm32.9-2020-q2-update.linux64_1.5.0.202011040924/tools/bin/../lib/gcc/arm-none-eabi/9.3.1/../../../../arm-none-eabi/lib/thumb/v7e-m+fp/hard/libc_nano.a(lib_a-sprintf.o)
 .debug_frame   0x0000000000004448       0x90 /opt/stm32cubeide/plugins/com.st.stm32cube.ide.mcu.externaltools.gnu-tools-for-stm32.9-2020-q2-update.linux64_1.5.0.202011040924/tools/bin/../lib/gcc/arm-none-eabi/9.3.1/../../../../arm-none-eabi/lib/thumb/v7e-m+fp/hard/libc_nano.a(lib_a-nano-svfprintf.o)
 .debug_frame   0x00000000000044d8       0x60 /opt/stm32cubeide/plugins/com.st.stm32cube.ide.mcu.externaltools.gnu-tools-for-stm32.9-2020-q2-update.linux64_1.5.0.202011040924/tools/bin/../lib/gcc/arm-none-eabi/9.3.1/../../../../arm-none-eabi/lib/thumb/v7e-m+fp/hard/libc_nano.a(lib_a-nano-vfprintf_i.o)
 .debug_frame   0x0000000000004538       0x28 /opt/stm32cubeide/plugins/com.st.stm32cube.ide.mcu.externaltools.gnu-tools-for-stm32.9-2020-q2-update.linux64_1.5.0.202011040924/tools/bin/../lib/gcc/arm-none-eabi/9.3.1/../../../../arm-none-eabi/lib/thumb/v7e-m+fp/hard/libc_nano.a(lib_a-memmove.o)
 .debug_frame   0x0000000000004560       0x38 /opt/stm32cubeide/plugins/com.st.stm32cube.ide.mcu.externaltools.gnu-tools-for-stm32.9-2020-q2-update.linux64_1.5.0.202011040924/tools/bin/../lib/gcc/arm-none-eabi/9.3.1/../../../../arm-none-eabi/lib/thumb/v7e-m+fp/hard/libc_nano.a(lib_a-nano-freer.o)