main.c:101:6:UART2_SendString	16	static
main.c:111:5:main	16	static
main.c:201:6:SystemClock_Config	232	static
main.c:255:13:MX_I2C3_Init	8	static
main.c:298:13:MX_SPI2_Init	8	static
main.c:336:13:MX_USART1_UART_Init	8	static
main.c:369:13:MX_GPIO_Init	48	static
main.c:454:6:flashLED	16	static
main.c:463:6:sx1508b_configure	16	static
main.c:483:19:i2c_read	40	static
main.c:501:19:i2c_write	40	static
main.c:519:6:max30102_read	24	static
main.c:535:6:max30102_readInterruptPin	16	static
main.c:546:6:max30102_write	24	static
main.c:563:6:sx1508b_read	24	static
main.c:580:6:sx1508b_write	24	static
main.c:597:6:Error_Handler	4	static,ignoring_inline_asm
