main.c:101:6:UART2_SendString	16	static
main.c:111:5:main	16	static
main.c:199:6:SystemClock_Config	232	static
main.c:253:13:MX_I2C3_Init	8	static
main.c:296:13:MX_SPI2_Init	8	static
main.c:334:13:MX_USART1_UART_Init	8	static
main.c:367:13:MX_GPIO_Init	48	static
main.c:452:6:flashLED	16	static
main.c:461:6:sx1508b_configure	16	static
main.c:481:19:i2c_read	40	static
main.c:499:19:i2c_write	40	static
main.c:517:6:max30102_read	24	static
main.c:533:6:max30102_readInterruptPin	16	static
main.c:544:6:max30102_write	24	static
main.c:561:6:sx1508b_read	24	static
main.c:578:6:sx1508b_write	24	static
main.c:595:6:Error_Handler	4	static,ignoring_inline_asm
